=== batch 8: unplaced wide moves (--wide-w W: tail rows with more than W literals stay residual in rho*, answer in delta) with the current-term rule; --wide-w 0 makes every move unplaced, --wide-w 1 mixes placed one-literal rows with unplaced two-literal rows
=== --tree compact --fill-domain notail --code-rule current --reveal-slots --wide-w 0 --L2 2 --e 1 --w 1 --h 2 --labels 2 --seed 1
|Phi_e| = 2016, fillings per restriction at most 6, pairs at most 12096
{"L": 3, "L2": 2, "n": 8, "N": 4, "e": 1, "w": 1, "h": 2, "seed": 1, "labels": 2, "hole_always": false, "encoding": "node", "fill_domain": "notail", "pin_test": false, "skip_killed": false, "code_rule": "current", "reveal_slots": true, "wide_w": 0, "tree": "compact", "two_role": false, "two_role_example": false, "two_role_example2": false, "dense_example": false, "X": [6, 7], "pairs": 6720, "G": 6720, "bad": 5862, "bad_G": 5862, "rich_G": 5862, "rich_offG": 0, "fail_G": 0, "fail_offG": 0, "max_height": 2, "xcur_ok": 0, "xcur_fail": 0, "noxcur_fail": 0, "rich_moves_G": 990, "rich_moves_offG": 0, "fail_moves": 0}
exit 0
=== --tree compact --fill-domain notail --code-rule current --reveal-slots --wide-w 0 --L2 2 --e 2 --w 1 --h 3 --labels 2 --seed 3
|Phi_e| = 432, fillings per restriction at most 42, pairs at most 18144
{"L": 3, "L2": 2, "n": 8, "N": 4, "e": 2, "w": 1, "h": 3, "seed": 3, "labels": 2, "hole_always": false, "encoding": "node", "fill_domain": "notail", "pin_test": false, "skip_killed": false, "code_rule": "current", "reveal_slots": true, "wide_w": 0, "tree": "compact", "two_role": false, "two_role_example": false, "two_role_example2": false, "dense_example": false, "X": [4, 7], "pairs": 5040, "G": 5040, "bad": 2538, "bad_G": 2538, "rich_G": 2538, "rich_offG": 0, "fail_G": 0, "fail_offG": 0, "max_height": 3, "xcur_ok": 0, "xcur_fail": 0, "noxcur_fail": 0, "rich_moves_G": 2532, "rich_moves_offG": 0, "fail_moves": 0}
exit 0
=== --tree compact --fill-domain notail --code-rule current --reveal-slots --wide-w 0 --L2 2 --e 2 --w 1 --h 3 --labels 0 --seed 4
|Phi_e| = 432, fillings per restriction at most 42, pairs at most 18144
{"L": 3, "L2": 2, "n": 8, "N": 4, "e": 2, "w": 1, "h": 3, "seed": 4, "labels": 0, "hole_always": false, "encoding": "node", "fill_domain": "notail", "pin_test": false, "skip_killed": false, "code_rule": "current", "reveal_slots": true, "wide_w": 0, "tree": "compact", "two_role": false, "two_role_example": false, "two_role_example2": false, "dense_example": false, "X": [1, 2, 3, 4], "pairs": 7560, "G": 1260, "bad": 3318, "bad_G": 568, "rich_G": 568, "rich_offG": 2750, "fail_G": 0, "fail_offG": 0, "max_height": 3, "xcur_ok": 0, "xcur_fail": 0, "noxcur_fail": 0, "rich_moves_G": 568, "rich_moves_offG": 2750, "fail_moves": 0}
exit 0
=== --tree compact --fill-domain notail --code-rule current --reveal-slots --wide-w 0 --L2 2 --e 2 --w 2 --h 3 --labels 2 --seed 5 --terms 8 --pinned-rows 4
|Phi_e| = 432, fillings per restriction at most 42, pairs at most 18144
{"L": 3, "L2": 2, "n": 8, "N": 4, "e": 2, "w": 2, "h": 3, "seed": 5, "labels": 2, "hole_always": false, "encoding": "node", "fill_domain": "notail", "pin_test": false, "skip_killed": false, "code_rule": "current", "reveal_slots": true, "wide_w": 0, "tree": "compact", "two_role": false, "two_role_example": false, "two_role_example2": false, "dense_example": false, "X": [0, 2], "pairs": 3024, "G": 1512, "bad": 2099, "bad_G": 1102, "rich_G": 1102, "rich_offG": 997, "fail_G": 0, "fail_offG": 0, "max_height": 3, "xcur_ok": 0, "xcur_fail": 0, "noxcur_fail": 0, "rich_moves_G": 1102, "rich_moves_offG": 997, "fail_moves": 0}
exit 0
=== --tree compact --fill-domain notail --code-rule current --reveal-slots --wide-w 0 --L2 2 --e 2 --w 1 --h 4 --labels 2 --seed 7 --terms 8 --pinned-rows 5
|Phi_e| = 432, fillings per restriction at most 42, pairs at most 18144
{"L": 3, "L2": 2, "n": 8, "N": 4, "e": 2, "w": 1, "h": 4, "seed": 7, "labels": 2, "hole_always": false, "encoding": "node", "fill_domain": "notail", "pin_test": false, "skip_killed": false, "code_rule": "current", "reveal_slots": true, "wide_w": 0, "tree": "compact", "two_role": false, "two_role_example": false, "two_role_example2": false, "dense_example": false, "X": [4, 5], "pairs": 5040, "G": 2520, "bad": 894, "bad_G": 516, "rich_G": 516, "rich_offG": 378, "fail_G": 0, "fail_offG": 0, "max_height": 4, "xcur_ok": 0, "xcur_fail": 0, "noxcur_fail": 0, "rich_moves_G": 516, "rich_moves_offG": 378, "fail_moves": 0}
exit 0
=== --tree compact --fill-domain notail --code-rule current --reveal-slots --wide-w 0 --L2 2 --e 2 --w 2 --h 4 --labels 3 --seed 8 --terms 9 --pinned-rows 4 --tail-rows 3
|Phi_e| = 432, fillings per restriction at most 42, pairs at most 18144
{"L": 3, "L2": 2, "n": 8, "N": 4, "e": 2, "w": 2, "h": 4, "seed": 8, "labels": 3, "hole_always": false, "encoding": "node", "fill_domain": "notail", "pin_test": false, "skip_killed": false, "code_rule": "current", "reveal_slots": true, "wide_w": 0, "tree": "compact", "two_role": false, "two_role_example": false, "two_role_example2": false, "dense_example": false, "X": [1, 6, 7], "pairs": 3024, "G": 504, "bad": 836, "bad_G": 100, "rich_G": 100, "rich_offG": 736, "fail_G": 0, "fail_offG": 0, "max_height": 4, "xcur_ok": 0, "xcur_fail": 0, "noxcur_fail": 0, "rich_moves_G": 100, "rich_moves_offG": 736, "fail_moves": 0}
exit 0
=== --tree compact --fill-domain notail --code-rule current --reveal-slots --wide-w 0 --L2 2 --e 2 --w 1 --h 3 --labels 0 --seed 10 --terms 7 --pinned-rows 5
|Phi_e| = 432, fillings per restriction at most 42, pairs at most 18144
{"L": 3, "L2": 2, "n": 8, "N": 4, "e": 2, "w": 1, "h": 3, "seed": 10, "labels": 0, "hole_always": false, "encoding": "node", "fill_domain": "notail", "pin_test": false, "skip_killed": false, "code_rule": "current", "reveal_slots": true, "wide_w": 0, "tree": "compact", "two_role": false, "two_role_example": false, "two_role_example2": false, "dense_example": false, "X": [2, 4, 5, 7], "pairs": 5040, "G": 840, "bad": 2996, "bad_G": 510, "rich_G": 510, "rich_offG": 2486, "fail_G": 0, "fail_offG": 0, "max_height": 3, "xcur_ok": 0, "xcur_fail": 0, "noxcur_fail": 0, "rich_moves_G": 510, "rich_moves_offG": 2470, "fail_moves": 0}
exit 0
=== --tree compact --fill-domain notail --code-rule current --reveal-slots --wide-w 1 --L2 2 --e 2 --w 2 --h 3 --labels 2 --seed 5 --terms 8 --pinned-rows 4
|Phi_e| = 432, fillings per restriction at most 42, pairs at most 18144
{"L": 3, "L2": 2, "n": 8, "N": 4, "e": 2, "w": 2, "h": 3, "seed": 5, "labels": 2, "hole_always": false, "encoding": "node", "fill_domain": "notail", "pin_test": false, "skip_killed": false, "code_rule": "current", "reveal_slots": true, "wide_w": 1, "tree": "compact", "two_role": false, "two_role_example": false, "two_role_example2": false, "dense_example": false, "X": [0, 2], "pairs": 3024, "G": 1512, "bad": 2099, "bad_G": 1102, "rich_G": 916, "rich_offG": 765, "fail_G": 0, "fail_offG": 0, "max_height": 3, "xcur_ok": 0, "xcur_fail": 0, "noxcur_fail": 0, "rich_moves_G": 916, "rich_moves_offG": 765, "fail_moves": 0}
exit 0
=== --tree compact --fill-domain notail --code-rule current --reveal-slots --wide-w 1 --L2 2 --e 2 --w 2 --h 4 --labels 3 --seed 8 --terms 9 --pinned-rows 4 --tail-rows 3
|Phi_e| = 432, fillings per restriction at most 42, pairs at most 18144
{"L": 3, "L2": 2, "n": 8, "N": 4, "e": 2, "w": 2, "h": 4, "seed": 8, "labels": 3, "hole_always": false, "encoding": "node", "fill_domain": "notail", "pin_test": false, "skip_killed": false, "code_rule": "current", "reveal_slots": true, "wide_w": 1, "tree": "compact", "two_role": false, "two_role_example": false, "two_role_example2": false, "dense_example": false, "X": [1, 6, 7], "pairs": 3024, "G": 504, "bad": 836, "bad_G": 100, "rich_G": 68, "rich_offG": 366, "fail_G": 0, "fail_offG": 0, "max_height": 4, "xcur_ok": 0, "xcur_fail": 0, "noxcur_fail": 0, "rich_moves_G": 68, "rich_moves_offG": 366, "fail_moves": 0}
exit 0
=== --tree compact --fill-domain notail --code-rule current --reveal-slots --wide-w 1 --L2 2 --e 2 --w 2 --h 3 --labels 0 --seed 13 --terms 8 --pinned-rows 4
|Phi_e| = 432, fillings per restriction at most 42, pairs at most 18144
{"L": 3, "L2": 2, "n": 8, "N": 4, "e": 2, "w": 2, "h": 3, "seed": 13, "labels": 0, "hole_always": false, "encoding": "node", "fill_domain": "notail", "pin_test": false, "skip_killed": false, "code_rule": "current", "reveal_slots": true, "wide_w": 1, "tree": "compact", "two_role": false, "two_role_example": false, "two_role_example2": false, "dense_example": false, "X": [2, 3, 4, 6, 7], "pairs": 3024, "G": 0, "bad": 1125, "bad_G": 0, "rich_G": 0, "rich_offG": 1075, "fail_G": 0, "fail_offG": 0, "max_height": 3, "xcur_ok": 0, "xcur_fail": 0, "noxcur_fail": 0, "rich_moves_G": 0, "rich_moves_offG": 1075, "fail_moves": 0}
exit 0
=== --tree compact --fill-domain notail --code-rule current --reveal-slots --wide-w 1 --L2 2 --e 2 --w 2 --h 3 --labels 2 --seed 14 --terms 9 --pinned-rows 5 --tail-rows 3
|Phi_e| = 432, fillings per restriction at most 42, pairs at most 18144
{"L": 3, "L2": 2, "n": 8, "N": 4, "e": 2, "w": 2, "h": 3, "seed": 14, "labels": 2, "hole_always": false, "encoding": "node", "fill_domain": "notail", "pin_test": false, "skip_killed": false, "code_rule": "current", "reveal_slots": true, "wide_w": 1, "tree": "compact", "two_role": false, "two_role_example": false, "two_role_example2": false, "dense_example": false, "X": [3, 4], "pairs": 5040, "G": 2520, "bad": 3230, "bad_G": 1744, "rich_G": 1264, "rich_offG": 1075, "fail_G": 0, "fail_offG": 0, "max_height": 3, "xcur_ok": 0, "xcur_fail": 0, "noxcur_fail": 0, "rich_moves_G": 1264, "rich_moves_offG": 1075, "fail_moves": 0}
exit 0
=== --tree compact --fill-domain notail --code-rule current-two-role --reveal-slots --wide-w 0 --L2 2 --two-role-example --e 2 --w 1 --h 3
|Phi_e| = 432, fillings per restriction at most 42, pairs at most 18144
{"L": 3, "L2": 2, "n": 8, "N": 4, "e": 2, "w": 1, "h": 3, "seed": 20260918, "labels": 0, "hole_always": false, "encoding": "node", "fill_domain": "notail", "pin_test": false, "skip_killed": false, "code_rule": "current-two-role", "reveal_slots": true, "wide_w": 0, "tree": "compact", "two_role": true, "two_role_example": true, "two_role_example2": false, "dense_example": false, "X": [0, 2], "pairs": 7560, "G": 7560, "bad": 5040, "bad_G": 5040, "rich_G": 5040, "rich_offG": 0, "fail_G": 0, "fail_offG": 0, "max_height": 3, "xcur_ok": 0, "xcur_fail": 0, "noxcur_fail": 0, "rich_moves_G": 5040, "rich_moves_offG": 0, "fail_moves": 0}
exit 0
=== --tree compact --fill-domain notail --code-rule current-two-role --reveal-slots --wide-w 0 --L2 2 --two-role-example2 --e 2 --w 1 --h 3
|Phi_e| = 432, fillings per restriction at most 42, pairs at most 18144
{"L": 3, "L2": 2, "n": 8, "N": 4, "e": 2, "w": 1, "h": 3, "seed": 20260918, "labels": 0, "hole_always": false, "encoding": "node", "fill_domain": "notail", "pin_test": false, "skip_killed": false, "code_rule": "current-two-role", "reveal_slots": true, "wide_w": 0, "tree": "compact", "two_role": true, "two_role_example": false, "two_role_example2": true, "dense_example": false, "X": [0, 1], "pairs": 7560, "G": 3780, "bad": 3380, "bad_G": 1660, "rich_G": 1660, "rich_offG": 1720, "fail_G": 0, "fail_offG": 0, "max_height": 3, "xcur_ok": 0, "xcur_fail": 0, "noxcur_fail": 0, "rich_moves_G": 1660, "rich_moves_offG": 1720, "fail_moves": 0}
exit 0
=== --tree compact --fill-domain notail --code-rule current-two-role --reveal-slots --wide-w 0 --L2 2 --two-role --labels 2 --seed 22 --e 2 --w 1 --h 3 --terms 8 --pinned-rows 5
|Phi_e| = 432, fillings per restriction at most 42, pairs at most 18144
{"L": 3, "L2": 2, "n": 8, "N": 4, "e": 2, "w": 1, "h": 3, "seed": 22, "labels": 2, "hole_always": false, "encoding": "node", "fill_domain": "notail", "pin_test": false, "skip_killed": false, "code_rule": "current-two-role", "reveal_slots": true, "wide_w": 0, "tree": "compact", "two_role": true, "two_role_example": false, "two_role_example2": false, "dense_example": false, "X": [1, 7], "pairs": 1512, "G": 756, "bad": 770, "bad_G": 420, "rich_G": 420, "rich_offG": 350, "fail_G": 0, "fail_offG": 0, "max_height": 3, "xcur_ok": 0, "xcur_fail": 0, "noxcur_fail": 0, "rich_moves_G": 420, "rich_moves_offG": 350, "fail_moves": 0}
exit 0
=== batch 8 done
