=== batch 6: --tree compact --fill-domain notail --code-rule own-two-role, two-role readers (the recorded two-role example and random two-role readers)
=== --tree compact --fill-domain notail --code-rule own-two-role --L2 2 --two-role-example --e 1 --w 1 --h 2
|Phi_e| = 2016, fillings per restriction at most 6, pairs at most 12096
{"L": 3, "L2": 2, "n": 8, "N": 4, "e": 1, "w": 1, "h": 2, "seed": 20260918, "labels": 0, "hole_always": false, "encoding": "node", "fill_domain": "notail", "pin_test": false, "skip_killed": false, "code_rule": "own-two-role", "tree": "compact", "two_role": true, "two_role_example": true, "X": [0, 2], "pairs": 8064, "G": 8064, "bad": 4980, "bad_G": 4980, "rich_G": 2100, "rich_offG": 0, "fail_G": 0, "fail_offG": 0, "max_height": 2}
Exit 0; log: research/logs/two_role_compact_20260918_209-d3e537bd0a.output.txt
=== --tree compact --fill-domain notail --code-rule own-two-role --L2 2 --two-role-example --e 2 --w 1 --h 2
|Phi_e| = 432, fillings per restriction at most 42, pairs at most 18144
{"L": 3, "L2": 2, "n": 8, "N": 4, "e": 2, "w": 1, "h": 2, "seed": 20260918, "labels": 0, "hole_always": false, "encoding": "node", "fill_domain": "notail", "pin_test": false, "skip_killed": false, "code_rule": "own-two-role", "tree": "compact", "two_role": true, "two_role_example": true, "X": [0, 2], "pairs": 7560, "G": 7560, "bad": 5160, "bad_G": 5160, "rich_G": 1560, "rich_offG": 0, "fail_G": 0, "fail_offG": 0, "max_height": 2}
Exit 0; log: research/logs/two_role_compact_20260918_209-c2ec905ea0.output.txt
=== --tree compact --fill-domain notail --code-rule own-two-role --L2 2 --two-role-example --e 2 --w 1 --h 3
|Phi_e| = 432, fillings per restriction at most 42, pairs at most 18144
{"L": 3, "L2": 2, "n": 8, "N": 4, "e": 2, "w": 1, "h": 3, "seed": 20260918, "labels": 0, "hole_always": false, "encoding": "node", "fill_domain": "notail", "pin_test": false, "skip_killed": false, "code_rule": "own-two-role", "tree": "compact", "two_role": true, "two_role_example": true, "X": [0, 2], "pairs": 7560, "G": 7560, "bad": 5040, "bad_G": 5040, "rich_G": 1320, "rich_offG": 0, "fail_G": 0, "fail_offG": 0, "max_height": 3}
Exit 0; log: research/logs/two_role_compact_20260918_209-7fcc81b546.output.txt
=== --tree compact --fill-domain notail --code-rule own-two-role --L2 2 --two-role --labels 0 --seed 21 --e 2 --w 1 --h 3 --terms 8 --pinned-rows 4
|Phi_e| = 432, fillings per restriction at most 42, pairs at most 18144
{"L": 3, "L2": 2, "n": 8, "N": 4, "e": 2, "w": 1, "h": 3, "seed": 21, "labels": 0, "hole_always": false, "encoding": "node", "fill_domain": "notail", "pin_test": false, "skip_killed": false, "code_rule": "own-two-role", "tree": "compact", "two_role": true, "two_role_example": false, "X": [1, 2, 3, 6], "pairs": 1512, "G": 252, "bad": 587, "bad_G": 162, "rich_G": 0, "rich_offG": 13, "fail_G": 0, "fail_offG": 0, "max_height": 3}
Exit 0; log: research/logs/two_role_compact_20260918_209-d3974b90ea.output.txt
=== --tree compact --fill-domain notail --code-rule own-two-role --L2 2 --two-role --labels 2 --seed 22 --e 2 --w 1 --h 3 --terms 8 --pinned-rows 5
|Phi_e| = 432, fillings per restriction at most 42, pairs at most 18144
{"L": 3, "L2": 2, "n": 8, "N": 4, "e": 2, "w": 1, "h": 3, "seed": 22, "labels": 2, "hole_always": false, "encoding": "node", "fill_domain": "notail", "pin_test": false, "skip_killed": false, "code_rule": "own-two-role", "tree": "compact", "two_role": true, "two_role_example": false, "X": [1, 7], "pairs": 1512, "G": 756, "bad": 770, "bad_G": 420, "rich_G": 322, "rich_offG": 304, "fail_G": 0, "fail_offG": 0, "max_height": 3}
Exit 0; log: research/logs/two_role_compact_20260918_209-0e45433e09.output.txt
=== --tree compact --fill-domain notail --code-rule own-two-role --L2 2 --two-role --labels 3 --seed 23 --e 2 --w 1 --h 3 --terms 9 --pinned-rows 5
|Phi_e| = 432, fillings per restriction at most 42, pairs at most 18144
{"L": 3, "L2": 2, "n": 8, "N": 4, "e": 2, "w": 1, "h": 3, "seed": 23, "labels": 3, "hole_always": false, "encoding": "node", "fill_domain": "notail", "pin_test": false, "skip_killed": false, "code_rule": "own-two-role", "tree": "compact", "two_role": true, "two_role_example": false, "X": [1, 2, 5], "pairs": 504, "G": 252, "bad": 358, "bad_G": 216, "rich_G": 106, "rich_offG": 65, "fail_G": 0, "fail_offG": 0, "max_height": 3}
Exit 0; log: research/logs/two_role_compact_20260918_209-ee5c401c76.output.txt
=== --tree compact --fill-domain notail --code-rule own-two-role --L2 2 --two-role --labels 0 --seed 24 --e 2 --w 2 --h 3 --terms 9 --pinned-rows 5
|Phi_e| = 432, fillings per restriction at most 42, pairs at most 18144
{"L": 3, "L2": 2, "n": 8, "N": 4, "e": 2, "w": 2, "h": 3, "seed": 24, "labels": 0, "hole_always": false, "encoding": "node", "fill_domain": "notail", "pin_test": false, "skip_killed": false, "code_rule": "own-two-role", "tree": "compact", "two_role": true, "two_role_example": false, "X": [0, 2, 3, 4], "pairs": 1512, "G": 0, "bad": 1192, "bad_G": 0, "rich_G": 0, "rich_offG": 35, "fail_G": 0, "fail_offG": 0, "max_height": 3}
Exit 0; log: research/logs/two_role_compact_20260918_209-f9a3fa9ba3.output.txt
=== --tree compact --fill-domain notail --code-rule own-two-role --L2 2 --two-role --labels 2 --seed 25 --e 2 --w 1 --h 4 --terms 10 --pinned-rows 6
|Phi_e| = 432, fillings per restriction at most 42, pairs at most 18144
{"L": 3, "L2": 2, "n": 8, "N": 4, "e": 2, "w": 1, "h": 4, "seed": 25, "labels": 2, "hole_always": false, "encoding": "node", "fill_domain": "notail", "pin_test": false, "skip_killed": false, "code_rule": "own-two-role", "tree": "compact", "two_role": true, "two_role_example": false, "X": [1, 4], "pairs": 0, "G": 0, "bad": 0, "bad_G": 0, "rich_G": 0, "rich_offG": 0, "fail_G": 0, "fail_offG": 0, "max_height": 0}
Exit 0; log: research/logs/two_role_compact_20260918_209-18e212a288.output.txt
=== --tree compact --fill-domain notail --code-rule own-two-role --L2 2 --two-role --labels 2 --seed 26 --e 2 --w 1 --h 3 --terms 7 --pinned-rows 3 --tail-rows 3
|Phi_e| = 432, fillings per restriction at most 42, pairs at most 18144
{"L": 3, "L2": 2, "n": 8, "N": 4, "e": 2, "w": 1, "h": 3, "seed": 26, "labels": 2, "hole_always": false, "encoding": "node", "fill_domain": "notail", "pin_test": false, "skip_killed": false, "code_rule": "own-two-role", "tree": "compact", "two_role": true, "two_role_example": false, "X": [1, 6], "pairs": 5040, "G": 840, "bad": 1665, "bad_G": 264, "rich_G": 0, "rich_offG": 0, "fail_G": 0, "fail_offG": 0, "max_height": 3}
Exit 0; log: research/logs/two_role_compact_20260918_209-362ad2c970.output.txt
=== controls: --code-rule own (no exclusion of the moved row's own pinned labels; failures expected)
=== --tree compact --fill-domain notail --code-rule own --L2 2 --two-role-example --e 2 --w 1 --h 3
|Phi_e| = 432, fillings per restriction at most 42, pairs at most 18144
{"L": 3, "L2": 2, "n": 8, "N": 4, "e": 2, "w": 1, "h": 3, "seed": 20260918, "labels": 0, "hole_always": false, "encoding": "node", "fill_domain": "notail", "pin_test": false, "skip_killed": false, "code_rule": "own", "tree": "compact", "two_role": true, "two_role_example": true, "X": [0, 2], "pairs": 7560, "G": 7560, "bad": 5040, "bad_G": 5040, "rich_G": 1320, "rich_offG": 0, "fail_G": 0, "fail_offG": 0, "max_height": 3}
Exit 0; log: research/logs/two_role_compact_20260918_209-ea620d9910.output.txt
=== --tree compact --fill-domain notail --code-rule own --L2 2 --two-role --labels 2 --seed 22 --e 2 --w 1 --h 3 --terms 8 --pinned-rows 5
|Phi_e| = 432, fillings per restriction at most 42, pairs at most 18144
{"L": 3, "L2": 2, "n": 8, "N": 4, "e": 2, "w": 1, "h": 3, "seed": 22, "labels": 2, "hole_always": false, "encoding": "node", "fill_domain": "notail", "pin_test": false, "skip_killed": false, "code_rule": "own", "tree": "compact", "two_role": true, "two_role_example": false, "X": [1, 7], "pairs": 1512, "G": 756, "bad": 770, "bad_G": 420, "rich_G": 322, "rich_offG": 304, "fail_G": 0, "fail_offG": 0, "max_height": 3}
Exit 0; log: research/logs/two_role_compact_20260918_209-0bc312be86.output.txt
=== --tree compact --fill-domain notail --code-rule own --L2 2 --two-role --labels 2 --seed 25 --e 2 --w 1 --h 4 --terms 10 --pinned-rows 6
|Phi_e| = 432, fillings per restriction at most 42, pairs at most 18144
{"L": 3, "L2": 2, "n": 8, "N": 4, "e": 2, "w": 1, "h": 4, "seed": 25, "labels": 2, "hole_always": false, "encoding": "node", "fill_domain": "notail", "pin_test": false, "skip_killed": false, "code_rule": "own", "tree": "compact", "two_role": true, "two_role_example": false, "X": [1, 4], "pairs": 0, "G": 0, "bad": 0, "bad_G": 0, "rich_G": 0, "rich_offG": 0, "fail_G": 0, "fail_offG": 0, "max_height": 0}
Exit 0; log: research/logs/two_role_compact_20260918_209-910dfc9532.output.txt
BATCH6-DONE
=== batch 6 addendum: a two-role row pinned at an outside label (--two-role-example2), under both code rules; and one more random two-role reader
=== --tree compact --fill-domain notail --L2 2 --code-rule own-two-role --two-role-example2 --e 2 --w 1 --h 2
|Phi_e| = 432, fillings per restriction at most 42, pairs at most 18144
{"L": 3, "L2": 2, "n": 8, "N": 4, "e": 2, "w": 1, "h": 2, "seed": 20260918, "labels": 0, "hole_always": false, "encoding": "node", "fill_domain": "notail", "pin_test": false, "skip_killed": false, "code_rule": "own-two-role", "tree": "compact", "two_role": true, "two_role_example": false, "two_role_example2": true, "X": [0, 1], "pairs": 7560, "G": 3780, "bad": 5740, "bad_G": 2860, "rich_G": 2660, "rich_offG": 1800, "fail_G": 0, "fail_offG": 0, "max_height": 2}
Exit 0; log: research/logs/two_role_compact_20260918_209-793408b19e.output.txt
=== --tree compact --fill-domain notail --L2 2 --code-rule own-two-role --two-role-example2 --e 2 --w 1 --h 3
|Phi_e| = 432, fillings per restriction at most 42, pairs at most 18144
{"L": 3, "L2": 2, "n": 8, "N": 4, "e": 2, "w": 1, "h": 3, "seed": 20260918, "labels": 0, "hole_always": false, "encoding": "node", "fill_domain": "notail", "pin_test": false, "skip_killed": false, "code_rule": "own-two-role", "tree": "compact", "two_role": true, "two_role_example": false, "two_role_example2": true, "X": [0, 1], "pairs": 7560, "G": 3780, "bad": 3380, "bad_G": 1660, "rich_G": 1520, "rich_offG": 720, "fail_G": 0, "fail_offG": 0, "max_height": 3}
Exit 0; log: research/logs/two_role_compact_20260918_209-62fd9835e8.output.txt
=== --tree compact --fill-domain notail --L2 2 --code-rule own --two-role-example2 --e 2 --w 1 --h 2
|Phi_e| = 432, fillings per restriction at most 42, pairs at most 18144
{"L": 3, "L2": 2, "n": 8, "N": 4, "e": 2, "w": 1, "h": 2, "seed": 20260918, "labels": 0, "hole_always": false, "encoding": "node", "fill_domain": "notail", "pin_test": false, "skip_killed": false, "code_rule": "own", "tree": "compact", "two_role": true, "two_role_example": false, "two_role_example2": true, "X": [0, 1], "pairs": 7560, "G": 3780, "bad": 5740, "bad_G": 2860, "rich_G": 2660, "rich_offG": 1800, "fail_G": 0, "fail_offG": 880, "max_height": 2}
Exit 0; log: research/logs/two_role_compact_20260918_209-1ceaebe556.output.txt
=== --tree compact --fill-domain notail --L2 2 --code-rule own --two-role-example2 --e 2 --w 1 --h 3
|Phi_e| = 432, fillings per restriction at most 42, pairs at most 18144
{"L": 3, "L2": 2, "n": 8, "N": 4, "e": 2, "w": 1, "h": 3, "seed": 20260918, "labels": 0, "hole_always": false, "encoding": "node", "fill_domain": "notail", "pin_test": false, "skip_killed": false, "code_rule": "own", "tree": "compact", "two_role": true, "two_role_example": false, "two_role_example2": true, "X": [0, 1], "pairs": 7560, "G": 3780, "bad": 3380, "bad_G": 1660, "rich_G": 1520, "rich_offG": 1320, "fail_G": 0, "fail_offG": 520, "max_height": 3}
Exit 0; log: research/logs/two_role_compact_20260918_209-2531a13796.output.txt
=== --tree compact --fill-domain notail --L2 2 --code-rule own-two-role --two-role --labels 0 --seed 27 --e 2 --w 1 --h 3 --terms 8 --pinned-rows 3 --tail-rows 1
|Phi_e| = 432, fillings per restriction at most 42, pairs at most 18144
{"L": 3, "L2": 2, "n": 8, "N": 4, "e": 2, "w": 1, "h": 3, "seed": 27, "labels": 0, "hole_always": false, "encoding": "node", "fill_domain": "notail", "pin_test": false, "skip_killed": false, "code_rule": "own-two-role", "tree": "compact", "two_role": true, "two_role_example": false, "two_role_example2": false, "X": [0, 2, 5, 7], "pairs": 3024, "G": 504, "bad": 1043, "bad_G": 162, "rich_G": 64, "rich_offG": 282, "fail_G": 0, "fail_offG": 0, "max_height": 3}
Exit 0; log: research/logs/two_role_compact_20260918_209-3231e0d882.output.txt
=== --tree compact --fill-domain notail --L2 2 --code-rule own --two-role --labels 0 --seed 27 --e 2 --w 1 --h 3 --terms 8 --pinned-rows 3 --tail-rows 1
|Phi_e| = 432, fillings per restriction at most 42, pairs at most 18144
{"L": 3, "L2": 2, "n": 8, "N": 4, "e": 2, "w": 1, "h": 3, "seed": 27, "labels": 0, "hole_always": false, "encoding": "node", "fill_domain": "notail", "pin_test": false, "skip_killed": false, "code_rule": "own", "tree": "compact", "two_role": true, "two_role_example": false, "two_role_example2": false, "X": [0, 2, 5, 7], "pairs": 3024, "G": 504, "bad": 1043, "bad_G": 162, "rich_G": 64, "rich_offG": 282, "fail_G": 0, "fail_offG": 0, "max_height": 3}
Exit 0; log: research/logs/two_role_compact_20260918_209-c27551dfaf.output.txt
