=== batch 9: the wide-round tree (--tree wide: canonical minimum vertex cover of the wide graph; wide rows in the cover queried as pigeons, others by hole queries at their cube's unresolved holes; wide rows never placed) with the current-term rule for light moves
=== --tree wide --fill-domain notail --code-rule current --reveal-slots --wide-example same-pattern --L2 1 --e 1 --w 1 --h 1 --seed 2
|Phi_e| = 90720, fillings per restriction at most 4, pairs at most 362880
{"L": 3, "L2": 1, "n": 8, "N": 2, "e": 1, "w": 1, "h": 1, "seed": 2, "labels": 0, "hole_always": false, "encoding": "node", "fill_domain": "notail", "pin_test": false, "skip_killed": false, "code_rule": "current", "reveal_slots": true, "wide_w": null, "wide_rows": [3, 4, 5, 6, 7, 8], "wide_example": "same-pattern", "tree": "wide", "two_role": false, "two_role_example": false, "two_role_example2": false, "dense_example": false, "X": [], "pairs": 120960, "G": 120960, "bad": 95760, "bad_G": 95760, "rich_G": 95760, "rich_offG": 0, "fail_G": 0, "fail_offG": 0, "max_height": 1, "xcur_ok": 0, "xcur_fail": 0, "noxcur_fail": 0, "rich_moves_G": 0, "rich_moves_offG": 0, "fail_moves": 0, "max_wide": 1, "wide_gt_cover": 0}
exit 0
=== --tree wide --fill-domain notail --code-rule current --reveal-slots --wide-example same-pattern --L2 2 --e 2 --w 1 --h 2 --seed 20260918
|Phi_e| = 432, fillings per restriction at most 42, pairs at most 18144
{"L": 3, "L2": 2, "n": 8, "N": 4, "e": 2, "w": 1, "h": 2, "seed": 20260918, "labels": 0, "hole_always": false, "encoding": "node", "fill_domain": "notail", "pin_test": false, "skip_killed": false, "code_rule": "current", "reveal_slots": true, "wide_w": null, "wide_rows": [3, 4, 5, 6, 7, 8], "wide_example": "same-pattern", "tree": "wide", "two_role": false, "two_role_example": false, "two_role_example2": false, "dense_example": false, "X": [], "pairs": 1512, "G": 1512, "bad": 1512, "bad_G": 1512, "rich_G": 1512, "rich_offG": 0, "fail_G": 0, "fail_offG": 0, "max_height": 2, "xcur_ok": 0, "xcur_fail": 0, "noxcur_fail": 0, "rich_moves_G": 0, "rich_moves_offG": 0, "fail_moves": 0, "max_wide": 2, "wide_gt_cover": 0}
exit 0
=== --tree wide --fill-domain notail --code-rule current --reveal-slots --wide-example distinct --L2 1 --e 1 --w 1 --h 1 --seed 2
|Phi_e| = 90720, fillings per restriction at most 4, pairs at most 362880
{"L": 3, "L2": 1, "n": 8, "N": 2, "e": 1, "w": 1, "h": 1, "seed": 2, "labels": 0, "hole_always": false, "encoding": "node", "fill_domain": "notail", "pin_test": false, "skip_killed": false, "code_rule": "current", "reveal_slots": true, "wide_w": null, "wide_rows": [3, 4, 5, 6, 7, 8], "wide_example": "distinct", "tree": "wide", "two_role": false, "two_role_example": false, "two_role_example2": false, "dense_example": false, "X": [], "pairs": 120960, "G": 120960, "bad": 87672, "bad_G": 87672, "rich_G": 87672, "rich_offG": 0, "fail_G": 0, "fail_offG": 0, "max_height": 1, "xcur_ok": 0, "xcur_fail": 0, "noxcur_fail": 0, "rich_moves_G": 0, "rich_moves_offG": 0, "fail_moves": 0, "max_wide": 1, "wide_gt_cover": 0}
exit 0
=== --tree wide --fill-domain notail --code-rule current --reveal-slots --wide-example distinct --L2 2 --e 2 --w 1 --h 2 --seed 20260918
|Phi_e| = 432, fillings per restriction at most 42, pairs at most 18144
{"L": 3, "L2": 2, "n": 8, "N": 4, "e": 2, "w": 1, "h": 2, "seed": 20260918, "labels": 0, "hole_always": false, "encoding": "node", "fill_domain": "notail", "pin_test": false, "skip_killed": false, "code_rule": "current", "reveal_slots": true, "wide_w": null, "wide_rows": [3, 4, 5, 6, 7, 8], "wide_example": "distinct", "tree": "wide", "two_role": false, "two_role_example": false, "two_role_example2": false, "dense_example": false, "X": [], "pairs": 1512, "G": 1512, "bad": 1188, "bad_G": 1188, "rich_G": 1188, "rich_offG": 0, "fail_G": 0, "fail_offG": 0, "max_height": 2, "xcur_ok": 0, "xcur_fail": 0, "noxcur_fail": 0, "rich_moves_G": 0, "rich_moves_offG": 0, "fail_moves": 0, "max_wide": 2, "wide_gt_cover": 0}
exit 0
=== --tree wide --fill-domain notail --code-rule current --reveal-slots --wide-example one-pin --L2 1 --e 1 --w 1 --h 1 --seed 2
|Phi_e| = 90720, fillings per restriction at most 4, pairs at most 362880
{"L": 3, "L2": 1, "n": 8, "N": 2, "e": 1, "w": 1, "h": 1, "seed": 2, "labels": 0, "hole_always": false, "encoding": "node", "fill_domain": "notail", "pin_test": false, "skip_killed": false, "code_rule": "current", "reveal_slots": true, "wide_w": null, "wide_rows": [3, 4, 5, 6, 7, 8], "wide_example": "one-pin", "tree": "wide", "two_role": false, "two_role_example": false, "two_role_example2": false, "dense_example": false, "X": [1], "pairs": 120960, "G": 120960, "bad": 30240, "bad_G": 30240, "rich_G": 30240, "rich_offG": 0, "fail_G": 0, "fail_offG": 0, "max_height": 1, "xcur_ok": 0, "xcur_fail": 0, "noxcur_fail": 0, "rich_moves_G": 0, "rich_moves_offG": 0, "fail_moves": 0, "max_wide": 0, "wide_gt_cover": 0}
exit 0
=== --tree wide --fill-domain notail --code-rule current --reveal-slots --wide-example one-pin --L2 2 --e 2 --w 1 --h 2 --seed 20260918
|Phi_e| = 432, fillings per restriction at most 42, pairs at most 18144
{"L": 3, "L2": 2, "n": 8, "N": 4, "e": 2, "w": 1, "h": 2, "seed": 20260918, "labels": 0, "hole_always": false, "encoding": "node", "fill_domain": "notail", "pin_test": false, "skip_killed": false, "code_rule": "current", "reveal_slots": true, "wide_w": null, "wide_rows": [3, 4, 5, 6, 7, 8], "wide_example": "one-pin", "tree": "wide", "two_role": false, "two_role_example": false, "two_role_example2": false, "dense_example": false, "X": [1], "pairs": 1512, "G": 756, "bad": 288, "bad_G": 36, "rich_G": 36, "rich_offG": 252, "fail_G": 0, "fail_offG": 0, "max_height": 2, "xcur_ok": 0, "xcur_fail": 0, "noxcur_fail": 0, "rich_moves_G": 0, "rich_moves_offG": 0, "fail_moves": 0, "max_wide": 2, "wide_gt_cover": 0}
exit 0
=== --tree wide --fill-domain notail --code-rule current --reveal-slots --wide-lits 2 --L2 2 --e 2 --w 1 --seed 4 --terms 8 --pinned-rows 4 --tail-rows 2 --wide-rows 2 --h 3
|Phi_e| = 432, fillings per restriction at most 42, pairs at most 18144
{"L": 3, "L2": 2, "n": 8, "N": 4, "e": 2, "w": 1, "h": 3, "seed": 4, "labels": 0, "hole_always": false, "encoding": "node", "fill_domain": "notail", "pin_test": false, "skip_killed": false, "code_rule": "current", "reveal_slots": true, "wide_w": null, "wide_rows": [5, 8], "wide_example": null, "tree": "wide", "two_role": false, "two_role_example": false, "two_role_example2": false, "dense_example": false, "X": [1, 2, 3, 4, 5], "pairs": 3024, "G": 504, "bad": 1501, "bad_G": 278, "rich_G": 256, "rich_offG": 722, "fail_G": 0, "fail_offG": 0, "max_height": 3, "xcur_ok": 0, "xcur_fail": 0, "noxcur_fail": 0, "rich_moves_G": 226, "rich_moves_offG": 601, "fail_moves": 0, "max_wide": 1, "wide_gt_cover": 0}
exit 0
=== --tree wide --fill-domain notail --code-rule current --reveal-slots --wide-lits 2 --L2 2 --e 2 --w 1 --seed 5 --terms 8 --pinned-rows 4 --tail-rows 2 --wide-rows 1 --h 3
|Phi_e| = 432, fillings per restriction at most 42, pairs at most 18144
{"L": 3, "L2": 2, "n": 8, "N": 4, "e": 2, "w": 1, "h": 3, "seed": 5, "labels": 0, "hole_always": false, "encoding": "node", "fill_domain": "notail", "pin_test": false, "skip_killed": false, "code_rule": "current", "reveal_slots": true, "wide_w": null, "wide_rows": [8], "wide_example": null, "tree": "wide", "two_role": false, "two_role_example": false, "two_role_example2": false, "dense_example": false, "X": [0, 1, 2, 3, 7], "pairs": 3024, "G": 0, "bad": 1372, "bad_G": 0, "rich_G": 0, "rich_offG": 308, "fail_G": 0, "fail_offG": 0, "max_height": 3, "xcur_ok": 0, "xcur_fail": 0, "noxcur_fail": 0, "rich_moves_G": 0, "rich_moves_offG": 308, "fail_moves": 0, "max_wide": 1, "wide_gt_cover": 0}
exit 0
=== --tree wide --fill-domain notail --code-rule current --reveal-slots --wide-lits 2 --L2 2 --e 2 --w 1 --seed 7 --terms 8 --pinned-rows 5 --tail-rows 2 --wide-rows 2 --h 4
|Phi_e| = 432, fillings per restriction at most 42, pairs at most 18144
{"L": 3, "L2": 2, "n": 8, "N": 4, "e": 2, "w": 1, "h": 4, "seed": 7, "labels": 0, "hole_always": false, "encoding": "node", "fill_domain": "notail", "pin_test": false, "skip_killed": false, "code_rule": "current", "reveal_slots": true, "wide_w": null, "wide_rows": [5, 7], "wide_example": null, "tree": "wide", "two_role": false, "two_role_example": false, "two_role_example2": false, "dense_example": false, "X": [0, 1, 3, 4, 5, 6, 7], "pairs": 7560, "G": 0, "bad": 1977, "bad_G": 0, "rich_G": 0, "rich_offG": 1336, "fail_G": 0, "fail_offG": 0, "max_height": 4, "xcur_ok": 0, "xcur_fail": 0, "noxcur_fail": 0, "rich_moves_G": 0, "rich_moves_offG": 613, "fail_moves": 0, "max_wide": 1, "wide_gt_cover": 0}
exit 0
=== --tree wide --fill-domain notail --code-rule current --reveal-slots --wide-lits 2 --L2 2 --e 2 --w 1 --seed 10 --terms 7 --pinned-rows 5 --tail-rows 2 --wide-rows 1 --h 3
|Phi_e| = 432, fillings per restriction at most 42, pairs at most 18144
{"L": 3, "L2": 2, "n": 8, "N": 4, "e": 2, "w": 1, "h": 3, "seed": 10, "labels": 0, "hole_always": false, "encoding": "node", "fill_domain": "notail", "pin_test": false, "skip_killed": false, "code_rule": "current", "reveal_slots": true, "wide_w": null, "wide_rows": [7], "wide_example": null, "tree": "wide", "two_role": false, "two_role_example": false, "two_role_example2": false, "dense_example": false, "X": [1, 2, 5, 7], "pairs": 5040, "G": 0, "bad": 2821, "bad_G": 0, "rich_G": 0, "rich_offG": 2292, "fail_G": 0, "fail_offG": 0, "max_height": 3, "xcur_ok": 0, "xcur_fail": 0, "noxcur_fail": 0, "rich_moves_G": 0, "rich_moves_offG": 2251, "fail_moves": 0, "max_wide": 1, "wide_gt_cover": 0}
exit 0
=== --tree wide --fill-domain notail --code-rule current --reveal-slots --wide-lits 2 --L2 2 --e 2 --w 1 --seed 13 --terms 9 --pinned-rows 4 --tail-rows 3 --wide-rows 2 --h 3
|Phi_e| = 432, fillings per restriction at most 42, pairs at most 18144
{"L": 3, "L2": 2, "n": 8, "N": 4, "e": 2, "w": 1, "h": 3, "seed": 13, "labels": 0, "hole_always": false, "encoding": "node", "fill_domain": "notail", "pin_test": false, "skip_killed": false, "code_rule": "current", "reveal_slots": true, "wide_w": null, "wide_rows": [7, 8], "wide_example": null, "tree": "wide", "two_role": false, "two_role_example": false, "two_role_example2": false, "dense_example": false, "X": [0, 2, 4, 6, 7], "pairs": 3024, "G": 0, "bad": 1265, "bad_G": 0, "rich_G": 0, "rich_offG": 927, "fail_G": 0, "fail_offG": 0, "max_height": 3, "xcur_ok": 0, "xcur_fail": 0, "noxcur_fail": 0, "rich_moves_G": 0, "rich_moves_offG": 568, "fail_moves": 0, "max_wide": 1, "wide_gt_cover": 0}
exit 0
=== --tree wide --fill-domain notail --code-rule current --reveal-slots --wide-lits 2 --L2 2 --e 2 --w 1 --seed 14 --terms 9 --pinned-rows 4 --tail-rows 3 --wide-rows 2 --h 4
|Phi_e| = 432, fillings per restriction at most 42, pairs at most 18144
{"L": 3, "L2": 2, "n": 8, "N": 4, "e": 2, "w": 1, "h": 4, "seed": 14, "labels": 0, "hole_always": false, "encoding": "node", "fill_domain": "notail", "pin_test": false, "skip_killed": false, "code_rule": "current", "reveal_slots": true, "wide_w": null, "wide_rows": [6, 7], "wide_example": null, "tree": "wide", "two_role": false, "two_role_example": false, "two_role_example2": false, "dense_example": false, "X": [0, 1, 3, 4, 5, 7], "pairs": 3024, "G": 0, "bad": 947, "bad_G": 0, "rich_G": 0, "rich_offG": 391, "fail_G": 0, "fail_offG": 0, "max_height": 4, "xcur_ok": 0, "xcur_fail": 0, "noxcur_fail": 0, "rich_moves_G": 0, "rich_moves_offG": 310, "fail_moves": 0, "max_wide": 2, "wide_gt_cover": 0}
exit 0
=== --tree wide --fill-domain notail --code-rule current --reveal-slots --wide-lits 2 --L2 2 --e 2 --w 1 --seed 15 --terms 8 --pinned-rows 4 --tail-rows 2 --wide-rows 2 --h 2
|Phi_e| = 432, fillings per restriction at most 42, pairs at most 18144
{"L": 3, "L2": 2, "n": 8, "N": 4, "e": 2, "w": 1, "h": 2, "seed": 15, "labels": 0, "hole_always": false, "encoding": "node", "fill_domain": "notail", "pin_test": false, "skip_killed": false, "code_rule": "current", "reveal_slots": true, "wide_w": null, "wide_rows": [4, 6], "wide_example": null, "tree": "wide", "two_role": false, "two_role_example": false, "two_role_example2": false, "dense_example": false, "X": [1, 2, 3, 4, 5, 7], "pairs": 3024, "G": 504, "bad": 2645, "bad_G": 456, "rich_G": 372, "rich_offG": 1969, "fail_G": 0, "fail_offG": 0, "max_height": 2, "xcur_ok": 0, "xcur_fail": 0, "noxcur_fail": 0, "rich_moves_G": 26, "rich_moves_offG": 485, "fail_moves": 0, "max_wide": 2, "wide_gt_cover": 0}
exit 0
=== --tree wide --fill-domain notail --code-rule current --reveal-slots --wide-lits 2 --L2 2 --e 2 --w 1 --seed 16 --terms 10 --pinned-rows 4 --tail-rows 3 --wide-rows 3 --h 3
|Phi_e| = 432, fillings per restriction at most 42, pairs at most 18144
{"L": 3, "L2": 2, "n": 8, "N": 4, "e": 2, "w": 1, "h": 3, "seed": 16, "labels": 0, "hole_always": false, "encoding": "node", "fill_domain": "notail", "pin_test": false, "skip_killed": false, "code_rule": "current", "reveal_slots": true, "wide_w": null, "wide_rows": [5, 7, 8], "wide_example": null, "tree": "wide", "two_role": false, "two_role_example": false, "two_role_example2": false, "dense_example": false, "X": [0, 1, 3, 4, 6, 7], "pairs": 3024, "G": 0, "bad": 550, "bad_G": 0, "rich_G": 0, "rich_offG": 430, "fail_G": 0, "fail_offG": 0, "max_height": 3, "xcur_ok": 0, "xcur_fail": 0, "noxcur_fail": 0, "rich_moves_G": 0, "rich_moves_offG": 96, "fail_moves": 0, "max_wide": 2, "wide_gt_cover": 0}
exit 0
=== controls: --code-rule any --reveal-slots on the wide tree (current-term labels allowed; failures expected through such labels)
=== --tree wide --fill-domain notail --code-rule any --reveal-slots --wide-lits 2 --L2 2 --e 2 --w 1 --seed 4 --terms 8 --pinned-rows 4 --tail-rows 2 --wide-rows 2 --h 3
|Phi_e| = 432, fillings per restriction at most 42, pairs at most 18144
{"L": 3, "L2": 2, "n": 8, "N": 4, "e": 2, "w": 1, "h": 3, "seed": 4, "labels": 0, "hole_always": false, "encoding": "node", "fill_domain": "notail", "pin_test": false, "skip_killed": false, "code_rule": "any", "reveal_slots": true, "wide_w": null, "wide_rows": [5, 8], "wide_example": null, "tree": "wide", "two_role": false, "two_role_example": false, "two_role_example2": false, "dense_example": false, "X": [1, 2, 3, 4, 5], "pairs": 3024, "G": 504, "bad": 1501, "bad_G": 278, "rich_G": 256, "rich_offG": 823, "fail_G": 0, "fail_offG": 106, "max_height": 3, "xcur_ok": 0, "xcur_fail": 106, "noxcur_fail": 0, "rich_moves_G": 226, "rich_moves_offG": 702, "fail_moves": 106, "max_wide": 1, "wide_gt_cover": 0}
exit 0
=== --tree wide --fill-domain notail --code-rule any --reveal-slots --wide-lits 2 --L2 2 --e 2 --w 1 --seed 13 --terms 9 --pinned-rows 4 --tail-rows 3 --wide-rows 2 --h 3
|Phi_e| = 432, fillings per restriction at most 42, pairs at most 18144
{"L": 3, "L2": 2, "n": 8, "N": 4, "e": 2, "w": 1, "h": 3, "seed": 13, "labels": 0, "hole_always": false, "encoding": "node", "fill_domain": "notail", "pin_test": false, "skip_killed": false, "code_rule": "any", "reveal_slots": true, "wide_w": null, "wide_rows": [7, 8], "wide_example": null, "tree": "wide", "two_role": false, "two_role_example": false, "two_role_example2": false, "dense_example": false, "X": [0, 2, 4, 6, 7], "pairs": 3024, "G": 0, "bad": 1265, "bad_G": 0, "rich_G": 0, "rich_offG": 932, "fail_G": 0, "fail_offG": 20, "max_height": 3, "xcur_ok": 0, "xcur_fail": 20, "noxcur_fail": 0, "rich_moves_G": 0, "rich_moves_offG": 573, "fail_moves": 20, "max_wide": 1, "wide_gt_cover": 0}
exit 0
=== batch 9 done
