=== php_relative_image_check.py --N 4 --dmax 3
{"kind": "closure", "N": 4, "system": "A", "d": 1, "dim_T": 21, "dim_V": 5, "dim_NS_span": 5, "closure_rounds": 0, "one_in_V": false, "seconds": 0.0}
{"kind": "closure", "N": 4, "system": "A", "d": 2, "dim_T": 181, "dim_V": 75, "dim_NS_span": 75, "closure_rounds": 1, "one_in_V": false, "seconds": 0.0}
{"kind": "closure", "N": 4, "system": "A", "d": 3, "dim_T": 821, "dim_V": 445, "dim_NS_span": 445, "closure_rounds": 1, "one_in_V": false, "seconds": 0.0}
{"kind": "image", "N": 4, "system": "A", "reader": "dense-2-0", "rho": 2, "s": 1, "feasible": false}
{"kind": "image", "N": 4, "system": "A", "reader": "dense-2-0", "rho": 2, "s": 2, "feasible": true}
{"kind": "image", "N": 4, "system": "A", "reader": "dense-3-0", "rho": 3, "s": 1, "feasible": false}
{"kind": "image", "N": 4, "system": "A", "reader": "dense-3-0", "rho": 3, "s": 2, "feasible": false}
{"kind": "image", "N": 4, "system": "A", "reader": "dense-2-1", "rho": 2, "s": 1, "feasible": false}
{"kind": "image", "N": 4, "system": "A", "reader": "dense-2-1", "rho": 2, "s": 2, "feasible": true}
{"kind": "image", "N": 4, "system": "A", "reader": "dense-3-1", "rho": 3, "s": 1, "feasible": false}
{"kind": "image", "N": 4, "system": "A", "reader": "dense-3-1", "rho": 3, "s": 2, "feasible": false}
{"kind": "image", "N": 4, "system": "A", "reader": "dense-2-2", "rho": 2, "s": 1, "feasible": false}
{"kind": "image", "N": 4, "system": "A", "reader": "dense-2-2", "rho": 2, "s": 2, "feasible": true}
{"kind": "image", "N": 4, "system": "A", "reader": "dense-3-2", "rho": 3, "s": 1, "feasible": false}
{"kind": "image", "N": 4, "system": "A", "reader": "dense-3-2", "rho": 3, "s": 2, "feasible": false}
{"kind": "image", "N": 4, "system": "A", "reader": "symmetric-3", "rho": 3, "s": 1, "feasible": false}
{"kind": "image", "N": 4, "system": "A", "reader": "symmetric-3", "rho": 3, "s": 2, "feasible": true}
{"kind": "closure", "N": 4, "system": "B", "d": 1, "dim_T": 21, "dim_V": 5, "dim_NS_span": 5, "closure_rounds": 0, "one_in_V": false, "seconds": 0.0}
{"kind": "closure", "N": 4, "system": "B", "d": 2, "dim_T": 141, "dim_V": 75, "dim_NS_span": 75, "closure_rounds": 1, "one_in_V": false, "seconds": 0.0}
{"kind": "closure", "N": 4, "system": "B", "d": 3, "dim_T": 381, "dim_V": 381, "dim_NS_span": 325, "closure_rounds": 3, "one_in_V": true, "seconds": 0.0}
{"kind": "image", "N": 4, "system": "B", "reader": "dense-2-0", "rho": 2, "s": 1, "feasible": false}
{"kind": "image", "N": 4, "system": "B", "reader": "dense-2-0", "rho": 2, "s": 2, "feasible": true}
{"kind": "image", "N": 4, "system": "B", "reader": "dense-3-0", "rho": 3, "s": 1, "feasible": false}
{"kind": "image", "N": 4, "system": "B", "reader": "dense-3-0", "rho": 3, "s": 2, "feasible": true}
{"kind": "image", "N": 4, "system": "B", "reader": "dense-2-1", "rho": 2, "s": 1, "feasible": false}
{"kind": "image", "N": 4, "system": "B", "reader": "dense-2-1", "rho": 2, "s": 2, "feasible": true}
{"kind": "image", "N": 4, "system": "B", "reader": "dense-3-1", "rho": 3, "s": 1, "feasible": false}
{"kind": "image", "N": 4, "system": "B", "reader": "dense-3-1", "rho": 3, "s": 2, "feasible": true}
{"kind": "image", "N": 4, "system": "B", "reader": "dense-2-2", "rho": 2, "s": 1, "feasible": false}
{"kind": "image", "N": 4, "system": "B", "reader": "dense-2-2", "rho": 2, "s": 2, "feasible": true}
{"kind": "image", "N": 4, "system": "B", "reader": "dense-3-2", "rho": 3, "s": 1, "feasible": false}
{"kind": "image", "N": 4, "system": "B", "reader": "dense-3-2", "rho": 3, "s": 2, "feasible": true}
{"kind": "image", "N": 4, "system": "B", "reader": "symmetric-3", "rho": 3, "s": 1, "feasible": false}
{"kind": "image", "N": 4, "system": "B", "reader": "symmetric-3", "rho": 3, "s": 2, "feasible": true}
Exit 0; log: research/logs/php_relative_images_20260918_217-4039ac0000.output.txt
=== php_relative_image_check.py --N 8 --dmax 3 --readers 2 (background)
=== php_relative_image_check.py --N 6 --dmax 3
{"kind": "closure", "N": 6, "system": "A", "d": 1, "dim_T": 43, "dim_V": 7, "dim_NS_span": 7, "closure_rounds": 0, "one_in_V": false, "seconds": 0.0}
{"kind": "closure", "N": 6, "system": "A", "d": 2, "dim_T": 799, "dim_V": 238, "dim_NS_span": 238, "closure_rounds": 1, "one_in_V": false, "seconds": 0.0}
{"kind": "closure", "N": 6, "system": "A", "d": 3, "dim_T": 8359, "dim_V": 3423, "dim_NS_span": 3423, "closure_rounds": 1, "one_in_V": false, "seconds": 0.1}
{"kind": "image", "N": 6, "system": "A", "reader": "dense-2-0", "rho": 2, "s": 1, "feasible": false}
{"kind": "image", "N": 6, "system": "A", "reader": "dense-2-0", "rho": 2, "s": 2, "feasible": true}
{"kind": "image", "N": 6, "system": "A", "reader": "dense-3-0", "rho": 3, "s": 1, "feasible": false}
{"kind": "image", "N": 6, "system": "A", "reader": "dense-3-0", "rho": 3, "s": 2, "feasible": false}
{"kind": "image", "N": 6, "system": "A", "reader": "dense-2-1", "rho": 2, "s": 1, "feasible": false}
{"kind": "image", "N": 6, "system": "A", "reader": "dense-2-1", "rho": 2, "s": 2, "feasible": true}
{"kind": "image", "N": 6, "system": "A", "reader": "dense-3-1", "rho": 3, "s": 1, "feasible": false}
{"kind": "image", "N": 6, "system": "A", "reader": "dense-3-1", "rho": 3, "s": 2, "feasible": false}
{"kind": "image", "N": 6, "system": "A", "reader": "dense-2-2", "rho": 2, "s": 1, "feasible": false}
{"kind": "image", "N": 6, "system": "A", "reader": "dense-2-2", "rho": 2, "s": 2, "feasible": true}
{"kind": "image", "N": 6, "system": "A", "reader": "dense-3-2", "rho": 3, "s": 1, "feasible": false}
{"kind": "image", "N": 6, "system": "A", "reader": "dense-3-2", "rho": 3, "s": 2, "feasible": false}
{"kind": "image", "N": 6, "system": "A", "reader": "symmetric-3", "rho": 3, "s": 1, "feasible": false}
{"kind": "image", "N": 6, "system": "A", "reader": "symmetric-3", "rho": 3, "s": 2, "feasible": false}
{"kind": "closure", "N": 6, "system": "B", "d": 1, "dim_T": 43, "dim_V": 7, "dim_NS_span": 7, "closure_rounds": 0, "one_in_V": false, "seconds": 0.0}
{"kind": "closure", "N": 6, "system": "B", "d": 2, "dim_T": 673, "dim_V": 238, "dim_NS_span": 238, "closure_rounds": 1, "one_in_V": false, "seconds": 0.0}
{"kind": "closure", "N": 6, "system": "B", "d": 3, "dim_T": 4873, "dim_V": 2793, "dim_NS_span": 2793, "closure_rounds": 1, "one_in_V": false, "seconds": 0.1}
{"kind": "image", "N": 6, "system": "B", "reader": "dense-2-0", "rho": 2, "s": 1, "feasible": false}
{"kind": "image", "N": 6, "system": "B", "reader": "dense-2-0", "rho": 2, "s": 2, "feasible": true}
{"kind": "image", "N": 6, "system": "B", "reader": "dense-3-0", "rho": 3, "s": 1, "feasible": false}
{"kind": "image", "N": 6, "system": "B", "reader": "dense-3-0", "rho": 3, "s": 2, "feasible": false}
{"kind": "image", "N": 6, "system": "B", "reader": "dense-2-1", "rho": 2, "s": 1, "feasible": false}
{"kind": "image", "N": 6, "system": "B", "reader": "dense-2-1", "rho": 2, "s": 2, "feasible": true}
{"kind": "image", "N": 6, "system": "B", "reader": "dense-3-1", "rho": 3, "s": 1, "feasible": false}
{"kind": "image", "N": 6, "system": "B", "reader": "dense-3-1", "rho": 3, "s": 2, "feasible": false}
{"kind": "image", "N": 6, "system": "B", "reader": "dense-2-2", "rho": 2, "s": 1, "feasible": false}
{"kind": "image", "N": 6, "system": "B", "reader": "dense-2-2", "rho": 2, "s": 2, "feasible": true}
{"kind": "image", "N": 6, "system": "B", "reader": "dense-3-2", "rho": 3, "s": 1, "feasible": false}
{"kind": "image", "N": 6, "system": "B", "reader": "dense-3-2", "rho": 3, "s": 2, "feasible": false}
{"kind": "image", "N": 6, "system": "B", "reader": "symmetric-3", "rho": 3, "s": 1, "feasible": false}
{"kind": "image", "N": 6, "system": "B", "reader": "symmetric-3", "rho": 3, "s": 2, "feasible": false}
Exit 0; log: research/logs/php_relative_images_20260918_217-b7975fbb67.output.txt
=== php_relative_image_check.py --N 6 --dmax 3 --only collision-control
{"kind": "closure", "N": 6, "system": "A", "d": 1, "dim_T": 43, "dim_V": 7, "dim_NS_span": 7, "closure_rounds": 0, "one_in_V": false, "seconds": 0.0}
{"kind": "closure", "N": 6, "system": "A", "d": 2, "dim_T": 799, "dim_V": 238, "dim_NS_span": 238, "closure_rounds": 1, "one_in_V": false, "seconds": 0.0}
{"kind": "closure", "N": 6, "system": "A", "d": 3, "dim_T": 8359, "dim_V": 3423, "dim_NS_span": 3423, "closure_rounds": 1, "one_in_V": false, "seconds": 0.1}
{"kind": "image", "N": 6, "system": "A", "reader": "collision-control", "rho": 3, "s": 1, "feasible": false}
{"kind": "image", "N": 6, "system": "A", "reader": "collision-control", "rho": 3, "s": 2, "feasible": false}
{"kind": "closure", "N": 6, "system": "B", "d": 1, "dim_T": 43, "dim_V": 7, "dim_NS_span": 7, "closure_rounds": 0, "one_in_V": false, "seconds": 0.0}
{"kind": "closure", "N": 6, "system": "B", "d": 2, "dim_T": 673, "dim_V": 238, "dim_NS_span": 238, "closure_rounds": 1, "one_in_V": false, "seconds": 0.0}
{"kind": "closure", "N": 6, "system": "B", "d": 3, "dim_T": 4873, "dim_V": 2793, "dim_NS_span": 2793, "closure_rounds": 1, "one_in_V": false, "seconds": 0.1}
{"kind": "image", "N": 6, "system": "B", "reader": "collision-control", "rho": 3, "s": 1, "feasible": false}
{"kind": "image", "N": 6, "system": "B", "reader": "collision-control", "rho": 3, "s": 2, "feasible": true}
Exit 0; log: research/logs/php_relative_images_20260918_217-613e9aec05.output.txt
{"kind": "closure", "N": 8, "system": "A", "d": 1, "dim_T": 73, "dim_V": 9, "dim_NS_span": 9, "closure_rounds": 0, "one_in_V": false, "seconds": 0.0}
{"kind": "closure", "N": 8, "system": "A", "d": 2, "dim_T": 2377, "dim_V": 549, "dim_NS_span": 549, "closure_rounds": 1, "one_in_V": false, "seconds": 0.1}
{"kind": "closure", "N": 8, "system": "A", "d": 3, "dim_T": 45385, "dim_V": 14745, "dim_NS_span": 14745, "closure_rounds": 1, "one_in_V": false, "seconds": 0.7}
{"kind": "image", "N": 8, "system": "A", "reader": "dense-2-0", "rho": 2, "s": 1, "feasible": false}
{"kind": "image", "N": 8, "system": "A", "reader": "dense-2-0", "rho": 2, "s": 2, "feasible": true}
{"kind": "image", "N": 8, "system": "A", "reader": "dense-3-0", "rho": 3, "s": 1, "feasible": false}
{"kind": "image", "N": 8, "system": "A", "reader": "dense-3-0", "rho": 3, "s": 2, "feasible": false}
{"kind": "image", "N": 8, "system": "A", "reader": "dense-2-1", "rho": 2, "s": 1, "feasible": false}
{"kind": "image", "N": 8, "system": "A", "reader": "dense-2-1", "rho": 2, "s": 2, "feasible": true}
{"kind": "image", "N": 8, "system": "A", "reader": "dense-3-1", "rho": 3, "s": 1, "feasible": false}
{"kind": "image", "N": 8, "system": "A", "reader": "dense-3-1", "rho": 3, "s": 2, "feasible": false}
{"kind": "image", "N": 8, "system": "A", "reader": "symmetric-3", "rho": 3, "s": 1, "feasible": false}
{"kind": "image", "N": 8, "system": "A", "reader": "symmetric-3", "rho": 3, "s": 2, "feasible": false}
{"kind": "closure", "N": 8, "system": "B", "d": 1, "dim_T": 73, "dim_V": 9, "dim_NS_span": 9, "closure_rounds": 0, "one_in_V": false, "seconds": 0.0}
{"kind": "closure", "N": 8, "system": "B", "d": 2, "dim_T": 2089, "dim_V": 549, "dim_NS_span": 549, "closure_rounds": 1, "one_in_V": false, "seconds": 0.0}
{"kind": "closure", "N": 8, "system": "B", "d": 3, "dim_T": 30313, "dim_V": 12729, "dim_NS_span": 12729, "closure_rounds": 1, "one_in_V": false, "seconds": 0.4}
{"kind": "image", "N": 8, "system": "B", "reader": "dense-2-0", "rho": 2, "s": 1, "feasible": false}
{"kind": "image", "N": 8, "system": "B", "reader": "dense-2-0", "rho": 2, "s": 2, "feasible": true}
{"kind": "image", "N": 8, "system": "B", "reader": "dense-3-0", "rho": 3, "s": 1, "feasible": false}
{"kind": "image", "N": 8, "system": "B", "reader": "dense-3-0", "rho": 3, "s": 2, "feasible": false}
{"kind": "image", "N": 8, "system": "B", "reader": "dense-2-1", "rho": 2, "s": 1, "feasible": false}
{"kind": "image", "N": 8, "system": "B", "reader": "dense-2-1", "rho": 2, "s": 2, "feasible": true}
{"kind": "image", "N": 8, "system": "B", "reader": "dense-3-1", "rho": 3, "s": 1, "feasible": false}
{"kind": "image", "N": 8, "system": "B", "reader": "dense-3-1", "rho": 3, "s": 2, "feasible": false}
{"kind": "image", "N": 8, "system": "B", "reader": "symmetric-3", "rho": 3, "s": 1, "feasible": false}
{"kind": "image", "N": 8, "system": "B", "reader": "symmetric-3", "rho": 3, "s": 2, "feasible": false}
Exit 0; log: research/logs/php_relative_images_20260918_217-c38b2919fd.output.txt
=== php_relative_image_check.py --N 8 --dmax 3 --readers 2 --only collision-control
{"kind": "closure", "N": 8, "system": "A", "d": 1, "dim_T": 73, "dim_V": 9, "dim_NS_span": 9, "closure_rounds": 0, "one_in_V": false, "seconds": 0.0}
{"kind": "closure", "N": 8, "system": "A", "d": 2, "dim_T": 2377, "dim_V": 549, "dim_NS_span": 549, "closure_rounds": 1, "one_in_V": false, "seconds": 0.1}
{"kind": "closure", "N": 8, "system": "A", "d": 3, "dim_T": 45385, "dim_V": 14745, "dim_NS_span": 14745, "closure_rounds": 1, "one_in_V": false, "seconds": 0.7}
{"kind": "image", "N": 8, "system": "A", "reader": "collision-control", "rho": 3, "s": 1, "feasible": false}
{"kind": "image", "N": 8, "system": "A", "reader": "collision-control", "rho": 3, "s": 2, "feasible": false}
{"kind": "closure", "N": 8, "system": "B", "d": 1, "dim_T": 73, "dim_V": 9, "dim_NS_span": 9, "closure_rounds": 0, "one_in_V": false, "seconds": 0.0}
{"kind": "closure", "N": 8, "system": "B", "d": 2, "dim_T": 2089, "dim_V": 549, "dim_NS_span": 549, "closure_rounds": 1, "one_in_V": false, "seconds": 0.0}
{"kind": "closure", "N": 8, "system": "B", "d": 3, "dim_T": 30313, "dim_V": 12729, "dim_NS_span": 12729, "closure_rounds": 1, "one_in_V": false, "seconds": 0.4}
{"kind": "image", "N": 8, "system": "B", "reader": "collision-control", "rho": 3, "s": 1, "feasible": false}
{"kind": "image", "N": 8, "system": "B", "reader": "collision-control", "rho": 3, "s": 2, "feasible": true}
Exit 0; log: research/logs/php_relative_images_20260918_217-e5e1c1857f.output.txt
=== php_relative_image_check.py --N 8 --rank2 (background)
=== php_relative_image_check.py --N 8 --dmax 3 --readers 3 --affine
{"kind": "closure", "N": 8, "system": "A", "d": 1, "dim_T": 73, "dim_V": 9, "dim_NS_span": 9, "closure_rounds": 0, "one_in_V": false, "seconds": 0.0}
{"kind": "closure", "N": 8, "system": "A", "d": 2, "dim_T": 2377, "dim_V": 549, "dim_NS_span": 549, "closure_rounds": 1, "one_in_V": false, "seconds": 0.0}
{"kind": "closure", "N": 8, "system": "A", "d": 3, "dim_T": 45385, "dim_V": 14745, "dim_NS_span": 14745, "closure_rounds": 1, "one_in_V": false, "seconds": 0.5}
{"kind": "image", "N": 8, "system": "A", "affine": true, "reader": "dense-2-0", "rho": 2, "s": 1, "feasible": false}
{"kind": "image", "N": 8, "system": "A", "affine": true, "reader": "dense-2-0", "rho": 2, "s": 2, "feasible": true}
{"kind": "image", "N": 8, "system": "A", "affine": true, "reader": "dense-3-0", "rho": 3, "s": 1, "feasible": false}
{"kind": "image", "N": 8, "system": "A", "affine": true, "reader": "dense-3-0", "rho": 3, "s": 2, "feasible": false}
{"kind": "image", "N": 8, "system": "A", "affine": true, "reader": "dense-2-1", "rho": 2, "s": 1, "feasible": false}
{"kind": "image", "N": 8, "system": "A", "affine": true, "reader": "dense-2-1", "rho": 2, "s": 2, "feasible": true}
{"kind": "image", "N": 8, "system": "A", "affine": true, "reader": "dense-3-1", "rho": 3, "s": 1, "feasible": false}
{"kind": "image", "N": 8, "system": "A", "affine": true, "reader": "dense-3-1", "rho": 3, "s": 2, "feasible": false}
{"kind": "image", "N": 8, "system": "A", "affine": true, "reader": "dense-2-2", "rho": 2, "s": 1, "feasible": false}
{"kind": "image", "N": 8, "system": "A", "affine": true, "reader": "dense-2-2", "rho": 2, "s": 2, "feasible": true}
{"kind": "image", "N": 8, "system": "A", "affine": true, "reader": "dense-3-2", "rho": 3, "s": 1, "feasible": false}
{"kind": "image", "N": 8, "system": "A", "affine": true, "reader": "dense-3-2", "rho": 3, "s": 2, "feasible": false}
{"kind": "image", "N": 8, "system": "A", "affine": true, "reader": "symmetric-3", "rho": 3, "s": 1, "feasible": false}
{"kind": "image", "N": 8, "system": "A", "affine": true, "reader": "symmetric-3", "rho": 3, "s": 2, "feasible": false}
{"kind": "image", "N": 8, "system": "A", "affine": true, "reader": "collision-control", "rho": 3, "s": 1, "feasible": false}
{"kind": "image", "N": 8, "system": "A", "affine": true, "reader": "collision-control", "rho": 3, "s": 2, "feasible": false}
{"kind": "closure", "N": 8, "system": "B", "d": 1, "dim_T": 73, "dim_V": 9, "dim_NS_span": 9, "closure_rounds": 0, "one_in_V": false, "seconds": 0.0}
{"kind": "closure", "N": 8, "system": "B", "d": 2, "dim_T": 2089, "dim_V": 549, "dim_NS_span": 549, "closure_rounds": 1, "one_in_V": false, "seconds": 0.0}
{"kind": "closure", "N": 8, "system": "B", "d": 3, "dim_T": 30313, "dim_V": 12729, "dim_NS_span": 12729, "closure_rounds": 1, "one_in_V": false, "seconds": 0.4}
{"kind": "image", "N": 8, "system": "B", "affine": true, "reader": "dense-2-0", "rho": 2, "s": 1, "feasible": false}
{"kind": "image", "N": 8, "system": "B", "affine": true, "reader": "dense-2-0", "rho": 2, "s": 2, "feasible": true}
{"kind": "image", "N": 8, "system": "B", "affine": true, "reader": "dense-3-0", "rho": 3, "s": 1, "feasible": false}
{"kind": "image", "N": 8, "system": "B", "affine": true, "reader": "dense-3-0", "rho": 3, "s": 2, "feasible": false}
{"kind": "image", "N": 8, "system": "B", "affine": true, "reader": "dense-2-1", "rho": 2, "s": 1, "feasible": false}
{"kind": "image", "N": 8, "system": "B", "affine": true, "reader": "dense-2-1", "rho": 2, "s": 2, "feasible": true}
{"kind": "image", "N": 8, "system": "B", "affine": true, "reader": "dense-3-1", "rho": 3, "s": 1, "feasible": false}
{"kind": "image", "N": 8, "system": "B", "affine": true, "reader": "dense-3-1", "rho": 3, "s": 2, "feasible": false}
{"kind": "image", "N": 8, "system": "B", "affine": true, "reader": "dense-2-2", "rho": 2, "s": 1, "feasible": false}
{"kind": "image", "N": 8, "system": "B", "affine": true, "reader": "dense-2-2", "rho": 2, "s": 2, "feasible": true}
{"kind": "image", "N": 8, "system": "B", "affine": true, "reader": "dense-3-2", "rho": 3, "s": 1, "feasible": false}
{"kind": "image", "N": 8, "system": "B", "affine": true, "reader": "dense-3-2", "rho": 3, "s": 2, "feasible": false}
{"kind": "image", "N": 8, "system": "B", "affine": true, "reader": "symmetric-3", "rho": 3, "s": 1, "feasible": false}
{"kind": "image", "N": 8, "system": "B", "affine": true, "reader": "symmetric-3", "rho": 3, "s": 2, "feasible": false}
{"kind": "image", "N": 8, "system": "B", "affine": true, "reader": "collision-control", "rho": 3, "s": 1, "feasible": false}
{"kind": "image", "N": 8, "system": "B", "affine": true, "reader": "collision-control", "rho": 3, "s": 2, "feasible": true}
Exit 0; log: research/logs/php_relative_images_20260918_217-df899a51a4.output.txt
=== php_relative_image_check.py --N 6 --dmax 4 --readers 1
{"kind": "closure", "N": 6, "system": "A", "d": 1, "dim_T": 43, "dim_V": 7, "dim_NS_span": 7, "closure_rounds": 0, "one_in_V": false, "seconds": 0.0}
{"kind": "closure", "N": 6, "system": "A", "d": 2, "dim_T": 799, "dim_V": 238, "dim_NS_span": 238, "closure_rounds": 1, "one_in_V": false, "seconds": 0.0}
{"kind": "closure", "N": 6, "system": "A", "d": 3, "dim_T": 8359, "dim_V": 3423, "dim_NS_span": 3423, "closure_rounds": 1, "one_in_V": false, "seconds": 0.1}
{"kind": "closure", "N": 6, "system": "A", "d": 4, "dim_T": 53719, "dim_V": 26908, "dim_NS_span": 26908, "closure_rounds": 1, "one_in_V": false, "seconds": 1.3}
{"kind": "image", "N": 6, "system": "A", "affine": false, "reader": "dense-2-0", "rho": 2, "s": 1, "feasible": false}
{"kind": "image", "N": 6, "system": "A", "affine": false, "reader": "dense-2-0", "rho": 2, "s": 2, "feasible": true}
{"kind": "image", "N": 6, "system": "A", "affine": false, "reader": "dense-2-0", "rho": 2, "s": 3, "feasible": true}
{"kind": "image", "N": 6, "system": "A", "affine": false, "reader": "dense-3-0", "rho": 3, "s": 1, "feasible": false}
{"kind": "image", "N": 6, "system": "A", "affine": false, "reader": "dense-3-0", "rho": 3, "s": 2, "feasible": false}
{"kind": "image", "N": 6, "system": "A", "affine": false, "reader": "dense-3-0", "rho": 3, "s": 3, "feasible": true}
{"kind": "image", "N": 6, "system": "A", "affine": false, "reader": "symmetric-3", "rho": 3, "s": 1, "feasible": true}
{"kind": "image", "N": 6, "system": "A", "affine": false, "reader": "symmetric-3", "rho": 3, "s": 2, "feasible": true}
{"kind": "image", "N": 6, "system": "A", "affine": false, "reader": "symmetric-3", "rho": 3, "s": 3, "feasible": true}
{"kind": "image", "N": 6, "system": "A", "affine": false, "reader": "collision-control", "rho": 3, "s": 1, "feasible": false}
{"kind": "image", "N": 6, "system": "A", "affine": false, "reader": "collision-control", "rho": 3, "s": 2, "feasible": false}
{"kind": "image", "N": 6, "system": "A", "affine": false, "reader": "collision-control", "rho": 3, "s": 3, "feasible": true}
{"kind": "closure", "N": 6, "system": "B", "d": 1, "dim_T": 43, "dim_V": 7, "dim_NS_span": 7, "closure_rounds": 0, "one_in_V": false, "seconds": 0.0}
{"kind": "closure", "N": 6, "system": "B", "d": 2, "dim_T": 673, "dim_V": 238, "dim_NS_span": 238, "closure_rounds": 1, "one_in_V": false, "seconds": 0.0}
{"kind": "closure", "N": 6, "system": "B", "d": 3, "dim_T": 4873, "dim_V": 2793, "dim_NS_span": 2793, "closure_rounds": 1, "one_in_V": false, "seconds": 0.1}
{"kind": "closure", "N": 6, "system": "B", "d": 4, "dim_T": 17473, "dim_V": 17473, "dim_NS_span": 14094, "closure_rounds": 4, "one_in_V": true, "seconds": 14.3}
{"kind": "image", "N": 6, "system": "B", "affine": false, "reader": "dense-2-0", "rho": 2, "s": 1, "feasible": false}
{"kind": "image", "N": 6, "system": "B", "affine": false, "reader": "dense-2-0", "rho": 2, "s": 2, "feasible": true}
{"kind": "image", "N": 6, "system": "B", "affine": false, "reader": "dense-2-0", "rho": 2, "s": 3, "feasible": true}
{"kind": "image", "N": 6, "system": "B", "affine": false, "reader": "dense-3-0", "rho": 3, "s": 1, "feasible": false}
{"kind": "image", "N": 6, "system": "B", "affine": false, "reader": "dense-3-0", "rho": 3, "s": 2, "feasible": false}
{"kind": "image", "N": 6, "system": "B", "affine": false, "reader": "dense-3-0", "rho": 3, "s": 3, "feasible": true}
{"kind": "image", "N": 6, "system": "B", "affine": false, "reader": "symmetric-3", "rho": 3, "s": 1, "feasible": true}
{"kind": "image", "N": 6, "system": "B", "affine": false, "reader": "symmetric-3", "rho": 3, "s": 2, "feasible": true}
{"kind": "image", "N": 6, "system": "B", "affine": false, "reader": "symmetric-3", "rho": 3, "s": 3, "feasible": true}
{"kind": "image", "N": 6, "system": "B", "affine": false, "reader": "collision-control", "rho": 3, "s": 1, "feasible": false}
{"kind": "image", "N": 6, "system": "B", "affine": false, "reader": "collision-control", "rho": 3, "s": 2, "feasible": true}
{"kind": "image", "N": 6, "system": "B", "affine": false, "reader": "collision-control", "rho": 3, "s": 3, "feasible": true}
Exit 0; log: research/logs/php_relative_images_20260918_217-6df879546a.output.txt
{"kind": "closure", "N": 8, "system": "B", "d": 2, "dim_T": 2089, "dim_V": 549, "dim_NS_span": 549, "closure_rounds": 1, "one_in_V": false, "seconds": 0.3}
{"kind": "closure", "N": 8, "system": "B", "d": 4, "dim_T": 241993, "dim_V": 143643, "dim_NS_span": 143643, "closure_rounds": 1, "one_in_V": false, "seconds": 21.1}
{"kind": "image-rank2", "N": 8, "system": "B", "reader": "dense-rank2-a2-0", "terms": 2, "s": 2, "w": 2, "feasible_with_hole_axioms": false, "P_row_degree_at_least_3_on_labelings": true, "seconds": 75.2}
{"kind": "image-rank2", "N": 8, "system": "B", "reader": "dense-rank2-a2-1", "terms": 2, "s": 2, "w": 2, "feasible_with_hole_axioms": false, "P_row_degree_at_least_3_on_labelings": true, "seconds": 130.0}
{"kind": "image-rank2", "N": 8, "system": "B", "reader": "dense-rank2-a4-0", "terms": 4, "s": 2, "w": 2, "feasible_with_hole_axioms": false, "P_row_degree_at_least_3_on_labelings": true, "seconds": 239.0}
{"kind": "image-rank2", "N": 8, "system": "B", "reader": "dense-rank2-a4-1", "terms": 4, "s": 2, "w": 2, "feasible_with_hole_axioms": false, "P_row_degree_at_least_3_on_labelings": true, "seconds": 344.4}
{"kind": "image-rank2", "N": 8, "system": "B", "reader": "dense-rank2-a8-0", "terms": 8, "s": 2, "w": 2, "feasible_with_hole_axioms": false, "P_row_degree_at_least_3_on_labelings": true, "seconds": 554.1}
{"kind": "image-rank2", "N": 8, "system": "B", "reader": "dense-rank2-a8-1", "terms": 8, "s": 2, "w": 2, "feasible_with_hole_axioms": false, "P_row_degree_at_least_3_on_labelings": true, "seconds": 752.5}
{"kind": "image-rank2", "N": 8, "system": "B", "reader": "collision-control", "terms": 2, "s": 2, "w": 2, "feasible_with_hole_axioms": true, "P_row_degree_at_least_3_on_labelings": true, "seconds": 753.7}
Exit 0; log: research/logs/php_relative_images_20260918_217-7e399ea06c.output.txt
