=== batch 7: --code-rule current --reveal-slots (code labels outside the pin labels of the current terms up to the move) on the batch-5 configurations
=== --tree compact --fill-domain notail --code-rule current --reveal-slots --L2 2 --e 1 --w 1 --h 2 --labels 2 --seed 1
|Phi_e| = 2016, fillings per restriction at most 6, pairs at most 12096
{"L": 3, "L2": 2, "n": 8, "N": 4, "e": 1, "w": 1, "h": 2, "seed": 1, "labels": 2, "hole_always": false, "encoding": "node", "fill_domain": "notail", "pin_test": false, "skip_killed": false, "code_rule": "current", "reveal_slots": true, "tree": "compact", "two_role": false, "two_role_example": false, "two_role_example2": false, "X": [6, 7], "pairs": 6720, "G": 6720, "bad": 5862, "bad_G": 5862, "rich_G": 5094, "rich_offG": 0, "fail_G": 0, "fail_offG": 0, "max_height": 2}
exit 0
=== --tree compact --fill-domain notail --code-rule current --reveal-slots --L2 2 --e 2 --w 1 --h 3 --labels 2 --seed 3
|Phi_e| = 432, fillings per restriction at most 42, pairs at most 18144
{"L": 3, "L2": 2, "n": 8, "N": 4, "e": 2, "w": 1, "h": 3, "seed": 3, "labels": 2, "hole_always": false, "encoding": "node", "fill_domain": "notail", "pin_test": false, "skip_killed": false, "code_rule": "current", "reveal_slots": true, "tree": "compact", "two_role": false, "two_role_example": false, "two_role_example2": false, "X": [4, 7], "pairs": 5040, "G": 5040, "bad": 2538, "bad_G": 2538, "rich_G": 136, "rich_offG": 0, "fail_G": 0, "fail_offG": 0, "max_height": 3}
exit 0
=== --tree compact --fill-domain notail --code-rule current --reveal-slots --L2 2 --e 2 --w 1 --h 3 --labels 0 --seed 4
|Phi_e| = 432, fillings per restriction at most 42, pairs at most 18144
{"L": 3, "L2": 2, "n": 8, "N": 4, "e": 2, "w": 1, "h": 3, "seed": 4, "labels": 0, "hole_always": false, "encoding": "node", "fill_domain": "notail", "pin_test": false, "skip_killed": false, "code_rule": "current", "reveal_slots": true, "tree": "compact", "two_role": false, "two_role_example": false, "two_role_example2": false, "X": [1, 2, 3, 4], "pairs": 7560, "G": 1260, "bad": 3318, "bad_G": 568, "rich_G": 492, "rich_offG": 1641, "fail_G": 0, "fail_offG": 0, "max_height": 3}
exit 0
=== --tree compact --fill-domain notail --code-rule current --reveal-slots --L2 2 --e 2 --w 2 --h 3 --labels 2 --seed 5 --terms 8 --pinned-rows 4
|Phi_e| = 432, fillings per restriction at most 42, pairs at most 18144
{"L": 3, "L2": 2, "n": 8, "N": 4, "e": 2, "w": 2, "h": 3, "seed": 5, "labels": 2, "hole_always": false, "encoding": "node", "fill_domain": "notail", "pin_test": false, "skip_killed": false, "code_rule": "current", "reveal_slots": true, "tree": "compact", "two_role": false, "two_role_example": false, "two_role_example2": false, "X": [0, 2], "pairs": 3024, "G": 1512, "bad": 2099, "bad_G": 1102, "rich_G": 450, "rich_offG": 505, "fail_G": 0, "fail_offG": 0, "max_height": 3}
exit 0
=== --tree compact --fill-domain notail --code-rule current --reveal-slots --L2 2 --e 2 --w 1 --h 3 --labels 1 --seed 6 --terms 7 --pinned-rows 6
|Phi_e| = 432, fillings per restriction at most 42, pairs at most 18144
{"L": 3, "L2": 2, "n": 8, "N": 4, "e": 2, "w": 1, "h": 3, "seed": 6, "labels": 1, "hole_always": false, "encoding": "node", "fill_domain": "notail", "pin_test": false, "skip_killed": false, "code_rule": "current", "reveal_slots": true, "tree": "compact", "two_role": false, "two_role_example": false, "two_role_example2": false, "X": [5], "pairs": 7560, "G": 7560, "bad": 6456, "bad_G": 6456, "rich_G": 5264, "rich_offG": 0, "fail_G": 0, "fail_offG": 0, "max_height": 3}
exit 0
=== --tree compact --fill-domain notail --code-rule current --reveal-slots --L2 2 --e 2 --w 1 --h 4 --labels 2 --seed 7 --terms 8 --pinned-rows 5
|Phi_e| = 432, fillings per restriction at most 42, pairs at most 18144
{"L": 3, "L2": 2, "n": 8, "N": 4, "e": 2, "w": 1, "h": 4, "seed": 7, "labels": 2, "hole_always": false, "encoding": "node", "fill_domain": "notail", "pin_test": false, "skip_killed": false, "code_rule": "current", "reveal_slots": true, "tree": "compact", "two_role": false, "two_role_example": false, "two_role_example2": false, "X": [4, 5], "pairs": 5040, "G": 2520, "bad": 894, "bad_G": 516, "rich_G": 296, "rich_offG": 176, "fail_G": 0, "fail_offG": 0, "max_height": 4}
exit 0
=== --tree compact --fill-domain notail --code-rule current --reveal-slots --L2 2 --e 2 --w 2 --h 4 --labels 3 --seed 8 --terms 9 --pinned-rows 4 --tail-rows 3
|Phi_e| = 432, fillings per restriction at most 42, pairs at most 18144
{"L": 3, "L2": 2, "n": 8, "N": 4, "e": 2, "w": 2, "h": 4, "seed": 8, "labels": 3, "hole_always": false, "encoding": "node", "fill_domain": "notail", "pin_test": false, "skip_killed": false, "code_rule": "current", "reveal_slots": true, "tree": "compact", "two_role": false, "two_role_example": false, "two_role_example2": false, "X": [1, 6, 7], "pairs": 3024, "G": 504, "bad": 836, "bad_G": 100, "rich_G": 0, "rich_offG": 4, "fail_G": 0, "fail_offG": 0, "max_height": 4}
exit 0
=== --tree compact --fill-domain notail --code-rule current --reveal-slots --L2 2 --e 2 --w 1 --h 3 --labels 3 --seed 9 --terms 8 --pinned-rows 4
|Phi_e| = 432, fillings per restriction at most 42, pairs at most 18144
{"L": 3, "L2": 2, "n": 8, "N": 4, "e": 2, "w": 1, "h": 3, "seed": 9, "labels": 3, "hole_always": false, "encoding": "node", "fill_domain": "notail", "pin_test": false, "skip_killed": false, "code_rule": "current", "reveal_slots": true, "tree": "compact", "two_role": false, "two_role_example": false, "two_role_example2": false, "X": [0, 2, 4], "pairs": 3024, "G": 504, "bad": 1762, "bad_G": 300, "rich_G": 0, "rich_offG": 556, "fail_G": 0, "fail_offG": 0, "max_height": 3}
exit 0
=== --tree compact --fill-domain notail --code-rule current --reveal-slots --L2 2 --e 2 --w 1 --h 3 --labels 0 --seed 10 --terms 7 --pinned-rows 5
|Phi_e| = 432, fillings per restriction at most 42, pairs at most 18144
{"L": 3, "L2": 2, "n": 8, "N": 4, "e": 2, "w": 1, "h": 3, "seed": 10, "labels": 0, "hole_always": false, "encoding": "node", "fill_domain": "notail", "pin_test": false, "skip_killed": false, "code_rule": "current", "reveal_slots": true, "tree": "compact", "two_role": false, "two_role_example": false, "two_role_example2": false, "X": [2, 4, 5, 7], "pairs": 5040, "G": 840, "bad": 2996, "bad_G": 510, "rich_G": 368, "rich_offG": 1360, "fail_G": 0, "fail_offG": 0, "max_height": 3}
exit 0
=== --tree compact --fill-domain notail --code-rule current --reveal-slots --L2 2 --e 2 --w 1 --h 3 --labels 0 --seed 11 --terms 12 --pinned-rows 3
|Phi_e| = 432, fillings per restriction at most 42, pairs at most 18144
{"L": 3, "L2": 2, "n": 8, "N": 4, "e": 2, "w": 1, "h": 3, "seed": 11, "labels": 0, "hole_always": false, "encoding": "node", "fill_domain": "notail", "pin_test": false, "skip_killed": false, "code_rule": "current", "reveal_slots": true, "tree": "compact", "two_role": false, "two_role_example": false, "two_role_example2": false, "X": [0, 1, 3, 6, 7], "pairs": 1512, "G": 0, "bad": 581, "bad_G": 0, "rich_G": 0, "rich_offG": 219, "fail_G": 0, "fail_offG": 0, "max_height": 3}
exit 0
=== --tree compact --fill-domain notail --code-rule current --reveal-slots --L2 2 --e 2 --w 1 --h 4 --labels 0 --seed 12 --terms 12 --pinned-rows 4
|Phi_e| = 432, fillings per restriction at most 42, pairs at most 18144
{"L": 3, "L2": 2, "n": 8, "N": 4, "e": 2, "w": 1, "h": 4, "seed": 12, "labels": 0, "hole_always": false, "encoding": "node", "fill_domain": "notail", "pin_test": false, "skip_killed": false, "code_rule": "current", "reveal_slots": true, "tree": "compact", "two_role": false, "two_role_example": false, "two_role_example2": false, "X": [0, 2, 3, 6, 7], "pairs": 3024, "G": 0, "bad": 752, "bad_G": 0, "rich_G": 0, "rich_offG": 167, "fail_G": 0, "fail_offG": 0, "max_height": 4}
exit 0
=== batch 7, two-role: --code-rule current-two-role --reveal-slots on the batch-6 configurations
=== --tree compact --fill-domain notail --code-rule current-two-role --reveal-slots --L2 2 --two-role-example --e 1 --w 1 --h 2
|Phi_e| = 2016, fillings per restriction at most 6, pairs at most 12096
{"L": 3, "L2": 2, "n": 8, "N": 4, "e": 1, "w": 1, "h": 2, "seed": 20260918, "labels": 0, "hole_always": false, "encoding": "node", "fill_domain": "notail", "pin_test": false, "skip_killed": false, "code_rule": "current-two-role", "reveal_slots": true, "tree": "compact", "two_role": true, "two_role_example": true, "two_role_example2": false, "X": [0, 2], "pairs": 8064, "G": 8064, "bad": 4980, "bad_G": 4980, "rich_G": 2100, "rich_offG": 0, "fail_G": 0, "fail_offG": 0, "max_height": 2}
exit 0
=== --tree compact --fill-domain notail --code-rule current-two-role --reveal-slots --L2 2 --two-role-example --e 2 --w 1 --h 2
|Phi_e| = 432, fillings per restriction at most 42, pairs at most 18144
{"L": 3, "L2": 2, "n": 8, "N": 4, "e": 2, "w": 1, "h": 2, "seed": 20260918, "labels": 0, "hole_always": false, "encoding": "node", "fill_domain": "notail", "pin_test": false, "skip_killed": false, "code_rule": "current-two-role", "reveal_slots": true, "tree": "compact", "two_role": true, "two_role_example": true, "two_role_example2": false, "X": [0, 2], "pairs": 7560, "G": 7560, "bad": 5160, "bad_G": 5160, "rich_G": 1560, "rich_offG": 0, "fail_G": 0, "fail_offG": 0, "max_height": 2}
exit 0
=== --tree compact --fill-domain notail --code-rule current-two-role --reveal-slots --L2 2 --two-role-example --e 2 --w 1 --h 3
|Phi_e| = 432, fillings per restriction at most 42, pairs at most 18144
{"L": 3, "L2": 2, "n": 8, "N": 4, "e": 2, "w": 1, "h": 3, "seed": 20260918, "labels": 0, "hole_always": false, "encoding": "node", "fill_domain": "notail", "pin_test": false, "skip_killed": false, "code_rule": "current-two-role", "reveal_slots": true, "tree": "compact", "two_role": true, "two_role_example": true, "two_role_example2": false, "X": [0, 2], "pairs": 7560, "G": 7560, "bad": 5040, "bad_G": 5040, "rich_G": 1320, "rich_offG": 0, "fail_G": 0, "fail_offG": 0, "max_height": 3}
exit 0
=== --tree compact --fill-domain notail --code-rule current-two-role --reveal-slots --L2 2 --two-role-example2 --e 2 --w 1 --h 2
|Phi_e| = 432, fillings per restriction at most 42, pairs at most 18144
{"L": 3, "L2": 2, "n": 8, "N": 4, "e": 2, "w": 1, "h": 2, "seed": 20260918, "labels": 0, "hole_always": false, "encoding": "node", "fill_domain": "notail", "pin_test": false, "skip_killed": false, "code_rule": "current-two-role", "reveal_slots": true, "tree": "compact", "two_role": true, "two_role_example": false, "two_role_example2": true, "X": [0, 1], "pairs": 7560, "G": 3780, "bad": 5740, "bad_G": 2860, "rich_G": 2660, "rich_offG": 1800, "fail_G": 0, "fail_offG": 0, "max_height": 2}
exit 0
=== --tree compact --fill-domain notail --code-rule current-two-role --reveal-slots --L2 2 --two-role-example2 --e 2 --w 1 --h 3
|Phi_e| = 432, fillings per restriction at most 42, pairs at most 18144
{"L": 3, "L2": 2, "n": 8, "N": 4, "e": 2, "w": 1, "h": 3, "seed": 20260918, "labels": 0, "hole_always": false, "encoding": "node", "fill_domain": "notail", "pin_test": false, "skip_killed": false, "code_rule": "current-two-role", "reveal_slots": true, "tree": "compact", "two_role": true, "two_role_example": false, "two_role_example2": true, "X": [0, 1], "pairs": 7560, "G": 3780, "bad": 3380, "bad_G": 1660, "rich_G": 1520, "rich_offG": 720, "fail_G": 0, "fail_offG": 0, "max_height": 3}
exit 0
=== --tree compact --fill-domain notail --code-rule current-two-role --reveal-slots --L2 2 --two-role --e 2 --w 1 --h 3 --labels 0 --seed 21
|Phi_e| = 432, fillings per restriction at most 42, pairs at most 18144
{"L": 3, "L2": 2, "n": 8, "N": 4, "e": 2, "w": 1, "h": 3, "seed": 21, "labels": 0, "hole_always": false, "encoding": "node", "fill_domain": "notail", "pin_test": false, "skip_killed": false, "code_rule": "current-two-role", "reveal_slots": true, "tree": "compact", "two_role": true, "two_role_example": false, "two_role_example2": false, "X": [1, 2, 3, 6], "pairs": 5040, "G": 840, "bad": 2778, "bad_G": 532, "rich_G": 406, "rich_offG": 1458, "fail_G": 0, "fail_offG": 0, "max_height": 3}
exit 0
=== --tree compact --fill-domain notail --code-rule current-two-role --reveal-slots --L2 2 --two-role --e 2 --w 1 --h 3 --labels 2 --seed 22
|Phi_e| = 432, fillings per restriction at most 42, pairs at most 18144
{"L": 3, "L2": 2, "n": 8, "N": 4, "e": 2, "w": 1, "h": 3, "seed": 22, "labels": 2, "hole_always": false, "encoding": "node", "fill_domain": "notail", "pin_test": false, "skip_killed": false, "code_rule": "current-two-role", "reveal_slots": true, "tree": "compact", "two_role": true, "two_role_example": false, "two_role_example2": false, "X": [1, 7], "pairs": 5040, "G": 2520, "bad": 2298, "bad_G": 1224, "rich_G": 1046, "rich_offG": 893, "fail_G": 0, "fail_offG": 0, "max_height": 3}
exit 0
=== --tree compact --fill-domain notail --code-rule current-two-role --reveal-slots --L2 2 --two-role --e 2 --w 1 --h 3 --labels 3 --seed 23
|Phi_e| = 432, fillings per restriction at most 42, pairs at most 18144
{"L": 3, "L2": 2, "n": 8, "N": 4, "e": 2, "w": 1, "h": 3, "seed": 23, "labels": 3, "hole_always": false, "encoding": "node", "fill_domain": "notail", "pin_test": false, "skip_killed": false, "code_rule": "current-two-role", "reveal_slots": true, "tree": "compact", "two_role": true, "two_role_example": false, "two_role_example2": false, "X": [1, 2, 5], "pairs": 3024, "G": 1512, "bad": 1302, "bad_G": 706, "rich_G": 438, "rich_offG": 390, "fail_G": 0, "fail_offG": 0, "max_height": 3}
exit 0
=== --tree compact --fill-domain notail --code-rule current-two-role --reveal-slots --L2 2 --two-role --e 2 --w 2 --h 3 --labels 0 --seed 24
|Phi_e| = 432, fillings per restriction at most 42, pairs at most 18144
{"L": 3, "L2": 2, "n": 8, "N": 4, "e": 2, "w": 2, "h": 3, "seed": 24, "labels": 0, "hole_always": false, "encoding": "node", "fill_domain": "notail", "pin_test": false, "skip_killed": false, "code_rule": "current-two-role", "reveal_slots": true, "tree": "compact", "two_role": true, "two_role_example": false, "two_role_example2": false, "X": [2, 3, 4], "pairs": 5040, "G": 840, "bad": 2694, "bad_G": 444, "rich_G": 30, "rich_offG": 152, "fail_G": 0, "fail_offG": 0, "max_height": 3}
exit 0
=== --tree compact --fill-domain notail --code-rule current-two-role --reveal-slots --L2 2 --two-role --e 2 --w 1 --h 3 --labels 2 --seed 26
|Phi_e| = 432, fillings per restriction at most 42, pairs at most 18144
{"L": 3, "L2": 2, "n": 8, "N": 4, "e": 2, "w": 1, "h": 3, "seed": 26, "labels": 2, "hole_always": false, "encoding": "node", "fill_domain": "notail", "pin_test": false, "skip_killed": false, "code_rule": "current-two-role", "reveal_slots": true, "tree": "compact", "two_role": true, "two_role_example": false, "two_role_example2": false, "X": [5, 6], "pairs": 5040, "G": 2520, "bad": 2160, "bad_G": 1104, "rich_G": 632, "rich_offG": 760, "fail_G": 0, "fail_offG": 0, "max_height": 3}
exit 0
=== --tree compact --fill-domain notail --code-rule current-two-role --reveal-slots --L2 2 --two-role --e 2 --w 1 --h 3 --labels 0 --seed 27
|Phi_e| = 432, fillings per restriction at most 42, pairs at most 18144
{"L": 3, "L2": 2, "n": 8, "N": 4, "e": 2, "w": 1, "h": 3, "seed": 27, "labels": 0, "hole_always": false, "encoding": "node", "fill_domain": "notail", "pin_test": false, "skip_killed": false, "code_rule": "current-two-role", "reveal_slots": true, "tree": "compact", "two_role": true, "two_role_example": false, "two_role_example2": false, "X": [1, 3, 6, 7], "pairs": 1512, "G": 252, "bad": 919, "bad_G": 152, "rich_G": 144, "rich_offG": 456, "fail_G": 0, "fail_offG": 0, "max_height": 3}
exit 0
=== controls: --code-rule current without --reveal-slots (the decoder must learn the slot's label; failures expected), --code-rule any --reveal-slots (labels of current terms allowed; failures expected)
=== --tree compact --fill-domain notail --code-rule current --L2 2 --e 2 --w 1 --h 3 --labels 0 --seed 4
|Phi_e| = 432, fillings per restriction at most 42, pairs at most 18144
{"L": 3, "L2": 2, "n": 8, "N": 4, "e": 2, "w": 1, "h": 3, "seed": 4, "labels": 0, "hole_always": false, "encoding": "node", "fill_domain": "notail", "pin_test": false, "skip_killed": false, "code_rule": "current", "reveal_slots": false, "tree": "compact", "two_role": false, "two_role_example": false, "two_role_example2": false, "X": [1, 2, 3, 4], "pairs": 7560, "G": 1260, "bad": 3318, "bad_G": 568, "rich_G": 492, "rich_offG": 1641, "fail_G": 0, "fail_offG": 9, "max_height": 3}
exit 0
=== --tree compact --fill-domain notail --code-rule current --L2 2 --e 2 --w 1 --h 3 --labels 0 --seed 10 --terms 7 --pinned-rows 5
|Phi_e| = 432, fillings per restriction at most 42, pairs at most 18144
{"L": 3, "L2": 2, "n": 8, "N": 4, "e": 2, "w": 1, "h": 3, "seed": 10, "labels": 0, "hole_always": false, "encoding": "node", "fill_domain": "notail", "pin_test": false, "skip_killed": false, "code_rule": "current", "reveal_slots": false, "tree": "compact", "two_role": false, "two_role_example": false, "two_role_example2": false, "X": [2, 4, 5, 7], "pairs": 5040, "G": 840, "bad": 2996, "bad_G": 510, "rich_G": 368, "rich_offG": 1360, "fail_G": 0, "fail_offG": 0, "max_height": 3}
exit 0
=== --tree compact --fill-domain notail --code-rule any --reveal-slots --L2 2 --e 2 --w 1 --h 3 --labels 0 --seed 4
|Phi_e| = 432, fillings per restriction at most 42, pairs at most 18144
{"L": 3, "L2": 2, "n": 8, "N": 4, "e": 2, "w": 1, "h": 3, "seed": 4, "labels": 0, "hole_always": false, "encoding": "node", "fill_domain": "notail", "pin_test": false, "skip_killed": false, "code_rule": "any", "reveal_slots": true, "tree": "compact", "two_role": false, "two_role_example": false, "two_role_example2": false, "X": [1, 2, 3, 4], "pairs": 7560, "G": 1260, "bad": 3318, "bad_G": 568, "rich_G": 492, "rich_offG": 1816, "fail_G": 0, "fail_offG": 175, "max_height": 3}
exit 0
=== --tree compact --fill-domain notail --code-rule any --reveal-slots --L2 2 --e 2 --w 1 --h 3 --labels 0 --seed 10 --terms 7 --pinned-rows 5
|Phi_e| = 432, fillings per restriction at most 42, pairs at most 18144
{"L": 3, "L2": 2, "n": 8, "N": 4, "e": 2, "w": 1, "h": 3, "seed": 10, "labels": 0, "hole_always": false, "encoding": "node", "fill_domain": "notail", "pin_test": false, "skip_killed": false, "code_rule": "any", "reveal_slots": true, "tree": "compact", "two_role": false, "two_role_example": false, "two_role_example2": false, "X": [2, 4, 5, 7], "pairs": 5040, "G": 840, "bad": 2996, "bad_G": 510, "rich_G": 368, "rich_offG": 1498, "fail_G": 0, "fail_offG": 181, "max_height": 3}
exit 0
=== batch 7 done
=== batch 7b: the dense (all-pairs) reader: --code-rule own has no valid labels; --code-rule current --reveal-slots must decode; --code-rule any --reveal-slots is the control
=== --tree compact --fill-domain notail --dense-example --L2 2 --code-rule own --e 2 --w 1 --h 2
|Phi_e| = 432, fillings per restriction at most 42, pairs at most 18144
{"L": 3, "L2": 2, "n": 8, "N": 4, "e": 2, "w": 1, "h": 2, "seed": 20260918, "labels": 0, "hole_always": false, "encoding": "node", "fill_domain": "notail", "pin_test": false, "skip_killed": false, "code_rule": "own", "reveal_slots": false, "tree": "compact", "two_role": false, "two_role_example": false, "two_role_example2": false, "dense_example": true, "X": [0, 2, 4, 6], "pairs": 7560, "G": 7560, "bad": 7560, "bad_G": 7560, "rich_G": 2160, "rich_offG": 0, "fail_G": 0, "fail_offG": 0, "max_height": 2, "xcur_ok": 0, "xcur_fail": 0, "noxcur_fail": 0}
exit 0
=== --tree compact --fill-domain notail --dense-example --L2 2 --code-rule current --reveal-slots --e 2 --w 1 --h 2
|Phi_e| = 432, fillings per restriction at most 42, pairs at most 18144
{"L": 3, "L2": 2, "n": 8, "N": 4, "e": 2, "w": 1, "h": 2, "seed": 20260918, "labels": 0, "hole_always": false, "encoding": "node", "fill_domain": "notail", "pin_test": false, "skip_killed": false, "code_rule": "current", "reveal_slots": true, "tree": "compact", "two_role": false, "two_role_example": false, "two_role_example2": false, "dense_example": true, "X": [0, 2, 4, 6], "pairs": 7560, "G": 7560, "bad": 7560, "bad_G": 7560, "rich_G": 2160, "rich_offG": 0, "fail_G": 0, "fail_offG": 0, "max_height": 2, "xcur_ok": 0, "xcur_fail": 0, "noxcur_fail": 0}
exit 0
=== --tree compact --fill-domain notail --dense-example --L2 2 --code-rule any --reveal-slots --e 2 --w 1 --h 2
|Phi_e| = 432, fillings per restriction at most 42, pairs at most 18144
{"L": 3, "L2": 2, "n": 8, "N": 4, "e": 2, "w": 1, "h": 2, "seed": 20260918, "labels": 0, "hole_always": false, "encoding": "node", "fill_domain": "notail", "pin_test": false, "skip_killed": false, "code_rule": "any", "reveal_slots": true, "tree": "compact", "two_role": false, "two_role_example": false, "two_role_example2": false, "dense_example": true, "X": [0, 2, 4, 6], "pairs": 7560, "G": 7560, "bad": 7560, "bad_G": 7560, "rich_G": 2160, "rich_offG": 0, "fail_G": 0, "fail_offG": 0, "max_height": 2, "xcur_ok": 0, "xcur_fail": 0, "noxcur_fail": 0}
exit 0
=== --tree compact --fill-domain notail --dense-example --L2 2 --code-rule own --e 2 --w 1 --h 3
|Phi_e| = 432, fillings per restriction at most 42, pairs at most 18144
{"L": 3, "L2": 2, "n": 8, "N": 4, "e": 2, "w": 1, "h": 3, "seed": 20260918, "labels": 0, "hole_always": false, "encoding": "node", "fill_domain": "notail", "pin_test": false, "skip_killed": false, "code_rule": "own", "reveal_slots": false, "tree": "compact", "two_role": false, "two_role_example": false, "two_role_example2": false, "dense_example": true, "X": [0, 2, 4, 6], "pairs": 7560, "G": 7560, "bad": 7560, "bad_G": 7560, "rich_G": 0, "rich_offG": 0, "fail_G": 0, "fail_offG": 0, "max_height": 3, "xcur_ok": 0, "xcur_fail": 0, "noxcur_fail": 0}
exit 0
=== --tree compact --fill-domain notail --dense-example --L2 2 --code-rule current --reveal-slots --e 2 --w 1 --h 3
|Phi_e| = 432, fillings per restriction at most 42, pairs at most 18144
{"L": 3, "L2": 2, "n": 8, "N": 4, "e": 2, "w": 1, "h": 3, "seed": 20260918, "labels": 0, "hole_always": false, "encoding": "node", "fill_domain": "notail", "pin_test": false, "skip_killed": false, "code_rule": "current", "reveal_slots": true, "tree": "compact", "two_role": false, "two_role_example": false, "two_role_example2": false, "dense_example": true, "X": [0, 2, 4, 6], "pairs": 7560, "G": 7560, "bad": 7560, "bad_G": 7560, "rich_G": 0, "rich_offG": 0, "fail_G": 0, "fail_offG": 0, "max_height": 3, "xcur_ok": 0, "xcur_fail": 0, "noxcur_fail": 0}
exit 0
=== --tree compact --fill-domain notail --dense-example --L2 2 --code-rule any --reveal-slots --e 2 --w 1 --h 3
|Phi_e| = 432, fillings per restriction at most 42, pairs at most 18144
{"L": 3, "L2": 2, "n": 8, "N": 4, "e": 2, "w": 1, "h": 3, "seed": 20260918, "labels": 0, "hole_always": false, "encoding": "node", "fill_domain": "notail", "pin_test": false, "skip_killed": false, "code_rule": "any", "reveal_slots": true, "tree": "compact", "two_role": false, "two_role_example": false, "two_role_example2": false, "dense_example": true, "X": [0, 2, 4, 6], "pairs": 7560, "G": 7560, "bad": 7560, "bad_G": 7560, "rich_G": 0, "rich_offG": 0, "fail_G": 0, "fail_offG": 0, "max_height": 3, "xcur_ok": 0, "xcur_fail": 0, "noxcur_fail": 0}
exit 0
=== --tree compact --fill-domain notail --dense-example --L2 2 --code-rule own --e 3 --w 1 --h 3
|Phi_e| = 36, fillings per restriction at most 336, pairs at most 12096
{"L": 3, "L2": 2, "n": 8, "N": 4, "e": 3, "w": 1, "h": 3, "seed": 20260918, "labels": 0, "hole_always": false, "encoding": "node", "fill_domain": "notail", "pin_test": false, "skip_killed": false, "code_rule": "own", "reveal_slots": false, "tree": "compact", "two_role": false, "two_role_example": false, "two_role_example2": false, "dense_example": true, "X": [0, 2, 4, 6], "pairs": 2880, "G": 2880, "bad": 2880, "bad_G": 2880, "rich_G": 0, "rich_offG": 0, "fail_G": 0, "fail_offG": 0, "max_height": 3, "xcur_ok": 0, "xcur_fail": 0, "noxcur_fail": 0}
exit 0
=== --tree compact --fill-domain notail --dense-example --L2 2 --code-rule current --reveal-slots --e 3 --w 1 --h 3
|Phi_e| = 36, fillings per restriction at most 336, pairs at most 12096
{"L": 3, "L2": 2, "n": 8, "N": 4, "e": 3, "w": 1, "h": 3, "seed": 20260918, "labels": 0, "hole_always": false, "encoding": "node", "fill_domain": "notail", "pin_test": false, "skip_killed": false, "code_rule": "current", "reveal_slots": true, "tree": "compact", "two_role": false, "two_role_example": false, "two_role_example2": false, "dense_example": true, "X": [0, 2, 4, 6], "pairs": 2880, "G": 2880, "bad": 2880, "bad_G": 2880, "rich_G": 0, "rich_offG": 0, "fail_G": 0, "fail_offG": 0, "max_height": 3, "xcur_ok": 0, "xcur_fail": 0, "noxcur_fail": 0}
exit 0
=== --tree compact --fill-domain notail --dense-example --L2 2 --code-rule any --reveal-slots --e 3 --w 1 --h 3
|Phi_e| = 36, fillings per restriction at most 336, pairs at most 12096
{"L": 3, "L2": 2, "n": 8, "N": 4, "e": 3, "w": 1, "h": 3, "seed": 20260918, "labels": 0, "hole_always": false, "encoding": "node", "fill_domain": "notail", "pin_test": false, "skip_killed": false, "code_rule": "any", "reveal_slots": true, "tree": "compact", "two_role": false, "two_role_example": false, "two_role_example2": false, "dense_example": true, "X": [0, 2, 4, 6], "pairs": 2880, "G": 2880, "bad": 2880, "bad_G": 2880, "rich_G": 0, "rich_offG": 0, "fail_G": 0, "fail_offG": 0, "max_height": 3, "xcur_ok": 0, "xcur_fail": 0, "noxcur_fail": 0}
exit 0
=== batch 7b: the batch-6 random two-role readers (exact configurations) under --code-rule current-two-role --reveal-slots
=== --tree compact --fill-domain notail --code-rule current-two-role --reveal-slots --L2 2 --two-role --labels 0 --seed 21 --e 2 --w 1 --h 3 --terms 8 --pinned-rows 4
|Phi_e| = 432, fillings per restriction at most 42, pairs at most 18144
{"L": 3, "L2": 2, "n": 8, "N": 4, "e": 2, "w": 1, "h": 3, "seed": 21, "labels": 0, "hole_always": false, "encoding": "node", "fill_domain": "notail", "pin_test": false, "skip_killed": false, "code_rule": "current-two-role", "reveal_slots": true, "tree": "compact", "two_role": true, "two_role_example": false, "two_role_example2": false, "dense_example": false, "X": [1, 2, 3, 6], "pairs": 1512, "G": 252, "bad": 587, "bad_G": 162, "rich_G": 0, "rich_offG": 13, "fail_G": 0, "fail_offG": 0, "max_height": 3, "xcur_ok": 0, "xcur_fail": 0, "noxcur_fail": 0}
exit 0
=== --tree compact --fill-domain notail --code-rule current-two-role --reveal-slots --L2 2 --two-role --labels 2 --seed 22 --e 2 --w 1 --h 3 --terms 8 --pinned-rows 5
|Phi_e| = 432, fillings per restriction at most 42, pairs at most 18144
{"L": 3, "L2": 2, "n": 8, "N": 4, "e": 2, "w": 1, "h": 3, "seed": 22, "labels": 2, "hole_always": false, "encoding": "node", "fill_domain": "notail", "pin_test": false, "skip_killed": false, "code_rule": "current-two-role", "reveal_slots": true, "tree": "compact", "two_role": true, "two_role_example": false, "two_role_example2": false, "dense_example": false, "X": [1, 7], "pairs": 1512, "G": 756, "bad": 770, "bad_G": 420, "rich_G": 322, "rich_offG": 330, "fail_G": 0, "fail_offG": 0, "max_height": 3, "xcur_ok": 0, "xcur_fail": 0, "noxcur_fail": 0}
exit 0
=== --tree compact --fill-domain notail --code-rule current-two-role --reveal-slots --L2 2 --two-role --labels 3 --seed 23 --e 2 --w 1 --h 3 --terms 9 --pinned-rows 5
|Phi_e| = 432, fillings per restriction at most 42, pairs at most 18144
{"L": 3, "L2": 2, "n": 8, "N": 4, "e": 2, "w": 1, "h": 3, "seed": 23, "labels": 3, "hole_always": false, "encoding": "node", "fill_domain": "notail", "pin_test": false, "skip_killed": false, "code_rule": "current-two-role", "reveal_slots": true, "tree": "compact", "two_role": true, "two_role_example": false, "two_role_example2": false, "dense_example": false, "X": [1, 2, 5], "pairs": 504, "G": 252, "bad": 358, "bad_G": 216, "rich_G": 106, "rich_offG": 83, "fail_G": 0, "fail_offG": 0, "max_height": 3, "xcur_ok": 0, "xcur_fail": 0, "noxcur_fail": 0}
exit 0
=== --tree compact --fill-domain notail --code-rule current-two-role --reveal-slots --L2 2 --two-role --labels 0 --seed 24 --e 2 --w 2 --h 3 --terms 9 --pinned-rows 5
|Phi_e| = 432, fillings per restriction at most 42, pairs at most 18144
{"L": 3, "L2": 2, "n": 8, "N": 4, "e": 2, "w": 2, "h": 3, "seed": 24, "labels": 0, "hole_always": false, "encoding": "node", "fill_domain": "notail", "pin_test": false, "skip_killed": false, "code_rule": "current-two-role", "reveal_slots": true, "tree": "compact", "two_role": true, "two_role_example": false, "two_role_example2": false, "dense_example": false, "X": [0, 2, 3, 4], "pairs": 1512, "G": 0, "bad": 1192, "bad_G": 0, "rich_G": 0, "rich_offG": 37, "fail_G": 0, "fail_offG": 0, "max_height": 3, "xcur_ok": 0, "xcur_fail": 0, "noxcur_fail": 0}
exit 0
=== --tree compact --fill-domain notail --code-rule current-two-role --reveal-slots --L2 2 --two-role --labels 2 --seed 26 --e 2 --w 1 --h 3 --terms 7 --pinned-rows 3 --tail-rows 3
|Phi_e| = 432, fillings per restriction at most 42, pairs at most 18144
{"L": 3, "L2": 2, "n": 8, "N": 4, "e": 2, "w": 1, "h": 3, "seed": 26, "labels": 2, "hole_always": false, "encoding": "node", "fill_domain": "notail", "pin_test": false, "skip_killed": false, "code_rule": "current-two-role", "reveal_slots": true, "tree": "compact", "two_role": true, "two_role_example": false, "two_role_example2": false, "dense_example": false, "X": [1, 6], "pairs": 5040, "G": 840, "bad": 1665, "bad_G": 264, "rich_G": 0, "rich_offG": 0, "fail_G": 0, "fail_offG": 0, "max_height": 3, "xcur_ok": 0, "xcur_fail": 0, "noxcur_fail": 0}
exit 0
=== --tree compact --fill-domain notail --code-rule current-two-role --reveal-slots --L2 2 --two-role --labels 0 --seed 27 --e 2 --w 1 --h 3 --terms 8 --pinned-rows 3 --tail-rows 1
|Phi_e| = 432, fillings per restriction at most 42, pairs at most 18144
{"L": 3, "L2": 2, "n": 8, "N": 4, "e": 2, "w": 1, "h": 3, "seed": 27, "labels": 0, "hole_always": false, "encoding": "node", "fill_domain": "notail", "pin_test": false, "skip_killed": false, "code_rule": "current-two-role", "reveal_slots": true, "tree": "compact", "two_role": true, "two_role_example": false, "two_role_example2": false, "dense_example": false, "X": [0, 2, 5, 7], "pairs": 3024, "G": 504, "bad": 1043, "bad_G": 162, "rich_G": 64, "rich_offG": 286, "fail_G": 0, "fail_offG": 0, "max_height": 3, "xcur_ok": 0, "xcur_fail": 0, "noxcur_fail": 0}
exit 0
=== batch 7b: diagnostic re-runs of the any --reveal-slots controls (failures split by whether the code used a current term's pin label)
=== --tree compact --fill-domain notail --code-rule any --reveal-slots --L2 2 --e 2 --w 1 --h 3 --labels 0 --seed 4
|Phi_e| = 432, fillings per restriction at most 42, pairs at most 18144
{"L": 3, "L2": 2, "n": 8, "N": 4, "e": 2, "w": 1, "h": 3, "seed": 4, "labels": 0, "hole_always": false, "encoding": "node", "fill_domain": "notail", "pin_test": false, "skip_killed": false, "code_rule": "any", "reveal_slots": true, "tree": "compact", "two_role": false, "two_role_example": false, "two_role_example2": false, "dense_example": false, "X": [1, 2, 3, 4], "pairs": 7560, "G": 1260, "bad": 3318, "bad_G": 568, "rich_G": 492, "rich_offG": 1816, "fail_G": 0, "fail_offG": 175, "max_height": 3, "xcur_ok": 0, "xcur_fail": 175, "noxcur_fail": 0}
exit 0
=== --tree compact --fill-domain notail --code-rule any --reveal-slots --L2 2 --e 2 --w 1 --h 3 --labels 0 --seed 10 --terms 7 --pinned-rows 5
|Phi_e| = 432, fillings per restriction at most 42, pairs at most 18144
{"L": 3, "L2": 2, "n": 8, "N": 4, "e": 2, "w": 1, "h": 3, "seed": 10, "labels": 0, "hole_always": false, "encoding": "node", "fill_domain": "notail", "pin_test": false, "skip_killed": false, "code_rule": "any", "reveal_slots": true, "tree": "compact", "two_role": false, "two_role_example": false, "two_role_example2": false, "dense_example": false, "X": [2, 4, 5, 7], "pairs": 5040, "G": 840, "bad": 2996, "bad_G": 510, "rich_G": 368, "rich_offG": 1498, "fail_G": 0, "fail_offG": 181, "max_height": 3, "xcur_ok": 16, "xcur_fail": 181, "noxcur_fail": 0}
exit 0
=== --tree compact --fill-domain notail --code-rule any --reveal-slots --L2 2 --e 2 --w 1 --h 3 --labels 2 --seed 3
|Phi_e| = 432, fillings per restriction at most 42, pairs at most 18144
{"L": 3, "L2": 2, "n": 8, "N": 4, "e": 2, "w": 1, "h": 3, "seed": 3, "labels": 2, "hole_always": false, "encoding": "node", "fill_domain": "notail", "pin_test": false, "skip_killed": false, "code_rule": "any", "reveal_slots": true, "tree": "compact", "two_role": false, "two_role_example": false, "two_role_example2": false, "dense_example": false, "X": [4, 7], "pairs": 5040, "G": 5040, "bad": 2538, "bad_G": 2538, "rich_G": 136, "rich_offG": 0, "fail_G": 0, "fail_offG": 0, "max_height": 3, "xcur_ok": 0, "xcur_fail": 0, "noxcur_fail": 0}
exit 0
=== --tree compact --fill-domain notail --code-rule any --reveal-slots --L2 2 --two-role --labels 2 --seed 22 --e 2 --w 1 --h 3 --terms 8 --pinned-rows 5
|Phi_e| = 432, fillings per restriction at most 42, pairs at most 18144
{"L": 3, "L2": 2, "n": 8, "N": 4, "e": 2, "w": 1, "h": 3, "seed": 22, "labels": 2, "hole_always": false, "encoding": "node", "fill_domain": "notail", "pin_test": false, "skip_killed": false, "code_rule": "any", "reveal_slots": true, "tree": "compact", "two_role": true, "two_role_example": false, "two_role_example2": false, "dense_example": false, "X": [1, 7], "pairs": 1512, "G": 756, "bad": 770, "bad_G": 420, "rich_G": 322, "rich_offG": 330, "fail_G": 0, "fail_offG": 0, "max_height": 3, "xcur_ok": 0, "xcur_fail": 0, "noxcur_fail": 0}
exit 0
=== batch 7b done
=== batch 7c: the all-pairs reader with no spare row (rows 0..5 pinned to every label of the cube of one literal, tails on rows 6,7,8): --code-rule own has no valid label for any move; --code-rule current --reveal-slots must decode every rich pair; --code-rule any --reveal-slots is the control
=== --tree compact --fill-domain notail --dense-example --code-rule own --L2 1 --e 2 --w 1 --h 2
|Phi_e| = 45360, fillings per restriction at most 20, pairs at most 907200
{"L": 3, "L2": 1, "n": 8, "N": 2, "e": 2, "w": 1, "h": 2, "seed": 20260918, "labels": 0, "hole_always": false, "encoding": "node", "fill_domain": "notail", "pin_test": false, "skip_killed": false, "code_rule": "own", "reveal_slots": false, "tree": "compact", "two_role": false, "two_role_example": false, "two_role_example2": false, "dense_example": true, "X": [0, 2, 4, 6], "pairs": 378000, "G": 151200, "bad": 118656, "bad_G": 53712, "rich_G": 40152, "rich_offG": 44088, "fail_G": 0, "fail_offG": 0, "max_height": 2, "xcur_ok": 0, "xcur_fail": 0, "noxcur_fail": 0, "rich_moves_G": 0, "rich_moves_offG": 0, "fail_moves": 0}
exit 0
=== --tree compact --fill-domain notail --dense-example --code-rule current --reveal-slots --L2 1 --e 2 --w 1 --h 2
|Phi_e| = 45360, fillings per restriction at most 20, pairs at most 907200
{"L": 3, "L2": 1, "n": 8, "N": 2, "e": 2, "w": 1, "h": 2, "seed": 20260918, "labels": 0, "hole_always": false, "encoding": "node", "fill_domain": "notail", "pin_test": false, "skip_killed": false, "code_rule": "current", "reveal_slots": true, "tree": "compact", "two_role": false, "two_role_example": false, "two_role_example2": false, "dense_example": true, "X": [0, 2, 4, 6], "pairs": 378000, "G": 151200, "bad": 118656, "bad_G": 53712, "rich_G": 40152, "rich_offG": 64944, "fail_G": 0, "fail_offG": 0, "max_height": 2, "xcur_ok": 0, "xcur_fail": 0, "noxcur_fail": 0, "rich_moves_G": 0, "rich_moves_offG": 20856, "fail_moves": 0}
exit 0
=== --tree compact --fill-domain notail --dense-example --code-rule any --reveal-slots --L2 1 --e 2 --w 1 --h 2
|Phi_e| = 45360, fillings per restriction at most 20, pairs at most 907200
{"L": 3, "L2": 1, "n": 8, "N": 2, "e": 2, "w": 1, "h": 2, "seed": 20260918, "labels": 0, "hole_always": false, "encoding": "node", "fill_domain": "notail", "pin_test": false, "skip_killed": false, "code_rule": "any", "reveal_slots": true, "tree": "compact", "two_role": false, "two_role_example": false, "two_role_example2": false, "dense_example": true, "X": [0, 2, 4, 6], "pairs": 378000, "G": 151200, "bad": 118656, "bad_G": 53712, "rich_G": 40152, "rich_offG": 64944, "fail_G": 0, "fail_offG": 0, "max_height": 2, "xcur_ok": 0, "xcur_fail": 0, "noxcur_fail": 0, "rich_moves_G": 0, "rich_moves_offG": 20856, "fail_moves": 0}
exit 0
=== --tree compact --fill-domain notail --dense-example --code-rule own --L2 1 --e 2 --w 1 --h 3
|Phi_e| = 45360, fillings per restriction at most 20, pairs at most 907200
{"L": 3, "L2": 1, "n": 8, "N": 2, "e": 2, "w": 1, "h": 3, "seed": 20260918, "labels": 0, "hole_always": false, "encoding": "node", "fill_domain": "notail", "pin_test": false, "skip_killed": false, "code_rule": "own", "reveal_slots": false, "tree": "compact", "two_role": false, "two_role_example": false, "two_role_example2": false, "dense_example": true, "X": [0, 2, 4, 6], "pairs": 378000, "G": 151200, "bad": 0, "bad_G": 0, "rich_G": 0, "rich_offG": 0, "fail_G": 0, "fail_offG": 0, "max_height": 2, "xcur_ok": 0, "xcur_fail": 0, "noxcur_fail": 0, "rich_moves_G": 0, "rich_moves_offG": 0, "fail_moves": 0}
exit 0
=== --tree compact --fill-domain notail --dense-example --code-rule current --reveal-slots --L2 1 --e 2 --w 1 --h 3
|Phi_e| = 45360, fillings per restriction at most 20, pairs at most 907200
{"L": 3, "L2": 1, "n": 8, "N": 2, "e": 2, "w": 1, "h": 3, "seed": 20260918, "labels": 0, "hole_always": false, "encoding": "node", "fill_domain": "notail", "pin_test": false, "skip_killed": false, "code_rule": "current", "reveal_slots": true, "tree": "compact", "two_role": false, "two_role_example": false, "two_role_example2": false, "dense_example": true, "X": [0, 2, 4, 6], "pairs": 378000, "G": 151200, "bad": 0, "bad_G": 0, "rich_G": 0, "rich_offG": 0, "fail_G": 0, "fail_offG": 0, "max_height": 2, "xcur_ok": 0, "xcur_fail": 0, "noxcur_fail": 0, "rich_moves_G": 0, "rich_moves_offG": 0, "fail_moves": 0}
exit 0
=== --tree compact --fill-domain notail --dense-example --code-rule any --reveal-slots --L2 1 --e 2 --w 1 --h 3
|Phi_e| = 45360, fillings per restriction at most 20, pairs at most 907200
{"L": 3, "L2": 1, "n": 8, "N": 2, "e": 2, "w": 1, "h": 3, "seed": 20260918, "labels": 0, "hole_always": false, "encoding": "node", "fill_domain": "notail", "pin_test": false, "skip_killed": false, "code_rule": "any", "reveal_slots": true, "tree": "compact", "two_role": false, "two_role_example": false, "two_role_example2": false, "dense_example": true, "X": [0, 2, 4, 6], "pairs": 378000, "G": 151200, "bad": 0, "bad_G": 0, "rich_G": 0, "rich_offG": 0, "fail_G": 0, "fail_offG": 0, "max_height": 2, "xcur_ok": 0, "xcur_fail": 0, "noxcur_fail": 0, "rich_moves_G": 0, "rich_moves_offG": 0, "fail_moves": 0}
exit 0
=== --tree compact --fill-domain notail --dense-example --code-rule own --L2 1 --e 3 --w 1 --h 3
|Phi_e| = 10080, fillings per restriction at most 120, pairs at most 1209600
{"L": 3, "L2": 1, "n": 8, "N": 2, "e": 3, "w": 1, "h": 3, "seed": 20260918, "labels": 0, "hole_always": false, "encoding": "node", "fill_domain": "notail", "pin_test": false, "skip_killed": false, "code_rule": "own", "reveal_slots": false, "tree": "compact", "two_role": false, "two_role_example": false, "two_role_example2": false, "dense_example": true, "X": [0, 2, 4, 6], "pairs": 288000, "G": 57600, "bad": 0, "bad_G": 0, "rich_G": 0, "rich_offG": 0, "fail_G": 0, "fail_offG": 0, "max_height": 2, "xcur_ok": 0, "xcur_fail": 0, "noxcur_fail": 0, "rich_moves_G": 0, "rich_moves_offG": 0, "fail_moves": 0}
exit 0
=== --tree compact --fill-domain notail --dense-example --code-rule current --reveal-slots --L2 1 --e 3 --w 1 --h 3
|Phi_e| = 10080, fillings per restriction at most 120, pairs at most 1209600
{"L": 3, "L2": 1, "n": 8, "N": 2, "e": 3, "w": 1, "h": 3, "seed": 20260918, "labels": 0, "hole_always": false, "encoding": "node", "fill_domain": "notail", "pin_test": false, "skip_killed": false, "code_rule": "current", "reveal_slots": true, "tree": "compact", "two_role": false, "two_role_example": false, "two_role_example2": false, "dense_example": true, "X": [0, 2, 4, 6], "pairs": 288000, "G": 57600, "bad": 0, "bad_G": 0, "rich_G": 0, "rich_offG": 0, "fail_G": 0, "fail_offG": 0, "max_height": 2, "xcur_ok": 0, "xcur_fail": 0, "noxcur_fail": 0, "rich_moves_G": 0, "rich_moves_offG": 0, "fail_moves": 0}
exit 0
=== --tree compact --fill-domain notail --dense-example --code-rule any --reveal-slots --L2 1 --e 3 --w 1 --h 3
|Phi_e| = 10080, fillings per restriction at most 120, pairs at most 1209600
{"L": 3, "L2": 1, "n": 8, "N": 2, "e": 3, "w": 1, "h": 3, "seed": 20260918, "labels": 0, "hole_always": false, "encoding": "node", "fill_domain": "notail", "pin_test": false, "skip_killed": false, "code_rule": "any", "reveal_slots": true, "tree": "compact", "two_role": false, "two_role_example": false, "two_role_example2": false, "dense_example": true, "X": [0, 2, 4, 6], "pairs": 288000, "G": 57600, "bad": 0, "bad_G": 0, "rich_G": 0, "rich_offG": 0, "fail_G": 0, "fail_offG": 0, "max_height": 2, "xcur_ok": 0, "xcur_fail": 0, "noxcur_fail": 0, "rich_moves_G": 0, "rich_moves_offG": 0, "fail_moves": 0}
exit 0
=== --tree compact --fill-domain notail --dense-example --code-rule own --L2 2 --e 2 --w 1 --h 2
|Phi_e| = 432, fillings per restriction at most 42, pairs at most 18144
{"L": 3, "L2": 2, "n": 8, "N": 4, "e": 2, "w": 1, "h": 2, "seed": 20260918, "labels": 0, "hole_always": false, "encoding": "node", "fill_domain": "notail", "pin_test": false, "skip_killed": false, "code_rule": "own", "reveal_slots": false, "tree": "compact", "two_role": false, "two_role_example": false, "two_role_example2": false, "dense_example": true, "X": [0, 2, 4, 6], "pairs": 7560, "G": 7560, "bad": 7560, "bad_G": 7560, "rich_G": 2160, "rich_offG": 0, "fail_G": 0, "fail_offG": 0, "max_height": 2, "xcur_ok": 0, "xcur_fail": 0, "noxcur_fail": 0, "rich_moves_G": 0, "rich_moves_offG": 0, "fail_moves": 0}
exit 0
=== --tree compact --fill-domain notail --dense-example --code-rule current --reveal-slots --L2 2 --e 2 --w 1 --h 2
|Phi_e| = 432, fillings per restriction at most 42, pairs at most 18144
{"L": 3, "L2": 2, "n": 8, "N": 4, "e": 2, "w": 1, "h": 2, "seed": 20260918, "labels": 0, "hole_always": false, "encoding": "node", "fill_domain": "notail", "pin_test": false, "skip_killed": false, "code_rule": "current", "reveal_slots": true, "tree": "compact", "two_role": false, "two_role_example": false, "two_role_example2": false, "dense_example": true, "X": [0, 2, 4, 6], "pairs": 7560, "G": 7560, "bad": 7560, "bad_G": 7560, "rich_G": 2160, "rich_offG": 0, "fail_G": 0, "fail_offG": 0, "max_height": 2, "xcur_ok": 0, "xcur_fail": 0, "noxcur_fail": 0, "rich_moves_G": 0, "rich_moves_offG": 0, "fail_moves": 0}
exit 0
=== --tree compact --fill-domain notail --dense-example --code-rule any --reveal-slots --L2 2 --e 2 --w 1 --h 2
|Phi_e| = 432, fillings per restriction at most 42, pairs at most 18144
{"L": 3, "L2": 2, "n": 8, "N": 4, "e": 2, "w": 1, "h": 2, "seed": 20260918, "labels": 0, "hole_always": false, "encoding": "node", "fill_domain": "notail", "pin_test": false, "skip_killed": false, "code_rule": "any", "reveal_slots": true, "tree": "compact", "two_role": false, "two_role_example": false, "two_role_example2": false, "dense_example": true, "X": [0, 2, 4, 6], "pairs": 7560, "G": 7560, "bad": 7560, "bad_G": 7560, "rich_G": 2160, "rich_offG": 0, "fail_G": 0, "fail_offG": 0, "max_height": 2, "xcur_ok": 0, "xcur_fail": 0, "noxcur_fail": 0, "rich_moves_G": 0, "rich_moves_offG": 0, "fail_moves": 0}
exit 0
=== --tree compact --fill-domain notail --dense-example --code-rule own --L2 2 --e 3 --w 1 --h 3
|Phi_e| = 36, fillings per restriction at most 336, pairs at most 12096
{"L": 3, "L2": 2, "n": 8, "N": 4, "e": 3, "w": 1, "h": 3, "seed": 20260918, "labels": 0, "hole_always": false, "encoding": "node", "fill_domain": "notail", "pin_test": false, "skip_killed": false, "code_rule": "own", "reveal_slots": false, "tree": "compact", "two_role": false, "two_role_example": false, "two_role_example2": false, "dense_example": true, "X": [0, 2, 4, 6], "pairs": 2880, "G": 2880, "bad": 2880, "bad_G": 2880, "rich_G": 0, "rich_offG": 0, "fail_G": 0, "fail_offG": 0, "max_height": 3, "xcur_ok": 0, "xcur_fail": 0, "noxcur_fail": 0, "rich_moves_G": 0, "rich_moves_offG": 0, "fail_moves": 0}
exit 0
=== --tree compact --fill-domain notail --dense-example --code-rule current --reveal-slots --L2 2 --e 3 --w 1 --h 3
|Phi_e| = 36, fillings per restriction at most 336, pairs at most 12096
{"L": 3, "L2": 2, "n": 8, "N": 4, "e": 3, "w": 1, "h": 3, "seed": 20260918, "labels": 0, "hole_always": false, "encoding": "node", "fill_domain": "notail", "pin_test": false, "skip_killed": false, "code_rule": "current", "reveal_slots": true, "tree": "compact", "two_role": false, "two_role_example": false, "two_role_example2": false, "dense_example": true, "X": [0, 2, 4, 6], "pairs": 2880, "G": 2880, "bad": 2880, "bad_G": 2880, "rich_G": 0, "rich_offG": 0, "fail_G": 0, "fail_offG": 0, "max_height": 3, "xcur_ok": 0, "xcur_fail": 0, "noxcur_fail": 0, "rich_moves_G": 0, "rich_moves_offG": 0, "fail_moves": 0}
exit 0
=== --tree compact --fill-domain notail --dense-example --code-rule any --reveal-slots --L2 2 --e 3 --w 1 --h 3
|Phi_e| = 36, fillings per restriction at most 336, pairs at most 12096
{"L": 3, "L2": 2, "n": 8, "N": 4, "e": 3, "w": 1, "h": 3, "seed": 20260918, "labels": 0, "hole_always": false, "encoding": "node", "fill_domain": "notail", "pin_test": false, "skip_killed": false, "code_rule": "any", "reveal_slots": true, "tree": "compact", "two_role": false, "two_role_example": false, "two_role_example2": false, "dense_example": true, "X": [0, 2, 4, 6], "pairs": 2880, "G": 2880, "bad": 2880, "bad_G": 2880, "rich_G": 0, "rich_offG": 0, "fail_G": 0, "fail_offG": 0, "max_height": 3, "xcur_ok": 0, "xcur_fail": 0, "noxcur_fail": 0, "rich_moves_G": 0, "rich_moves_offG": 0, "fail_moves": 0}
exit 0
=== --tree compact --fill-domain notail --dense-example --code-rule own --L2 1 --e 3 --w 1 --h 2
|Phi_e| = 10080, fillings per restriction at most 120, pairs at most 1209600
{"L": 3, "L2": 1, "n": 8, "N": 2, "e": 3, "w": 1, "h": 2, "seed": 20260918, "labels": 0, "hole_always": false, "encoding": "node", "fill_domain": "notail", "pin_test": false, "skip_killed": false, "code_rule": "own", "reveal_slots": false, "tree": "compact", "two_role": false, "two_role_example": false, "two_role_example2": false, "dense_example": true, "X": [0, 2, 4, 6], "pairs": 288000, "G": 57600, "bad": 74304, "bad_G": 18432, "rich_G": 13248, "rich_offG": 36192, "fail_G": 0, "fail_offG": 0, "max_height": 2, "xcur_ok": 0, "xcur_fail": 0, "noxcur_fail": 0, "rich_moves_G": 0, "rich_moves_offG": 0, "fail_moves": 0}
exit 0
=== --tree compact --fill-domain notail --dense-example --code-rule current --reveal-slots --L2 1 --e 3 --w 1 --h 2
|Phi_e| = 10080, fillings per restriction at most 120, pairs at most 1209600
{"L": 3, "L2": 1, "n": 8, "N": 2, "e": 3, "w": 1, "h": 2, "seed": 20260918, "labels": 0, "hole_always": false, "encoding": "node", "fill_domain": "notail", "pin_test": false, "skip_killed": false, "code_rule": "current", "reveal_slots": true, "tree": "compact", "two_role": false, "two_role_example": false, "two_role_example2": false, "dense_example": true, "X": [0, 2, 4, 6], "pairs": 288000, "G": 57600, "bad": 74304, "bad_G": 18432, "rich_G": 13248, "rich_offG": 55872, "fail_G": 0, "fail_offG": 0, "max_height": 2, "xcur_ok": 0, "xcur_fail": 0, "noxcur_fail": 0, "rich_moves_G": 0, "rich_moves_offG": 19680, "fail_moves": 0}
exit 0
=== --tree compact --fill-domain notail --dense-example --code-rule any --reveal-slots --L2 1 --e 3 --w 1 --h 2
|Phi_e| = 10080, fillings per restriction at most 120, pairs at most 1209600
{"L": 3, "L2": 1, "n": 8, "N": 2, "e": 3, "w": 1, "h": 2, "seed": 20260918, "labels": 0, "hole_always": false, "encoding": "node", "fill_domain": "notail", "pin_test": false, "skip_killed": false, "code_rule": "any", "reveal_slots": true, "tree": "compact", "two_role": false, "two_role_example": false, "two_role_example2": false, "dense_example": true, "X": [0, 2, 4, 6], "pairs": 288000, "G": 57600, "bad": 74304, "bad_G": 18432, "rich_G": 13248, "rich_offG": 55872, "fail_G": 0, "fail_offG": 0, "max_height": 2, "xcur_ok": 0, "xcur_fail": 0, "noxcur_fail": 0, "rich_moves_G": 0, "rich_moves_offG": 19680, "fail_moves": 0}
exit 0
=== batch 7c done
=== batch 7d: the all-pairs reader on flats meeting the cube in one hole (seed 2: Q = {0,1}; seed 4: Q = {4,7}) and in no hole (seed 1: Q = {1,3}), so that a move can falsify the current term and the path continues
=== --tree compact --fill-domain notail --dense-example --L2 1 --code-rule own --seed 2 --e 2 --w 1 --h 2
|Phi_e| = 45360, fillings per restriction at most 20, pairs at most 907200
{"L": 3, "L2": 1, "n": 8, "N": 2, "e": 2, "w": 1, "h": 2, "seed": 2, "labels": 0, "hole_always": false, "encoding": "node", "fill_domain": "notail", "pin_test": false, "skip_killed": false, "code_rule": "own", "reveal_slots": false, "tree": "compact", "two_role": false, "two_role_example": false, "two_role_example2": false, "dense_example": true, "X": [0, 2, 4, 6], "pairs": 378000, "G": 75600, "bad": 147312, "bad_G": 29808, "rich_G": 5544, "rich_offG": 17784, "fail_G": 0, "fail_offG": 0, "max_height": 2, "xcur_ok": 0, "xcur_fail": 0, "noxcur_fail": 0, "rich_moves_G": 0, "rich_moves_offG": 0, "fail_moves": 0}
exit 0
=== --tree compact --fill-domain notail --dense-example --L2 1 --code-rule current --reveal-slots --seed 2 --e 2 --w 1 --h 2
|Phi_e| = 45360, fillings per restriction at most 20, pairs at most 907200
{"L": 3, "L2": 1, "n": 8, "N": 2, "e": 2, "w": 1, "h": 2, "seed": 2, "labels": 0, "hole_always": false, "encoding": "node", "fill_domain": "notail", "pin_test": false, "skip_killed": false, "code_rule": "current", "reveal_slots": true, "tree": "compact", "two_role": false, "two_role_example": false, "two_role_example2": false, "dense_example": true, "X": [0, 2, 4, 6], "pairs": 378000, "G": 75600, "bad": 147312, "bad_G": 29808, "rich_G": 5544, "rich_offG": 60120, "fail_G": 0, "fail_offG": 0, "max_height": 2, "xcur_ok": 0, "xcur_fail": 0, "noxcur_fail": 0, "rich_moves_G": 0, "rich_moves_offG": 42336, "fail_moves": 0}
exit 0
=== --tree compact --fill-domain notail --dense-example --L2 1 --code-rule any --reveal-slots --seed 2 --e 2 --w 1 --h 2
|Phi_e| = 45360, fillings per restriction at most 20, pairs at most 907200
{"L": 3, "L2": 1, "n": 8, "N": 2, "e": 2, "w": 1, "h": 2, "seed": 2, "labels": 0, "hole_always": false, "encoding": "node", "fill_domain": "notail", "pin_test": false, "skip_killed": false, "code_rule": "any", "reveal_slots": true, "tree": "compact", "two_role": false, "two_role_example": false, "two_role_example2": false, "dense_example": true, "X": [0, 2, 4, 6], "pairs": 378000, "G": 75600, "bad": 147312, "bad_G": 29808, "rich_G": 5544, "rich_offG": 88992, "fail_G": 0, "fail_offG": 21504, "max_height": 2, "xcur_ok": 11100, "xcur_fail": 21504, "noxcur_fail": 0, "rich_moves_G": 0, "rich_moves_offG": 71208, "fail_moves": 21504}
exit 0
=== --tree compact --fill-domain notail --dense-example --L2 1 --code-rule own --seed 2 --e 2 --w 1 --h 3
|Phi_e| = 45360, fillings per restriction at most 20, pairs at most 907200
{"L": 3, "L2": 1, "n": 8, "N": 2, "e": 2, "w": 1, "h": 3, "seed": 2, "labels": 0, "hole_always": false, "encoding": "node", "fill_domain": "notail", "pin_test": false, "skip_killed": false, "code_rule": "own", "reveal_slots": false, "tree": "compact", "two_role": false, "two_role_example": false, "two_role_example2": false, "dense_example": true, "X": [0, 2, 4, 6], "pairs": 378000, "G": 75600, "bad": 0, "bad_G": 0, "rich_G": 0, "rich_offG": 0, "fail_G": 0, "fail_offG": 0, "max_height": 2, "xcur_ok": 0, "xcur_fail": 0, "noxcur_fail": 0, "rich_moves_G": 0, "rich_moves_offG": 0, "fail_moves": 0}
exit 0
=== --tree compact --fill-domain notail --dense-example --L2 1 --code-rule current --reveal-slots --seed 2 --e 2 --w 1 --h 3
|Phi_e| = 45360, fillings per restriction at most 20, pairs at most 907200
{"L": 3, "L2": 1, "n": 8, "N": 2, "e": 2, "w": 1, "h": 3, "seed": 2, "labels": 0, "hole_always": false, "encoding": "node", "fill_domain": "notail", "pin_test": false, "skip_killed": false, "code_rule": "current", "reveal_slots": true, "tree": "compact", "two_role": false, "two_role_example": false, "two_role_example2": false, "dense_example": true, "X": [0, 2, 4, 6], "pairs": 378000, "G": 75600, "bad": 0, "bad_G": 0, "rich_G": 0, "rich_offG": 0, "fail_G": 0, "fail_offG": 0, "max_height": 2, "xcur_ok": 0, "xcur_fail": 0, "noxcur_fail": 0, "rich_moves_G": 0, "rich_moves_offG": 0, "fail_moves": 0}
exit 0
=== --tree compact --fill-domain notail --dense-example --L2 1 --code-rule any --reveal-slots --seed 2 --e 2 --w 1 --h 3
|Phi_e| = 45360, fillings per restriction at most 20, pairs at most 907200
{"L": 3, "L2": 1, "n": 8, "N": 2, "e": 2, "w": 1, "h": 3, "seed": 2, "labels": 0, "hole_always": false, "encoding": "node", "fill_domain": "notail", "pin_test": false, "skip_killed": false, "code_rule": "any", "reveal_slots": true, "tree": "compact", "two_role": false, "two_role_example": false, "two_role_example2": false, "dense_example": true, "X": [0, 2, 4, 6], "pairs": 378000, "G": 75600, "bad": 0, "bad_G": 0, "rich_G": 0, "rich_offG": 0, "fail_G": 0, "fail_offG": 0, "max_height": 2, "xcur_ok": 0, "xcur_fail": 0, "noxcur_fail": 0, "rich_moves_G": 0, "rich_moves_offG": 0, "fail_moves": 0}
exit 0
=== --tree compact --fill-domain notail --dense-example --L2 1 --code-rule own --seed 4 --e 2 --w 1 --h 3
|Phi_e| = 45360, fillings per restriction at most 20, pairs at most 907200
{"L": 3, "L2": 1, "n": 8, "N": 2, "e": 2, "w": 1, "h": 3, "seed": 4, "labels": 0, "hole_always": false, "encoding": "node", "fill_domain": "notail", "pin_test": false, "skip_killed": false, "code_rule": "own", "reveal_slots": false, "tree": "compact", "two_role": false, "two_role_example": false, "two_role_example2": false, "dense_example": true, "X": [0, 2, 4, 6], "pairs": 378000, "G": 75600, "bad": 0, "bad_G": 0, "rich_G": 0, "rich_offG": 0, "fail_G": 0, "fail_offG": 0, "max_height": 2, "xcur_ok": 0, "xcur_fail": 0, "noxcur_fail": 0, "rich_moves_G": 0, "rich_moves_offG": 0, "fail_moves": 0}
exit 0
=== --tree compact --fill-domain notail --dense-example --L2 1 --code-rule current --reveal-slots --seed 4 --e 2 --w 1 --h 3
|Phi_e| = 45360, fillings per restriction at most 20, pairs at most 907200
{"L": 3, "L2": 1, "n": 8, "N": 2, "e": 2, "w": 1, "h": 3, "seed": 4, "labels": 0, "hole_always": false, "encoding": "node", "fill_domain": "notail", "pin_test": false, "skip_killed": false, "code_rule": "current", "reveal_slots": true, "tree": "compact", "two_role": false, "two_role_example": false, "two_role_example2": false, "dense_example": true, "X": [0, 2, 4, 6], "pairs": 378000, "G": 75600, "bad": 0, "bad_G": 0, "rich_G": 0, "rich_offG": 0, "fail_G": 0, "fail_offG": 0, "max_height": 2, "xcur_ok": 0, "xcur_fail": 0, "noxcur_fail": 0, "rich_moves_G": 0, "rich_moves_offG": 0, "fail_moves": 0}
exit 0
=== --tree compact --fill-domain notail --dense-example --L2 1 --code-rule any --reveal-slots --seed 4 --e 2 --w 1 --h 3
|Phi_e| = 45360, fillings per restriction at most 20, pairs at most 907200
{"L": 3, "L2": 1, "n": 8, "N": 2, "e": 2, "w": 1, "h": 3, "seed": 4, "labels": 0, "hole_always": false, "encoding": "node", "fill_domain": "notail", "pin_test": false, "skip_killed": false, "code_rule": "any", "reveal_slots": true, "tree": "compact", "two_role": false, "two_role_example": false, "two_role_example2": false, "dense_example": true, "X": [0, 2, 4, 6], "pairs": 378000, "G": 75600, "bad": 0, "bad_G": 0, "rich_G": 0, "rich_offG": 0, "fail_G": 0, "fail_offG": 0, "max_height": 2, "xcur_ok": 0, "xcur_fail": 0, "noxcur_fail": 0, "rich_moves_G": 0, "rich_moves_offG": 0, "fail_moves": 0}
exit 0
=== --tree compact --fill-domain notail --dense-example --L2 1 --code-rule own --seed 1 --e 2 --w 1 --h 2
|Phi_e| = 45360, fillings per restriction at most 20, pairs at most 907200
{"L": 3, "L2": 1, "n": 8, "N": 2, "e": 2, "w": 1, "h": 2, "seed": 1, "labels": 0, "hole_always": false, "encoding": "node", "fill_domain": "notail", "pin_test": false, "skip_killed": false, "code_rule": "own", "reveal_slots": false, "tree": "compact", "two_role": false, "two_role_example": false, "two_role_example2": false, "dense_example": true, "X": [0, 2, 4, 6], "pairs": 378000, "G": 25200, "bad": 59520, "bad_G": 3120, "rich_G": 0, "rich_offG": 0, "fail_G": 0, "fail_offG": 0, "max_height": 2, "xcur_ok": 0, "xcur_fail": 0, "noxcur_fail": 0, "rich_moves_G": 0, "rich_moves_offG": 0, "fail_moves": 0}
exit 0
=== --tree compact --fill-domain notail --dense-example --L2 1 --code-rule current --reveal-slots --seed 1 --e 2 --w 1 --h 2
|Phi_e| = 45360, fillings per restriction at most 20, pairs at most 907200
{"L": 3, "L2": 1, "n": 8, "N": 2, "e": 2, "w": 1, "h": 2, "seed": 1, "labels": 0, "hole_always": false, "encoding": "node", "fill_domain": "notail", "pin_test": false, "skip_killed": false, "code_rule": "current", "reveal_slots": true, "tree": "compact", "two_role": false, "two_role_example": false, "two_role_example2": false, "dense_example": true, "X": [0, 2, 4, 6], "pairs": 378000, "G": 25200, "bad": 59520, "bad_G": 3120, "rich_G": 0, "rich_offG": 7418, "fail_G": 0, "fail_offG": 0, "max_height": 2, "xcur_ok": 0, "xcur_fail": 0, "noxcur_fail": 0, "rich_moves_G": 0, "rich_moves_offG": 7418, "fail_moves": 0}
exit 0
=== --tree compact --fill-domain notail --dense-example --L2 1 --code-rule any --reveal-slots --seed 1 --e 2 --w 1 --h 2
|Phi_e| = 45360, fillings per restriction at most 20, pairs at most 907200
{"L": 3, "L2": 1, "n": 8, "N": 2, "e": 2, "w": 1, "h": 2, "seed": 1, "labels": 0, "hole_always": false, "encoding": "node", "fill_domain": "notail", "pin_test": false, "skip_killed": false, "code_rule": "any", "reveal_slots": true, "tree": "compact", "two_role": false, "two_role_example": false, "two_role_example2": false, "dense_example": true, "X": [0, 2, 4, 6], "pairs": 378000, "G": 25200, "bad": 59520, "bad_G": 3120, "rich_G": 0, "rich_offG": 26352, "fail_G": 0, "fail_offG": 14680, "max_height": 2, "xcur_ok": 4254, "xcur_fail": 14680, "noxcur_fail": 0, "rich_moves_G": 0, "rich_moves_offG": 26352, "fail_moves": 14680}
exit 0
=== --tree compact --fill-domain notail --dense-example --L2 1 --code-rule own --seed 1 --e 3 --w 1 --h 3
|Phi_e| = 10080, fillings per restriction at most 120, pairs at most 1209600
{"L": 3, "L2": 1, "n": 8, "N": 2, "e": 3, "w": 1, "h": 3, "seed": 1, "labels": 0, "hole_always": false, "encoding": "node", "fill_domain": "notail", "pin_test": false, "skip_killed": false, "code_rule": "own", "reveal_slots": false, "tree": "compact", "two_role": false, "two_role_example": false, "two_role_example2": false, "dense_example": true, "X": [0, 2, 4, 6], "pairs": 288000, "G": 0, "bad": 0, "bad_G": 0, "rich_G": 0, "rich_offG": 0, "fail_G": 0, "fail_offG": 0, "max_height": 2, "xcur_ok": 0, "xcur_fail": 0, "noxcur_fail": 0, "rich_moves_G": 0, "rich_moves_offG": 0, "fail_moves": 0}
exit 0
=== --tree compact --fill-domain notail --dense-example --L2 1 --code-rule current --reveal-slots --seed 1 --e 3 --w 1 --h 3
|Phi_e| = 10080, fillings per restriction at most 120, pairs at most 1209600
{"L": 3, "L2": 1, "n": 8, "N": 2, "e": 3, "w": 1, "h": 3, "seed": 1, "labels": 0, "hole_always": false, "encoding": "node", "fill_domain": "notail", "pin_test": false, "skip_killed": false, "code_rule": "current", "reveal_slots": true, "tree": "compact", "two_role": false, "two_role_example": false, "two_role_example2": false, "dense_example": true, "X": [0, 2, 4, 6], "pairs": 288000, "G": 0, "bad": 0, "bad_G": 0, "rich_G": 0, "rich_offG": 0, "fail_G": 0, "fail_offG": 0, "max_height": 2, "xcur_ok": 0, "xcur_fail": 0, "noxcur_fail": 0, "rich_moves_G": 0, "rich_moves_offG": 0, "fail_moves": 0}
exit 0
=== --tree compact --fill-domain notail --dense-example --L2 1 --code-rule any --reveal-slots --seed 1 --e 3 --w 1 --h 3
|Phi_e| = 10080, fillings per restriction at most 120, pairs at most 1209600
{"L": 3, "L2": 1, "n": 8, "N": 2, "e": 3, "w": 1, "h": 3, "seed": 1, "labels": 0, "hole_always": false, "encoding": "node", "fill_domain": "notail", "pin_test": false, "skip_killed": false, "code_rule": "any", "reveal_slots": true, "tree": "compact", "two_role": false, "two_role_example": false, "two_role_example2": false, "dense_example": true, "X": [0, 2, 4, 6], "pairs": 288000, "G": 0, "bad": 0, "bad_G": 0, "rich_G": 0, "rich_offG": 0, "fail_G": 0, "fail_offG": 0, "max_height": 2, "xcur_ok": 0, "xcur_fail": 0, "noxcur_fail": 0, "rich_moves_G": 0, "rich_moves_offG": 0, "fail_moves": 0}
exit 0
=== batch 7d done
