NONEX 1 y1^14*y2^3*B^5+y1^13*y2^4*B^5+y1^12*y2^5*B^5+y1^11*y2^6*B^5+y1^10*y2^7*B^5+y1^9*y2^8*B^5+y1^8*y2^9*B^5+y1^7*y2^10*B^5+y1^6*y2^11*B^5+y1^5*y2^12*B^5+y1^4*y2^13*B^5+y1^3*y2^14*B^5+y1^14*y2^3*B^4+y1^13*y2^4*B^4+y1^12*y2^5*B^4+y1^11*y2^6*B^4+y1^10*y2^7*B^4+y1^9*y2^8*B^4+y1^8*y2^9*B^4+y1^7*y2^10*B^4+y1^6*y2^11*B^4+y1^5*y2^12*B^4+y1^4*y2^13*B^4+y1^3*y2^14*B^4+y1^12*y2^5*B^3+y1^9*y2^8*B^3+y1^8*y2^9*B^3+y1^5*y2^12*B^3+y1^12*y2^5*B^2+y1^9*y2^8*B^2+y1^8*y2^9*B^2+y1^5*y2^12*B^2+y1^14*y2^3*B+y1^13*y2^4*B+y1^11*y2^6*B+y1^10*y2^7*B+y1^7*y2^10*B+y1^6*y2^11*B+y1^4*y2^13*B+y1^3*y2^14*B+y1^14*y2^3+y1^13*y2^4+y1^11*y2^6+y1^10*y2^7+y1^7*y2^10+y1^6*y2^11+y1^4*y2^13+y1^3*y2^14
LAMBDA 1 0 0
LAMBDA 1 1 y1^5*y2*B+y1^4*y2^2*B+y1^2*y2^4*B+y1*y2^5*B+y1^5*y2+y1*y2^5
LAMBDA 1 2 y1^5*B+y1^4*y2*B+y1^3*y2^2*B+y1^5
LAMBDA 1 3 y1^5*B+y1^5+y1^4*y2+y1^3*y2^2
LAMBDA 1 4 y1^5*B^2+y1^4*y2*B^2+y1^3*y2^2*B^2+y1^5+y1^4*y2+y1^3*y2^2
LAMBDA 1 5 y1^2*y2^3*B+y1*y2^4*B+y2^5*B+y2^5
LAMBDA 1 6 0
LAMBDA 1 7 y1^4*y2*B^2+y1^3*y2^2*B^2+y1^2*y2^3*B^2+y1^4*y2+y1^3*y2^2+y1^2*y2^3
LAMBDA 1 8 0
LAMBDA 1 9 y2^5*B+y1^2*y2^3+y1*y2^4+y2^5
LAMBDA 1 10 y1^3*y2^2*B^2+y1^2*y2^3*B^2+y1*y2^4*B^2+y1^3*y2^2+y1^2*y2^3+y1*y2^4
LAMBDA 1 11 y1^4*y2*B^2+y1*y2^4*B^2+y1^4*y2+y1*y2^4
LAMBDA 1 12 y1^2*y2^3*B^2+y1*y2^4*B^2+y2^5*B^2+y1^2*y2^3+y1*y2^4+y2^5
LAMBDA 1 13 0
NONEX 2 y1^14*y2^4*B^4+y1^13*y2^5*B^4+y1^11*y2^7*B^4+y1^10*y2^8*B^4+y1^8*y2^10*B^4+y1^7*y2^11*B^4+y1^5*y2^13*B^4+y1^4*y2^14*B^4+y1^12*y2^6*B^2+y1^10*y2^8*B^2+y1^8*y2^10*B^2+y1^6*y2^12*B^2+y1^14*y2^4+y1^13*y2^5+y1^12*y2^6+y1^11*y2^7+y1^7*y2^11+y1^6*y2^12+y1^5*y2^13+y1^4*y2^14
LAMBDA 2 0 0
LAMBDA 2 1 y1^6*y2*B+y1^5*y2^2*B+y1^4*y2^3*B+y1^3*y2^4*B+y1^2*y2^5*B+y1*y2^6*B+y1^6*y2+y1*y2^6
LAMBDA 2 2 y1^6*B+y1^5*y2*B+y1^4*y2^2*B+y1^6
LAMBDA 2 3 y1^6*B+y1^5*y2*B+y1^4*y2^2*B+y1^6
LAMBDA 2 4 y1^5*y2*B+y1^4*y2^2*B+y1^5*y2+y1^4*y2^2
LAMBDA 2 5 y1^2*y2^4*B+y1*y2^5*B+y2^6*B+y2^6
LAMBDA 2 6 0
LAMBDA 2 7 y1^4*y2^2*B+y1^3*y2^3*B+y1^4*y2^2+y1^3*y2^3
LAMBDA 2 8 0
LAMBDA 2 9 y1^2*y2^4*B+y1*y2^5*B+y2^6*B+y2^6
LAMBDA 2 10 y1^3*y2^3*B+y1^2*y2^4*B+y1^3*y2^3+y1^2*y2^4
LAMBDA 2 11 y1^4*y2^2*B+y1^2*y2^4*B+y1^4*y2^2+y1^2*y2^4
LAMBDA 2 12 y1^2*y2^4*B+y1*y2^5*B+y1^2*y2^4+y1*y2^5
LAMBDA 2 13 0
NONEX 3 y1^12*y2^6*B^5+y1^9*y2^9*B^5+y1^6*y2^12*B^5+y1^3*y2^15*B^5+y1^12*y2^6*B^4+y1^9*y2^9*B^4+y1^6*y2^12*B^4+y1^3*y2^15*B^4+y1^10*y2^8*B^3+y1^9*y2^9*B^3+y1^6*y2^12*B^3+y1^5*y2^13*B^3+y1^10*y2^8*B^2+y1^9*y2^9*B^2+y1^6*y2^12*B^2+y1^5*y2^13*B^2+y1^12*y2^6*B+y1^10*y2^8*B+y1^5*y2^13*B+y1^3*y2^15*B+y1^12*y2^6+y1^10*y2^8+y1^5*y2^13+y1^3*y2^15
LAMBDA 3 0 0
LAMBDA 3 1 y1^6*y2*B^2+y1^5*y2^2*B^2+y1^4*y2^3*B^2+y1^3*y2^4*B^2+y1^2*y2^5*B^2+y1*y2^6*B^2+y1^3*y2^4*B+y1*y2^6*B+y1^6*y2+y1^5*y2^2
LAMBDA 3 2 y1^6*B^2+y1^5*y2*B^2+y1^4*y2^2*B^2+y1^3*y2^3*B+y1^6+y1^5*y2
LAMBDA 3 3 y1^6*B^2+y1^5*y2*B^2+y1^4*y2^2*B^2+y1^4*y2^2*B+y1^6+y1^5*y2+y1^4*y2^2+y1^3*y2^3
LAMBDA 3 4 y1^3*y2^3*B^2+y1^3*y2^3
LAMBDA 3 5 y1^2*y2^4*B^2+y1*y2^5*B^2+y2^6*B^2+y2^6*B
LAMBDA 3 6 0
LAMBDA 3 7 y1^2*y2^4*B^2+y1^2*y2^4
LAMBDA 3 8 0
LAMBDA 3 9 y1^2*y2^4*B^2+y1*y2^5*B^2+y2^6*B^2+y1^2*y2^4*B+y1*y2^5*B+y2^6*B+y1^2*y2^4+y1*y2^5
LAMBDA 3 10 y1*y2^5*B^2+y1*y2^5
LAMBDA 3 11 y1^2*y2^4*B^2+y1*y2^5*B^2+y1^2*y2^4+y1*y2^5
LAMBDA 3 12 y2^6*B^2+y2^6
LAMBDA 3 13 0
