NONEX 1 y1^12*y2^6*B^5+y1^9*y2^9*B^5+y1^6*y2^12*B^5+y1^3*y2^15*B^5+y1^12*y2^6*B^4+y1^9*y2^9*B^4+y1^6*y2^12*B^4+y1^3*y2^15*B^4+y1^10*y2^8*B^3+y1^9*y2^9*B^3+y1^6*y2^12*B^3+y1^5*y2^13*B^3+y1^10*y2^8*B^2+y1^9*y2^9*B^2+y1^6*y2^12*B^2+y1^5*y2^13*B^2+y1^12*y2^6*B+y1^10*y2^8*B+y1^5*y2^13*B+y1^3*y2^15*B+y1^12*y2^6+y1^10*y2^8+y1^5*y2^13+y1^3*y2^15
LAMBDA 1 0 0
LAMBDA 1 1 y1^4*y2^2*B+y1^3*y2^3*B+y1*y2^5*B+y1^3*y2^3+y1^2*y2^4+y1*y2^5
LAMBDA 1 2 y1^4*y2*B+y1^3*y2^2*B
LAMBDA 1 3 y1^5*y2*B^2+y1^3*y2^3*B^2+y1*y2^5*B^2+y1^5*y2*B+y1^4*y2^2*B+y1^3*y2^3*B+y1*y2^5*B+y1^2*y2^4
LAMBDA 1 4 y1^5*B^2+y1^4*y2*B^2+y1^3*y2^2*B^2+y1^5*B+y1^4*y2+y1^3*y2^2
LAMBDA 1 5 y1^5*B+y1^4*y2*B+y1^3*y2^2*B+y1^5
LAMBDA 1 6 y2^5*B+y1^2*y2^3+y1*y2^4+y2^5
LAMBDA 1 7 y1^5*y2*B^2+y1^3*y2^3*B^2+y1*y2^5*B^2+y1^4*y2^2*B+y1^3*y2^3*B+y1^5*y2+y1^4*y2^2+y1*y2^5
LAMBDA 1 8 y1^5*B^2+y1^3*y2^2*B^2+y1^2*y2^3*B^2+y2^5*B^2+y1^4*y2*B+y1^3*y2^2*B+y2^5*B+y1^5+y1^4*y2+y1*y2^4
LAMBDA 1 9 y1^5*B^2+y1^4*y2*B^2+y1^3*y2^2*B^2+y1^4*y2*B+y1^2*y2^3*B+y1^5+y1^3*y2^2+y1^2*y2^3
LAMBDA 1 10 y1^2*y2^3*B^2+y1^2*y2^3
LAMBDA 1 11 y1^2*y2^3*B^2+y1*y2^4*B^2+y2^5*B^2+y2^5*B
LAMBDA 1 12 y1^2*y2^3*B^2+y1*y2^4*B^2+y2^5*B^2+y1^3*y2^2*B+y1*y2^4*B+y2^5*B+y1^3*y2^2+y1*y2^4
LAMBDA 1 13 y1*y2^4*B^2+y1*y2^4
LAMBDA 1 14 y1^5*B^3+y1^3*y2^2*B^3+y1*y2^4*B^3+y1^5*B^2+y1^5*B+y1^3*y2^2*B+y1*y2^4*B+y1^5
LAMBDA 1 15 y1^2*y2^3*B+y1*y2^4*B+y1^2*y2^3+y1*y2^4
LAMBDA 1 16 y2^5*B^2+y2^5
LAMBDA 1 17 y1^4*y2*B^3+y1^2*y2^3*B^3+y2^5*B^3+y1^4*y2*B^2+y1*y2^4*B^2+y2^5*B^2+y1^4*y2*B+y1^2*y2^3*B+y2^5*B+y1^4*y2+y1*y2^4+y2^5
NONEX 2 y1^14*y2^4*B^5+y1^13*y2^5*B^5+y1^11*y2^7*B^5+y1^10*y2^8*B^5+y1^8*y2^10*B^5+y1^7*y2^11*B^5+y1^5*y2^13*B^5+y1^4*y2^14*B^5+y1^14*y2^4*B^4+y1^13*y2^5*B^4+y1^11*y2^7*B^4+y1^10*y2^8*B^4+y1^8*y2^10*B^4+y1^7*y2^11*B^4+y1^5*y2^13*B^4+y1^4*y2^14*B^4+y1^12*y2^6*B^3+y1^10*y2^8*B^3+y1^8*y2^10*B^3+y1^6*y2^12*B^3+y1^12*y2^6*B^2+y1^10*y2^8*B^2+y1^8*y2^10*B^2+y1^6*y2^12*B^2+y1^14*y2^4*B+y1^13*y2^5*B+y1^12*y2^6*B+y1^11*y2^7*B+y1^7*y2^11*B+y1^6*y2^12*B+y1^5*y2^13*B+y1^4*y2^14*B+y1^14*y2^4+y1^13*y2^5+y1^12*y2^6+y1^11*y2^7+y1^7*y2^11+y1^6*y2^12+y1^5*y2^13+y1^4*y2^14
LAMBDA 2 0 0
LAMBDA 2 1 y1^5*y2*B+y1*y2^5*B+y1^5*y2+y1^4*y2^2+y1^2*y2^4+y1*y2^5
LAMBDA 2 2 y1^5*B+y1^5+y1^4*y2+y1^3*y2^2
LAMBDA 2 3 y1^5*y2*B^2+y1^3*y2^3*B^2+y1*y2^5*B^2+y1^3*y2^3*B+y1^2*y2^4*B+y1^5*y2+y1^2*y2^4+y1*y2^5
LAMBDA 2 4 y1^5*B^2+y1^4*y2*B^2+y1^3*y2^2*B^2+y1^5*B
LAMBDA 2 5 y1^4*y2*B+y1^3*y2^2*B+y1^4*y2+y1^3*y2^2
LAMBDA 2 6 y2^5*B+y1^2*y2^3+y1*y2^4+y2^5
LAMBDA 2 7 y1^5*y2*B^2+y1^3*y2^3*B^2+y1*y2^5*B^2+y1^4*y2^2*B+y1^3*y2^3*B+y1^5*y2+y1^4*y2^2+y1*y2^5
LAMBDA 2 8 y1^5*B^2+y1^3*y2^2*B^2+y1^2*y2^3*B^2+y2^5*B^2+y1^4*y2*B+y1^3*y2^2*B+y1^2*y2^3*B+y1*y2^4*B+y1^5+y1^4*y2+y1*y2^4+y2^5
LAMBDA 2 9 y1^5*B^2+y1^4*y2*B^2+y1^3*y2^2*B^2+y1^4*y2*B+y1^2*y2^3*B+y1^5+y1^3*y2^2+y1^2*y2^3
LAMBDA 2 10 y1^4*y2*B^2+y1^3*y2^2*B^2+y1^4*y2+y1^3*y2^2
LAMBDA 2 11 y1^2*y2^3*B^2+y1*y2^4*B^2+y2^5*B^2+y2^5*B
LAMBDA 2 12 y1^2*y2^3*B^2+y1*y2^4*B^2+y2^5*B^2+y1^3*y2^2*B+y1*y2^4*B+y1^3*y2^2+y1^2*y2^3+y2^5
LAMBDA 2 13 y1^3*y2^2*B^2+y1^2*y2^3*B^2+y1^3*y2^2+y1^2*y2^3
LAMBDA 2 14 y1^5*B^3+y1^3*y2^2*B^3+y1*y2^4*B^3+y1^5*B^2+y1^4*y2*B^2+y1*y2^4*B^2+y1^5*B+y1^3*y2^2*B+y1*y2^4*B+y1^5+y1^4*y2+y1*y2^4
LAMBDA 2 15 y1^2*y2^3*B+y1*y2^4*B+y1^2*y2^3+y1*y2^4
LAMBDA 2 16 y1^2*y2^3*B^2+y1*y2^4*B^2+y1^2*y2^3+y1*y2^4
LAMBDA 2 17 y1^4*y2*B^3+y1^2*y2^3*B^3+y2^5*B^3+y1^4*y2*B^2+y1*y2^4*B^2+y2^5*B^2+y1^4*y2*B+y1^2*y2^3*B+y2^5*B+y1^4*y2+y1*y2^4+y2^5
NONEX 3 y1^15*y2^3*B^5+y1^3*y2^15*B^5+y1^15*y2^3*B^4+y1^3*y2^15*B^4+y1^13*y2^5*B^3+y1^12*y2^6*B^3+y1^10*y2^8*B^3+y1^8*y2^10*B^3+y1^6*y2^12*B^3+y1^5*y2^13*B^3+y1^13*y2^5*B^2+y1^12*y2^6*B^2+y1^10*y2^8*B^2+y1^8*y2^10*B^2+y1^6*y2^12*B^2+y1^5*y2^13*B^2+y1^15*y2^3*B+y1^13*y2^5*B+y1^12*y2^6*B+y1^10*y2^8*B+y1^8*y2^10*B+y1^6*y2^12*B+y1^5*y2^13*B+y1^3*y2^15*B+y1^15*y2^3+y1^13*y2^5+y1^12*y2^6+y1^10*y2^8+y1^8*y2^10+y1^6*y2^12+y1^5*y2^13+y1^3*y2^15
LAMBDA 3 0 0
LAMBDA 3 1 y1^5*y2*B+y1^4*y2^2*B+y1^2*y2^4*B+y1*y2^5*B+y1^5*y2+y1^4*y2^2+y1^2*y2^4+y1*y2^5
LAMBDA 3 2 y1^5*B+y1^4*y2*B+y1^3*y2^2*B+y1^5+y1^4*y2+y1^3*y2^2
LAMBDA 3 3 y1^5*y2*B+y1^4*y2^2*B+y1^2*y2^4*B+y1*y2^5*B+y1^5*y2+y1*y2^5
LAMBDA 3 4 y1^4*y2+y1^3*y2^2
LAMBDA 3 5 y1^5*B+y1^5+y1^4*y2+y1^3*y2^2
LAMBDA 3 6 y1^2*y2^3*B+y1*y2^4*B+y2^5*B+y1^2*y2^3+y1*y2^4+y2^5
LAMBDA 3 7 y1^5*y2*B+y1^4*y2^2*B+y1^2*y2^4*B+y1*y2^5*B+y1^5*y2+y1*y2^5
LAMBDA 3 8 y1^5*B+y1^4*y2*B+y1^3*y2^2*B+y1^2*y2^3*B+y1*y2^4*B+y2^5*B+y1^5+y2^5
LAMBDA 3 9 y1^5*B+y1^5+y1^4*y2+y1^3*y2^2
LAMBDA 3 10 y1^5*B^2+y1^2*y2^3*B^2+y1^5+y1^2*y2^3
LAMBDA 3 11 y1^2*y2^3+y1*y2^4
LAMBDA 3 12 y2^5*B+y1^2*y2^3+y1*y2^4+y2^5
LAMBDA 3 13 y1^4*y2*B^2+y1*y2^4*B^2+y1^4*y2+y1*y2^4
LAMBDA 3 14 y1^4*y2*B^2+y1*y2^4*B^2+y1^4*y2+y1*y2^4
LAMBDA 3 15 y2^5*B+y1^2*y2^3+y1*y2^4+y2^5
LAMBDA 3 16 y1^3*y2^2*B^2+y2^5*B^2+y1^3*y2^2+y2^5
LAMBDA 3 17 y1^4*y2*B^2+y1*y2^4*B^2+y1^4*y2+y1*y2^4
NONEX 4 y1^14*y2^5*B^4+y1^13*y2^6*B^4+y1^11*y2^8*B^4+y1^10*y2^9*B^4+y1^8*y2^11*B^4+y1^7*y2^12*B^4+y1^5*y2^14*B^4+y1^4*y2^15*B^4+y1^12*y2^7*B^2+y1^10*y2^9*B^2+y1^8*y2^11*B^2+y1^6*y2^13*B^2+y1^14*y2^5+y1^13*y2^6+y1^12*y2^7+y1^11*y2^8+y1^7*y2^12+y1^6*y2^13+y1^5*y2^14+y1^4*y2^15
LAMBDA 4 0 0
LAMBDA 4 1 y1^6*y2*B^5+y1^5*y2^2*B^5+y1^4*y2^3*B^5+y1^3*y2^4*B^5+y1^2*y2^5*B^5+y1*y2^6*B^5+y1^6*y2*B^4+y1^5*y2^2*B^4+y1^3*y2^4*B^4+y1^2*y2^5*B^4+y1^6*y2*B^3+y1^5*y2^2*B^3+y1^3*y2^4*B^3+y1*y2^6*B^3+y1^6*y2*B^2+y1^5*y2^2*B^2+y1^3*y2^4*B^2+y1*y2^6*B^2+y1^2*y2^5*B+y1*y2^6*B+y1^5*y2^2+y1^4*y2^3
LAMBDA 4 2 y1^6*B^5+y1^5*y2*B^5+y1^4*y2^2*B^5+y1^6*B^4+y1^5*y2*B^4+y1^6*B^3+y1^5*y2*B^3+y1^3*y2^3*B^3+y1^6*B^2+y1^5*y2*B^2+y1^3*y2^3*B^2+y1^3*y2^3*B+y1^5*y2+y1^4*y2^2
LAMBDA 4 3 y1^5*y2^2*B^5+y1^4*y2^3*B^5+y1^3*y2^4*B^5+y1^5*y2^2*B^4+y1^6*y2*B^3+y1^5*y2^2*B^3+y1^3*y2^4*B^3+y1^2*y2^5*B^3+y1^4*y2^3*B^2+y1^4*y2^3*B+y1^3*y2^4*B+y1*y2^6*B+y1^6*y2+y1*y2^6
LAMBDA 4 4 y1^6*B^5+y1^3*y2^3*B^5+y1^6*B^4+y1^4*y2^2*B^4+y1^3*y2^3*B^4+y1^4*y2^2*B^3+y1^3*y2^3*B^3+y1^6*B^2+y1^5*y2*B^2+y1^6+y1^5*y2+y1^4*y2^2
LAMBDA 4 5 y1^5*y2*B^5+y1^4*y2^2*B^5+y1^5*y2*B^4+y1^3*y2^3*B^4+y1^6*B^3+y1^5*y2*B+y1^3*y2^3*B+y1^6
LAMBDA 4 6 y1^2*y2^4*B^5+y1*y2^5*B^5+y2^6*B^5+y1^2*y2^4*B^4+y1*y2^5*B^4+y2^6*B^3+y2^6*B^2+y1^2*y2^4*B+y1*y2^5*B+y2^6*B
LAMBDA 4 7 y1^4*y2^3*B^5+y1^3*y2^4*B^5+y1^2*y2^5*B^5+y1^4*y2^3*B^4+y1^5*y2^2*B^3+y1^4*y2^3*B^3+y1^2*y2^5*B^3+y1*y2^6*B^3+y1^3*y2^4*B^2+y1^5*y2^2*B+y1^4*y2^3*B+y1*y2^6*B
LAMBDA 4 8 y1^4*y2^2*B^5+y1^3*y2^3*B^5+y1^2*y2^4*B^5+y1^4*y2^2*B^4+y1^5*y2*B^3+y1^4*y2^2*B^3+y1^2*y2^4*B^3+y1*y2^5*B^3+y1^3*y2^3*B^2+y1^5*y2*B+y1^4*y2^2*B+y1^2*y2^4*B+y2^6*B+y2^6
LAMBDA 4 9 y1^4*y2^2*B^5+y1^3*y2^3*B^5+y1^4*y2^2*B^4+y1^2*y2^4*B^4+y1^5*y2*B^3+y1^5*y2*B+y1^3*y2^3*B+y1^2*y2^4*B
LAMBDA 4 10 y1^4*y2^2*B+y1^3*y2^3*B+y1^4*y2^2+y1^3*y2^3
LAMBDA 4 11 y1^2*y2^4*B^5+y1*y2^5*B^5+y2^6*B^5+y1^2*y2^4*B^3+y1*y2^5*B^3+y1^2*y2^4*B^2+y1*y2^5*B^2+y2^6*B^2
LAMBDA 4 12 y1*y2^5*B^5+y1*y2^5*B^4+y1*y2^5*B^3+y1^3*y2^3*B^2+y1^2*y2^4*B^2+y1*y2^5*B^2+y1^3*y2^3*B+y1*y2^5*B+y2^6*B+y2^6
LAMBDA 4 13 y1^3*y2^3*B+y1^2*y2^4*B+y1^3*y2^3+y1^2*y2^4
LAMBDA 4 14 y1^3*y2^3*B^6+y1^2*y2^4*B^6+y1*y2^5*B^6+y1^3*y2^3*B^5+y1^2*y2^4*B^5+y1^5*y2*B^4+y1^2*y2^4*B^4+y1*y2^5*B^4+y1^5*y2*B^3+y1^3*y2^3*B^3+y1*y2^5*B^3+y1^5*y2*B^2+y1^3*y2^3*B^2+y1^5*y2*B+y1^4*y2^2*B+y1*y2^5*B+y1^4*y2^2+y1^2*y2^4
LAMBDA 4 15 y2^6*B^5+y2^6*B^4+y2^6*B^3+y1^2*y2^4*B^2+y1*y2^5*B^2+y2^6*B^2+y1^2*y2^4*B+y1*y2^5*B
LAMBDA 4 16 y1^2*y2^4*B+y1*y2^5*B+y1^2*y2^4+y1*y2^5
LAMBDA 4 17 y1^2*y2^4*B^6+y1*y2^5*B^6+y2^6*B^6+y1^2*y2^4*B^5+y1*y2^5*B^5+y1^4*y2^2*B^4+y1*y2^5*B^4+y2^6*B^4+y1^4*y2^2*B^3+y1^2*y2^4*B^3+y2^6*B^3+y1^4*y2^2*B^2+y1^2*y2^4*B^2+y1^4*y2^2*B+y1*y2^5*B+y2^6*B
NONEX 5 y1^15*y2^4*B^4+y1^13*y2^6*B^4+y1^12*y2^7*B^4+y1^10*y2^9*B^4+y1^9*y2^10*B^4+y1^7*y2^12*B^4+y1^6*y2^13*B^4+y1^4*y2^15*B^4+y1^13*y2^6*B^2+y1^12*y2^7*B^2+y1^11*y2^8*B^2+y1^10*y2^9*B^2+y1^9*y2^10*B^2+y1^8*y2^11*B^2+y1^7*y2^12*B^2+y1^6*y2^13*B^2+y1^15*y2^4+y1^11*y2^8+y1^8*y2^11+y1^4*y2^15
LAMBDA 5 0 0
LAMBDA 5 1 y1^4*y2^3*B^3+y1*y2^6*B^3+y1^6*y2*B^2+y1^3*y2^4*B^2+y1^2*y2^5*B^2+y1*y2^6*B^2+y1^3*y2^4*B+y1^2*y2^5*B+y1^6*y2+y1^2*y2^5
LAMBDA 5 2 y1^4*y2^2*B^3+y1^6*B^2+y1^3*y2^3*B^2+y1^4*y2^2*B+y1^6+y1^3*y2^3
LAMBDA 5 3 y1^6*y2*B^4+y1^4*y2^3*B^4+y1^2*y2^5*B^4+y1^6*y2*B^3+y1^5*y2^2*B^3+y1^2*y2^5*B^3+y1^5*y2^2*B^2+y1^3*y2^4*B^2+y1^6*y2*B+y1^5*y2^2*B+y1^3*y2^4*B+y1^2*y2^5*B+y1*y2^6*B+y1^6*y2+y1^5*y2^2+y1*y2^6
LAMBDA 5 4 y1^6*B^4+y1^3*y2^3*B^4+y1^6*B^3+y1^4*y2^2*B^3+y1^6*B^2+y1^5*y2*B^2+y1^4*y2^2*B^2+y1^3*y2^3*B^2+y1^6*B+y1^4*y2^2*B+y1^5*y2+y1^4*y2^2
LAMBDA 5 5 y1^6*B^4+y1^5*y2*B^4+y1^4*y2^2*B^4+y1^5*y2*B^3+y1^3*y2^3*B^3+y1^4*y2^2*B^2+y1^3*y2^3*B^2+y1^5*y2*B+y1^3*y2^3*B+y1^6+y1^5*y2+y1^3*y2^3
LAMBDA 5 6 y2^6*B^3+y1*y2^5*B^2+y2^6*B^2+y1^3*y2^3*B+y1^2*y2^4*B+y1*y2^5*B+y1^2*y2^4+y1*y2^5
LAMBDA 5 7 y1^5*y2^2*B^4+y1^3*y2^4*B^4+y1*y2^6*B^4+y1^5*y2^2*B^3+y1^4*y2^3*B^3+y1*y2^6*B^3+y1^4*y2^3*B^2+y1^2*y2^5*B^2+y1^6*y2*B+y1^5*y2^2*B+y1^4*y2^3*B+y1^2*y2^5*B+y1*y2^6*B+y1^6*y2+y1^4*y2^3+y1*y2^6
LAMBDA 5 8 y1^5*y2*B^4+y1^3*y2^3*B^4+y1*y2^5*B^4+y1^5*y2*B^3+y1^4*y2^2*B^3+y1*y2^5*B^3+y1^4*y2^2*B^2+y1^2*y2^4*B^2+y1^6*B+y1^5*y2*B+y1^4*y2^2*B+y1^3*y2^3*B+y1^2*y2^4*B+y1*y2^5*B+y2^6*B+y1^6+y1^4*y2^2+y2^6
LAMBDA 5 9 y1^5*y2*B^4+y1^4*y2^2*B^4+y1^3*y2^3*B^4+y1^4*y2^2*B^3+y1^2*y2^4*B^3+y1^3*y2^3*B^2+y1^2*y2^4*B^2+y1^6*B+y1^4*y2^2*B+y1^3*y2^3*B+y1^2*y2^4*B+y1^6+y1^4*y2^2+y1^2*y2^4
LAMBDA 5 10 y1^5*y2*B+y1^3*y2^3*B+y1^5*y2+y1^3*y2^3
LAMBDA 5 11 y1^2*y2^4*B^4+y1*y2^5*B^4+y2^6*B^4+y1^3*y2^3*B^3+y1^2*y2^4*B^2+y2^6*B^2+y2^6*B+y2^6
LAMBDA 5 12 y1*y2^5*B^3+y1^4*y2^2*B^2+y1^3*y2^3*B^2+y1^4*y2^2*B+y1*y2^5*B+y2^6*B+y1*y2^5+y2^6
LAMBDA 5 13 y1^4*y2^2*B+y1^2*y2^4*B+y1^4*y2^2+y1^2*y2^4
LAMBDA 5 14 y1^5*y2*B^5+y1^3*y2^3*B^5+y1*y2^5*B^5+y1^6*B^4+y1^5*y2*B^4+y1^4*y2^2*B^4+y1*y2^5*B^4+y1^6*B^3+y1^5*y2*B^3+y1^2*y2^4*B^3+y1^6*B^2+y1^5*y2*B^2+y1^4*y2^2*B^2+y1^6*B+y1^4*y2^2*B+y1^3*y2^3*B+y1*y2^5*B+y1^4*y2^2+y1^2*y2^4+y1*y2^5
LAMBDA 5 15 y2^6*B^3+y1^3*y2^3*B^2+y1^2*y2^4*B^2+y1^3*y2^3*B+y1^2*y2^4*B+y2^6*B
LAMBDA 5 16 y1^3*y2^3*B+y1*y2^5*B+y1^3*y2^3+y1*y2^5
LAMBDA 5 17 y1^4*y2^2*B^5+y1^2*y2^4*B^5+y2^6*B^5+y1^5*y2*B^4+y1^4*y2^2*B^4+y1^3*y2^3*B^4+y2^6*B^4+y1^5*y2*B^3+y1^4*y2^2*B^3+y1*y2^5*B^3+y1^5*y2*B^2+y1^4*y2^2*B^2+y1^3*y2^3*B^2+y1^5*y2*B+y1^4*y2^2*B+y1*y2^5*B+y2^6*B+y1^4*y2^2+y1^2*y2^4+y2^6
NONEX 6 y1^12*y2^6*B^6+y1^9*y2^9*B^6+y1^6*y2^12*B^6+y1^3*y2^15*B^6+y1^12*y2^6*B^4+y1^10*y2^8*B^4+y1^5*y2^13*B^4+y1^3*y2^15*B^4+y1^12*y2^6*B^2+y1^9*y2^9*B^2+y1^6*y2^12*B^2+y1^3*y2^15*B^2+y1^12*y2^6+y1^10*y2^8+y1^5*y2^13+y1^3*y2^15
LAMBDA 6 0 0
LAMBDA 6 1 y1^4*y2^2*B^2+y1^3*y2^3*B^2+y1*y2^5*B^2+y1^4*y2^2*B+y1^2*y2^4*B+y1^3*y2^3+y1^2*y2^4+y1*y2^5
LAMBDA 6 2 y1^4*y2*B^2+y1^3*y2^2*B^2+y1^4*y2*B+y1^3*y2^2*B
LAMBDA 6 3 y1^5*y2*B^3+y1^3*y2^3*B^3+y1*y2^5*B^3+y1^4*y2^2*B^2+y1^5*y2*B+y1^4*y2^2*B+y1^3*y2^3*B+y1^2*y2^4*B+y1*y2^5*B+y1^2*y2^4
LAMBDA 6 4 y1^5*B^3+y1^4*y2*B^3+y1^3*y2^2*B^3+y1^4*y2*B^2+y1^3*y2^2*B^2+y1^5*B+y1^4*y2*B+y1^3*y2^2*B+y1^4*y2+y1^3*y2^2
LAMBDA 6 5 y1^5*B^2+y1^4*y2*B^2+y1^3*y2^2*B^2+y1^4*y2*B+y1^3*y2^2*B+y1^5
LAMBDA 6 6 y2^5*B^2+y1^2*y2^3*B+y1*y2^4*B+y1^2*y2^3+y1*y2^4+y2^5
LAMBDA 6 7 y1^5*y2*B^3+y1^3*y2^3*B^3+y1*y2^5*B^3+y1^5*y2*B^2+y1^4*y2^2*B^2+y1*y2^5*B^2+y1^5*y2*B+y1^3*y2^3*B+y1*y2^5*B+y1^5*y2+y1^4*y2^2+y1*y2^5
LAMBDA 6 8 y1^5*B^3+y1^3*y2^2*B^3+y1^2*y2^3*B^3+y2^5*B^3+y1^5*B^2+y1^4*y2*B^2+y1^2*y2^3*B^2+y1^5*B+y1^3*y2^2*B+y1*y2^4*B+y2^5*B+y1^5+y1^4*y2+y1*y2^4
LAMBDA 6 9 y1^5*B^3+y1^4*y2*B^3+y1^3*y2^2*B^3+y1^5*B^2+y1^3*y2^2*B^2+y1^2*y2^3*B^2+y1^5*B+y1^4*y2*B+y1^3*y2^2*B+y1^5+y1^3*y2^2+y1^2*y2^3
LAMBDA 6 10 y1^2*y2^3*B^3+y1^2*y2^3*B^2+y1^2*y2^3*B+y1^2*y2^3
LAMBDA 6 11 y1^2*y2^3*B^3+y1*y2^4*B^3+y2^5*B^3+y1^2*y2^3*B^2+y1*y2^4*B^2+y2^5*B
LAMBDA 6 12 y1^2*y2^3*B^3+y1*y2^4*B^3+y2^5*B^3+y1^3*y2^2*B^2+y1^2*y2^3*B^2+y2^5*B+y1^3*y2^2+y1*y2^4
LAMBDA 6 13 y1*y2^4*B^3+y1*y2^4*B^2+y1*y2^4*B+y1*y2^4
LAMBDA 6 14 y1^5*B^4+y1^3*y2^2*B^4+y1*y2^4*B^4+y1^3*y2^2*B^3+y1*y2^4*B^3+y1^3*y2^2*B^2+y1*y2^4*B^2+y1^3*y2^2*B+y1*y2^4*B+y1^5
LAMBDA 6 15 y1^2*y2^3*B^2+y1*y2^4*B^2+y1^2*y2^3+y1*y2^4
LAMBDA 6 16 y2^5*B^3+y2^5*B^2+y2^5*B+y2^5
LAMBDA 6 17 y1^4*y2*B^4+y1^2*y2^3*B^4+y2^5*B^4+y1^2*y2^3*B^3+y1*y2^4*B^3+y1^2*y2^3*B^2+y1*y2^4*B^2+y1^2*y2^3*B+y1*y2^4*B+y1^4*y2+y1*y2^4+y2^5
NONEX 7 y1^12*y2^7*B^5+y1^9*y2^10*B^5+y1^6*y2^13*B^5+y1^3*y2^16*B^5+y1^12*y2^7*B^4+y1^9*y2^10*B^4+y1^6*y2^13*B^4+y1^3*y2^16*B^4+y1^10*y2^9*B^3+y1^9*y2^10*B^3+y1^6*y2^13*B^3+y1^5*y2^14*B^3+y1^10*y2^9*B^2+y1^9*y2^10*B^2+y1^6*y2^13*B^2+y1^5*y2^14*B^2+y1^12*y2^7*B+y1^10*y2^9*B+y1^5*y2^14*B+y1^3*y2^16*B+y1^12*y2^7+y1^10*y2^9+y1^5*y2^14+y1^3*y2^16
LAMBDA 7 0 0
LAMBDA 7 1 y1^6*y2*B^5+y1^5*y2^2*B^5+y1^4*y2^3*B^5+y1^3*y2^4*B^5+y1^2*y2^5*B^5+y1*y2^6*B^5+y1^6*y2*B^4+y1^5*y2^2*B^4+y1^3*y2^4*B^4+y1^2*y2^5*B^4+y1^4*y2^3*B^3+y1^2*y2^5*B^3+y1^6*y2*B^2+y1^5*y2^2*B^2+y1^4*y2^3*B^2+y1^3*y2^4*B^2+y1^6*y2*B+y1^5*y2^2*B+y1^4*y2^3*B+y1^2*y2^5*B+y1*y2^6*B+y1^3*y2^4
LAMBDA 7 2 y1^6*B^5+y1^5*y2*B^5+y1^4*y2^2*B^5+y1^6*B^4+y1^5*y2*B^4+y1^4*y2^2*B^3+y1^3*y2^3*B^3+y1^6*B^2+y1^5*y2*B^2+y1^4*y2^2*B^2+y1^3*y2^3*B^2+y1^6*B+y1^5*y2*B+y1^4*y2^2*B+y1^3*y2^3*B+y1^3*y2^3
LAMBDA 7 3 y1^5*y2^2*B^5+y1^4*y2^3*B^5+y1^3*y2^4*B^5+y1^5*y2^2*B^4+y1^6*y2*B^3+y1^4*y2^3*B^3+y1^2*y2^5*B^3+y1^6*y2*B^2+y1^5*y2^2*B^2+y1^4*y2^3*B^2+y1^2*y2^5*B^2+y1*y2^6*B^2+y1^6*y2*B+y1^3*y2^4*B+y1^2*y2^5*B+y1*y2^6*B+y1^6*y2+y1^5*y2^2
LAMBDA 7 4 y1^6*B^5+y1^3*y2^3*B^5+y1^6*B^4+y1^4*y2^2*B^4+y1^3*y2^3*B^4+y1^6*B^3+y1^4*y2^2*B^3+y1^5*y2*B+y1^4*y2^2*B+y1^6+y1^5*y2+y1^3*y2^3
LAMBDA 7 5 y1^5*y2*B^5+y1^4*y2^2*B^5+y1^5*y2*B^4+y1^3*y2^3*B^4+y1^6*B^3+y1^5*y2*B^3+y1^4*y2^2*B^3+y1^6*B^2+y1^5*y2*B^2+y1^3*y2^3*B^2+y1^6*B+y1^5*y2*B+y1^6+y1^5*y2+y1^4*y2^2+y1^3*y2^3
LAMBDA 7 6 y1^2*y2^4*B^5+y1*y2^5*B^5+y2^6*B^5+y1^2*y2^4*B^4+y1*y2^5*B^4+y1^2*y2^4*B^3+y1*y2^5*B^3+y1^2*y2^4*B+y1*y2^5*B+y2^6*B
LAMBDA 7 7 y1^4*y2^3*B^5+y1^3*y2^4*B^5+y1^2*y2^5*B^5+y1^4*y2^3*B^4+y1^5*y2^2*B^3+y1^3*y2^4*B^3+y1*y2^6*B^3+y1^2*y2^5*B^2+y1^5*y2^2*B+y1*y2^6*B
LAMBDA 7 8 y1^4*y2^2*B^5+y1^3*y2^3*B^5+y1^2*y2^4*B^5+y1^4*y2^2*B^4+y1^5*y2*B^3+y1^3*y2^3*B^3+y1*y2^5*B^3+y1*y2^5*B^2+y2^6*B^2+y1^5*y2*B+y1*y2^5*B+y2^6*B
LAMBDA 7 9 y1^4*y2^2*B^5+y1^3*y2^3*B^5+y1^4*y2^2*B^4+y1^2*y2^4*B^4+y1^5*y2*B^3+y1^4*y2^2*B^3+y1^3*y2^3*B^3+y1^3*y2^3*B^2+y1^2*y2^4*B^2+y1^5*y2*B+y1^4*y2^2*B+y1^3*y2^3*B
LAMBDA 7 10 y1^2*y2^4*B^2+y1^2*y2^4
LAMBDA 7 11 y1^2*y2^4*B^5+y1*y2^5*B^5+y2^6*B^5+y2^6*B^3+y1^2*y2^4*B+y1*y2^5*B
LAMBDA 7 12 y1*y2^5*B^5+y1*y2^5*B^4+y1^3*y2^3*B^2+y2^6*B^2+y1^3*y2^3*B+y2^6*B+y1^2*y2^4+y1*y2^5
LAMBDA 7 13 y1*y2^5*B^2+y1*y2^5
LAMBDA 7 14 y1^3*y2^3*B^6+y1^2*y2^4*B^6+y1*y2^5*B^6+y1^3*y2^3*B^5+y1^2*y2^4*B^5+y1^5*y2*B^4+y1^3*y2^3*B^4+y1^5*y2*B^3+y1^3*y2^3*B^3+y1^5*y2*B^2+y1^5*y2*B+y1^2*y2^4*B+y1^2*y2^4+y1*y2^5
LAMBDA 7 15 y2^6*B^5+y2^6*B^4+y1^2*y2^4*B^2+y1*y2^5*B^2+y2^6*B^2+y1^2*y2^4*B+y1*y2^5*B+y2^6*B
LAMBDA 7 16 y2^6*B^2+y2^6
LAMBDA 7 17 y1^2*y2^4*B^6+y1*y2^5*B^6+y2^6*B^6+y1^2*y2^4*B^5+y1*y2^5*B^5+y1^4*y2^2*B^4+y1^2*y2^4*B^4+y1^4*y2^2*B^3+y1^2*y2^4*B^3+y1^4*y2^2*B^2+y1*y2^5*B^2+y2^6*B^2+y1^4*y2^2*B+y1*y2^5*B
NONEX 8 y1^13*y2^6*B^5+y1^10*y2^9*B^5+y1^7*y2^12*B^5+y1^4*y2^15*B^5+y1^13*y2^6*B^4+y1^10*y2^9*B^4+y1^7*y2^12*B^4+y1^4*y2^15*B^4+y1^11*y2^8*B^3+y1^10*y2^9*B^3+y1^7*y2^12*B^3+y1^6*y2^13*B^3+y1^11*y2^8*B^2+y1^10*y2^9*B^2+y1^7*y2^12*B^2+y1^6*y2^13*B^2+y1^13*y2^6*B+y1^11*y2^8*B+y1^6*y2^13*B+y1^4*y2^15*B+y1^13*y2^6+y1^11*y2^8+y1^6*y2^13+y1^4*y2^15
LAMBDA 8 0 0
LAMBDA 8 1 y1^6*y2*B^4+y1^5*y2^2*B^4+y1^4*y2^3*B^4+y1^3*y2^4*B^4+y1^2*y2^5*B^4+y1*y2^6*B^4+y1^6*y2*B^3+y1^5*y2^2*B^3+y1^3*y2^4*B^3+y1^2*y2^5*B^3+y1^2*y2^5*B^2+y1*y2^6*B^2+y1^5*y2^2*B+y1^2*y2^5*B+y1*y2^6*B+y1^4*y2^3+y1^3*y2^4+y1*y2^6
LAMBDA 8 2 y1^6*B^4+y1^5*y2*B^4+y1^4*y2^2*B^4+y1^6*B^3+y1^5*y2*B^3+y1^3*y2^3*B^2+y1^5*y2*B+y1^3*y2^3
LAMBDA 8 3 y1^5*y2^2*B^4+y1^4*y2^3*B^4+y1^3*y2^4*B^4+y1^6*y2*B^3+y1^5*y2^2*B^3+y1^4*y2^3*B^3+y1^2*y2^5*B^3+y1^6*y2*B^2+y1^5*y2^2*B^2+y1^2*y2^5*B^2+y1^6*y2*B+y1^2*y2^5*B+y1^6*y2+y1^5*y2^2+y1^3*y2^4+y1^2*y2^5
LAMBDA 8 4 y1^6*B^4+y1^3*y2^3*B^4+y1^4*y2^2*B^3+y1^6*B^2+y1^3*y2^3*B^2+y1^6*B+y1^5*y2*B+y1^6
LAMBDA 8 5 y1^5*y2*B^4+y1^4*y2^2*B^4+y1^6*B^3+y1^4*y2^2*B^3+y1^3*y2^3*B^3+y1^5*y2*B^2+y1^3*y2^3*B^2+y1^6*B+y1^4*y2^2*B+y1^3*y2^3*B+y1^4*y2^2+y1^3*y2^3
LAMBDA 8 6 y1^2*y2^4*B^4+y1*y2^5*B^4+y2^6*B^4+y1^2*y2^4*B^3+y1*y2^5*B^3+y1^2*y2^4*B^2+y1*y2^5*B^2+y2^6*B^2+y1*y2^5*B+y2^6*B+y1^3*y2^3+y2^6
LAMBDA 8 7 y1^4*y2^3*B^4+y1^3*y2^4*B^4+y1^2*y2^5*B^4+y1^5*y2^2*B^3+y1^4*y2^3*B^3+y1^3*y2^4*B^3+y1*y2^6*B^3+y1^6*y2*B^2+y1^3*y2^4*B^2+y1^2*y2^5*B^2+y1^5*y2^2*B+y1^3*y2^4*B+y1^6*y2+y1^4*y2^3+y1^2*y2^5+y1*y2^6
LAMBDA 8 8 y1^4*y2^2*B^4+y1^3*y2^3*B^4+y1^2*y2^4*B^4+y1^5*y2*B^3+y1^4*y2^2*B^3+y1^3*y2^3*B^3+y1*y2^5*B^3+y1^6*B^2+y1*y2^5*B^2+y1^5*y2*B+y1^3*y2^3*B+y1*y2^5*B+y1^6+y1^4*y2^2+y1^2*y2^4+y1*y2^5
LAMBDA 8 9 y1^4*y2^2*B^4+y1^3*y2^3*B^4+y1^5*y2*B^3+y1^3*y2^3*B^3+y1^2*y2^4*B^3+y1^6*B^2+y1^5*y2*B^2+y1^2*y2^4*B^2+y1^5*y2*B+y1^4*y2^2*B+y1^3*y2^3*B+y1^2*y2^4*B+y1^6+y1^5*y2+y1^4*y2^2+y1^2*y2^4
LAMBDA 8 10 y1^3*y2^3*B^2+y1^3*y2^3
LAMBDA 8 11 y1^2*y2^4*B^4+y1*y2^5*B^4+y2^6*B^4+y1^2*y2^4*B^3+y1*y2^5*B^3+y2^6*B^3+y1^3*y2^3*B^2+y2^6*B^2+y1*y2^5*B+y2^6*B
LAMBDA 8 12 y1*y2^5*B^4+y1*y2^5*B^3+y1*y2^5*B^2+y1^4*y2^2*B+y1^3*y2^3*B+y1*y2^5*B+y1^4*y2^2+y1^3*y2^3
LAMBDA 8 13 y1^2*y2^4*B^2+y1^2*y2^4
LAMBDA 8 14 y1^3*y2^3*B^5+y1^2*y2^4*B^5+y1*y2^5*B^5+y1^5*y2*B^4+y1^2*y2^4*B^4+y1*y2^5*B^4+y1^6*B^3+y1^5*y2*B^3+y1^4*y2^2*B^3+y1^6*B^2+y1^6*B+y1^5*y2*B+y1^4*y2^2*B+y1^3*y2^3*B+y1^2*y2^4*B+y1*y2^5*B+y1^6+y1^5*y2+y1^2*y2^4+y1*y2^5
LAMBDA 8 15 y2^6*B^4+y2^6*B^3+y1^2*y2^4*B^2+y1*y2^5*B^2+y1^3*y2^3*B+y1*y2^5*B+y1^3*y2^3+y1*y2^5
LAMBDA 8 16 y1*y2^5*B^2+y1*y2^5
LAMBDA 8 17 y1^2*y2^4*B^5+y1*y2^5*B^5+y2^6*B^5+y1^4*y2^2*B^4+y1*y2^5*B^4+y2^6*B^4+y1^5*y2*B^3+y1^4*y2^2*B^3+y1^3*y2^3*B^3+y1^5*y2*B^2+y1^2*y2^4*B^2+y1*y2^5*B^2+y1^5*y2*B+y1^4*y2^2*B+y1^3*y2^3*B+y1^2*y2^4*B+y1*y2^5*B+y2^6*B+y1^5*y2+y1^4*y2^2+y1^2*y2^4+y2^6
NONEX 9 y1^16*y2^5*B^4+y1^4*y2^17*B^4+y1^14*y2^7*B^2+y1^13*y2^8*B^2+y1^11*y2^10*B^2+y1^9*y2^12*B^2+y1^7*y2^14*B^2+y1^6*y2^15*B^2+y1^16*y2^5+y1^14*y2^7+y1^13*y2^8+y1^11*y2^10+y1^9*y2^12+y1^7*y2^14+y1^6*y2^15+y1^4*y2^17
LAMBDA 9 0 0
LAMBDA 9 1 y1^8*y2*B^9+y1^6*y2^3*B^9+y1^5*y2^4*B^9+y1^4*y2^5*B^9+y1^3*y2^6*B^9+y1*y2^8*B^9+y1^6*y2^3*B^7+y1^5*y2^4*B^7+y1^4*y2^5*B^7+y1^3*y2^6*B^7+y1^8*y2*B^6+y1^6*y2^3*B^6+y1^5*y2^4*B^6+y1^4*y2^5*B^6+y1^3*y2^6*B^6+y1*y2^8*B^6+y1^8*y2*B^5+y1*y2^8*B^5+y1^8*y2*B^4+y1*y2^8*B^4+y1^8*y2*B^3+y1^5*y2^4*B^3+y1^8*y2*B^2+y1^7*y2^2*B^2+y1^5*y2^4*B^2+y1^4*y2^5*B^2+y1^8*y2*B+y1^5*y2^4*B+y1^3*y2^6*B+y1^2*y2^7*B+y1^8*y2+y1^7*y2^2+y1^4*y2^5+y1^3*y2^6
LAMBDA 9 2 y1^8*B^9+y1^6*y2^2*B^9+y1^4*y2^4*B^9+y1^6*y2^2*B^7+y1^4*y2^4*B^7+y1^8*B^6+y1^6*y2^2*B^6+y1^4*y2^4*B^6+y1^8*B^5+y1^8*B^4+y1^8*B^3+y1^8*B^2+y1^7*y2*B^2+y1^6*y2^2*B^2+y1^4*y2^4*B^2+y1^8*B+y1^5*y2^3*B+y1^4*y2^4*B+y1^3*y2^5*B+y1^8+y1^7*y2+y1^6*y2^2+y1^4*y2^4+y1^3*y2^5
LAMBDA 9 3 y1^6*y2^3*B^4+y1^4*y2^5*B^4+y1^2*y2^7*B^4+y1^8*y2*B^3+y1^6*y2^3*B^3+y1^8*y2*B^2+y1^7*y2^2*B^2+y1^6*y2^3*B^2+y1^4*y2^5*B^2+y1^3*y2^6*B^2+y1*y2^8*B^2+y1^8*y2*B+y1^6*y2^3*B+y1^2*y2^7*B+y1*y2^8*B+y1^8*y2+y1^7*y2^2+y1^4*y2^5+y1^3*y2^6+y1^2*y2^7
LAMBDA 9 4 y1^8*B^9+y1^6*y2^2*B^9+y1^4*y2^4*B^9+y1^6*y2^2*B^8+y1^4*y2^4*B^8+y1^8*B^6+y1^8*B^5+y1^8*B^4+y1^7*y2*B^4+y1^6*y2^2*B^4+y1^6*y2^2*B^3+y1^3*y2^5*B^3+y1^3*y2^5*B^2+y1^6*y2^2*B+y1^5*y2^3*B+y1^4*y2^4*B+y1^7*y2+y1^4*y2^4
LAMBDA 9 5 y1^8*B^4+y1^7*y2*B^4+y1^6*y2^2*B^4+y1^8*B^3+y1^8*B^2+y1^7*y2*B^2+y1^6*y2^2*B^2+y1^4*y2^4*B^2+y1^3*y2^5*B^2+y1^8*B+y1^5*y2^3*B+y1^4*y2^4*B+y1^5*y2^3+y1^3*y2^5
LAMBDA 9 6 y1^4*y2^4*B^9+y1^2*y2^6*B^9+y2^8*B^9+y1^4*y2^4*B^7+y1^2*y2^6*B^7+y1^4*y2^4*B^6+y1^2*y2^6*B^6+y2^8*B^6+y2^8*B^5+y2^8*B^4+y1^4*y2^4*B^3+y1^5*y2^3*B^2+y1^4*y2^4*B^2+y1^3*y2^5*B+y1*y2^7*B+y1^5*y2^3
LAMBDA 9 7 y1^8*y2*B^4+y1^6*y2^3*B^4+y1^4*y2^5*B^4+y1^7*y2^2*B^3+y1^5*y2^4*B^3+y1^5*y2^4*B^2+y1^3*y2^6*B^2+y1^4*y2^5*B+y1^3*y2^6*B+y1^2*y2^7*B+y1*y2^8*B+y1^8*y2+y1^7*y2^2+y1^5*y2^4+y1^3*y2^6+y1*y2^8
LAMBDA 9 8 y1^8*B^4+y1^6*y2^2*B^4+y1^5*y2^3*B^4+y1^4*y2^4*B^4+y1^3*y2^5*B^4+y1*y2^7*B^4+y1^7*y2*B^3+y1^5*y2^3*B^3+y1^4*y2^4*B^2+y1^2*y2^6*B^2+y2^8*B^2+y1^3*y2^5*B+y1*y2^7*B+y2^8*B+y1^8+y1^7*y2+y1^5*y2^3+y1^3*y2^5+y1^2*y2^6+y1*y2^7
LAMBDA 9 9 y1^8*B^4+y1^7*y2*B^4+y1^5*y2^3*B^4+y1^4*y2^4*B^4+y1^7*y2*B^3+y1^6*y2^2*B^3+y1^4*y2^4*B^3+y1^6*y2^2*B^2+y1^2*y2^6*B^2+y1^6*y2^2*B+y1^3*y2^5*B+y1^8+y1^3*y2^5+y1^2*y2^6
LAMBDA 9 10 y1^6*y2^2*B+y1^3*y2^5*B+y1^6*y2^2+y1^3*y2^5
LAMBDA 9 11 y1^4*y2^4*B^9+y1^2*y2^6*B^9+y2^8*B^9+y1^4*y2^4*B^8+y1^2*y2^6*B^8+y2^8*B^6+y2^8*B^5+y1^5*y2^3*B^4+y1^4*y2^4*B^4+y2^8*B^4+y1^4*y2^4*B^3+y1*y2^7*B^3+y1^5*y2^3*B^2+y1^3*y2^5*B^2+y1^2*y2^6*B^2+y1*y2^7*B^2+y1*y2^7*B+y2^8*B+y1^4*y2^4+y1^2*y2^6+y1*y2^7+y2^8
LAMBDA 9 12 y1^5*y2^3*B^4+y1^4*y2^4*B^4+y1^2*y2^6*B^4+y1*y2^7*B^4+y1^6*y2^2*B^3+y1^5*y2^3*B^3+y1^4*y2^4*B^3+y1^3*y2^5*B^3+y1*y2^7*B^3+y1^6*y2^2*B^2+y1^3*y2^5*B^2+y1^2*y2^6*B^2+y1*y2^7*B^2+y2^8*B^2+y1^6*y2^2*B+y1^5*y2^3*B+y1^4*y2^4*B+y1^2*y2^6*B+y2^8*B+y1^6*y2^2+y1^5*y2^3+y1^4*y2^4+y1^3*y2^5+y1^2*y2^6
LAMBDA 9 13 y1^5*y2^3*B+y1^2*y2^6*B+y1^5*y2^3+y1^2*y2^6
LAMBDA 9 14 y1^8*B^5+y1^7*y2*B^5+y1^5*y2^3*B^5+y1^3*y2^5*B^5+y1^2*y2^6*B^5+y1^8*B^4+y1^7*y2*B^4+y1^6*y2^2*B^4+y1^5*y2^3*B^4+y1^3*y2^5*B^4+y1^2*y2^6*B^4+y1*y2^7*B^4+y1^5*y2^3*B^3+y1^4*y2^4*B^3+y1^8*B+y1^7*y2*B+y1^3*y2^5*B+y1^8+y1^7*y2+y1^6*y2^2+y1^5*y2^3+y1^4*y2^4+y1^3*y2^5+y1*y2^7
LAMBDA 9 15 y1^3*y2^5*B^4+y1^2*y2^6*B^4+y1*y2^7*B^4+y1^5*y2^3*B^3+y1^3*y2^5*B^3+y2^8*B^3+y1^5*y2^3*B^2+y1^3*y2^5*B^2+y1^2*y2^6*B^2+y2^8*B^2+y1^5*y2^3*B+y1^3*y2^5*B+y1^2*y2^6*B+y1*y2^7*B+y1^5*y2^3+y1*y2^7
LAMBDA 9 16 y1^4*y2^4*B+y1*y2^7*B+y1^4*y2^4+y1*y2^7
LAMBDA 9 17 y1^7*y2*B^5+y1^6*y2^2*B^5+y1^4*y2^4*B^5+y1^2*y2^6*B^5+y1*y2^7*B^5+y1^7*y2*B^4+y1^6*y2^2*B^4+y1^5*y2^3*B^4+y1^4*y2^4*B^4+y1^2*y2^6*B^4+y1*y2^7*B^4+y2^8*B^4+y1^4*y2^4*B^3+y1^3*y2^5*B^3+y1^7*y2*B+y1^6*y2^2*B+y1^5*y2^3*B+y1^4*y2^4*B+y1*y2^7*B+y1^7*y2+y1^6*y2^2+y1^3*y2^5+y1*y2^7+y2^8
