NONEX 1 y1^16*y2^5*B^5+y1^14*y2^7*B^5+y1^13*y2^8*B^5+y1^11*y2^10*B^5+y1^10*y2^11*B^5+y1^8*y2^13*B^5+y1^7*y2^14*B^5+y1^5*y2^16*B^5+y1^16*y2^5*B^4+y1^14*y2^7*B^4+y1^13*y2^8*B^4+y1^11*y2^10*B^4+y1^10*y2^11*B^4+y1^8*y2^13*B^4+y1^7*y2^14*B^4+y1^5*y2^16*B^4+y1^14*y2^7*B^3+y1^13*y2^8*B^3+y1^12*y2^9*B^3+y1^11*y2^10*B^3+y1^10*y2^11*B^3+y1^9*y2^12*B^3+y1^8*y2^13*B^3+y1^7*y2^14*B^3+y1^14*y2^7*B^2+y1^13*y2^8*B^2+y1^12*y2^9*B^2+y1^11*y2^10*B^2+y1^10*y2^11*B^2+y1^9*y2^12*B^2+y1^8*y2^13*B^2+y1^7*y2^14*B^2+y1^16*y2^5*B+y1^12*y2^9*B+y1^9*y2^12*B+y1^5*y2^16*B+y1^16*y2^5+y1^12*y2^9+y1^9*y2^12+y1^5*y2^16
LAMBDA 1 0 0
LAMBDA 1 1 y1^6*y2*B^3+y1^5*y2^2*B^3+y1^4*y2^3*B^3+y1^3*y2^4*B^3+y1^2*y2^5*B^3+y1*y2^6*B^3+y1^6*y2*B^2+y1*y2^6*B^2+y1^5*y2^2+y1^4*y2^3+y1^3*y2^4+y1^2*y2^5
LAMBDA 1 2 y1^6*B^3+y1^5*y2*B^3+y1^4*y2^2*B^3+y1^6*B^2+y1^5*y2+y1^4*y2^2
LAMBDA 1 3 y1^5*y2^2*B^2+y1^3*y2^4*B^2+y1^6*y2*B+y1^5*y2^2*B+y1^6*y2+y1^5*y2^2
LAMBDA 1 4 y1^6*B^3+y1^5*y2*B^3+y1^4*y2^2*B^3+y1^6*B^2+y1^5*y2*B^2+y1^4*y2^2*B^2+y1^6*B+y1^5*y2*B+y1^4*y2^2*B+y1^6
LAMBDA 1 5 y1^6*y2*B^3+y1^3*y2^4*B^3+y1^6*y2*B^2+y1^4*y2^3*B^2+y1^2*y2^5*B^2+y1*y2^6*B^2+y1^6*y2*B+y1^5*y2^2*B+y1^4*y2^3*B+y1^2*y2^5*B+y1^6*y2+y1^5*y2^2+y1^3*y2^4+y1*y2^6
LAMBDA 1 6 y1^6*B^3+y1^6*B^2+y1^5*y2*B^2+y1^4*y2^2*B^2
LAMBDA 1 7 y1^2*y2^4*B^3+y1*y2^5*B^3+y2^6*B^3+y2^6*B^2+y1^2*y2^4+y1*y2^5
LAMBDA 1 8 y1^4*y2^3*B^2+y1^2*y2^5*B^2+y1^2*y2^5*B+y1*y2^6*B+y1^2*y2^5+y1*y2^6
LAMBDA 1 9 y1^4*y2^2*B^2+y1^2*y2^4*B^2
LAMBDA 1 10 y1^6*y2*B^2+y1^5*y2^2*B^2+y1^4*y2^3*B^2+y1^3*y2^4*B^2+y1^2*y2^5*B^2+y1*y2^6*B^2+y1^5*y2^2*B+y1^4*y2^3*B+y1^3*y2^4*B+y1^2*y2^5*B+y1^6*y2+y1*y2^6
LAMBDA 1 11 y1^2*y2^4*B^3+y1^6*B^2+y1^5*y2*B^2+y1*y2^5*B^2+y2^6*B^2+y1^5*y2*B+y1^4*y2^2*B+y1^3*y2^3*B+y1*y2^5*B+y1^6+y1^2*y2^4+y2^6
LAMBDA 1 12 y1^6*B^2+y1^5*y2*B^2+y1^4*y2^2*B^2+y1^5*y2*B+y1^4*y2^2*B+y1^6
LAMBDA 1 13 y1^2*y2^4*B^3+y1*y2^5*B^3+y2^6*B^3+y1^2*y2^4*B^2+y1*y2^5*B^2+y2^6*B^2+y1^2*y2^4*B+y1*y2^5*B+y2^6*B+y2^6
LAMBDA 1 14 y1^4*y2^3*B^3+y1*y2^6*B^3+y1^6*y2*B^2+y1^5*y2^2*B^2+y1^3*y2^4*B^2+y1*y2^6*B^2+y1^5*y2^2*B+y1^3*y2^4*B+y1^2*y2^5*B+y1*y2^6*B+y1^6*y2+y1^4*y2^3+y1^2*y2^5+y1*y2^6
LAMBDA 1 15 y1^4*y2^2*B^3+y1^6*B^2+y1^5*y2*B^2+y1*y2^5*B^2+y2^6*B^2+y1^5*y2*B+y1^3*y2^3*B+y1^2*y2^4*B+y1*y2^5*B+y1^6+y1^4*y2^2+y2^6
LAMBDA 1 16 y1^4*y2^2*B^3+y1^2*y2^4*B^3+y1^6*B^2+y1^5*y2*B^2+y1*y2^5*B^2+y2^6*B^2+y1^5*y2*B+y1^4*y2^2*B+y1^2*y2^4*B+y1*y2^5*B+y1^6+y2^6
LAMBDA 1 17 0
LAMBDA 1 18 y2^6*B^3+y1^2*y2^4*B^2+y1*y2^5*B^2+y2^6*B^2
LAMBDA 1 19 y1^2*y2^4*B^2+y1*y2^5*B^2+y2^6*B^2+y1^2*y2^4*B+y1*y2^5*B+y2^6
LAMBDA 1 20 0
LAMBDA 1 21 y1^4*y2^2*B^2+y1^2*y2^4*B^2+y1^4*y2^2+y1^2*y2^4
NONEX 2 y1^17*y2^4*B^5+y1^14*y2^7*B^5+y1^13*y2^8*B^5+y1^11*y2^10*B^5+y1^10*y2^11*B^5+y1^8*y2^13*B^5+y1^7*y2^14*B^5+y1^4*y2^17*B^5+y1^17*y2^4*B^4+y1^14*y2^7*B^4+y1^13*y2^8*B^4+y1^11*y2^10*B^4+y1^10*y2^11*B^4+y1^8*y2^13*B^4+y1^7*y2^14*B^4+y1^4*y2^17*B^4+y1^15*y2^6*B^3+y1^14*y2^7*B^3+y1^7*y2^14*B^3+y1^6*y2^15*B^3+y1^15*y2^6*B^2+y1^14*y2^7*B^2+y1^7*y2^14*B^2+y1^6*y2^15*B^2+y1^17*y2^4*B+y1^15*y2^6*B+y1^13*y2^8*B+y1^11*y2^10*B+y1^10*y2^11*B+y1^8*y2^13*B+y1^6*y2^15*B+y1^4*y2^17*B+y1^17*y2^4+y1^15*y2^6+y1^13*y2^8+y1^11*y2^10+y1^10*y2^11+y1^8*y2^13+y1^6*y2^15+y1^4*y2^17
LAMBDA 2 0 0
LAMBDA 2 1 y1^6*y2*B^3+y1^5*y2^2*B^3+y1^4*y2^3*B^3+y1^3*y2^4*B^3+y1^2*y2^5*B^3+y1*y2^6*B^3+y1^5*y2^2*B^2+y1^4*y2^3*B^2+y1^3*y2^4*B^2+y1^2*y2^5*B^2+y1^5*y2^2*B+y1^4*y2^3*B+y1^3*y2^4*B+y1^2*y2^5*B+y1^6*y2+y1*y2^6
LAMBDA 2 2 y1^6*B^3+y1^5*y2*B^3+y1^4*y2^2*B^3+y1^5*y2*B^2+y1^4*y2^2*B^2+y1^5*y2*B+y1^4*y2^2*B+y1^6
LAMBDA 2 3 y1^5*y2^2*B^2+y1^3*y2^4*B^2+y1^5*y2^2*B+y1^4*y2^3*B+y1^2*y2^5*B+y1*y2^6*B+y1^4*y2^3+y1^3*y2^4+y1^2*y2^5+y1*y2^6
LAMBDA 2 4 y1^6*B^3+y1^5*y2*B^3+y1^4*y2^2*B^3+y1^6
LAMBDA 2 5 y1^6*y2*B^3+y1^3*y2^4*B^3+y1^4*y2^3*B^2+y1^3*y2^4*B^2+y1^2*y2^5*B^2+y1*y2^6*B^2+y1^6*y2*B+y1^4*y2^3*B+y1^3*y2^4*B+y1^2*y2^5*B+y1^3*y2^4+y1*y2^6
LAMBDA 2 6 y1^6*B^3+y1^5*y2*B^2+y1^4*y2^2*B^2+y1^6*B+y1^5*y2+y1^4*y2^2
LAMBDA 2 7 y1^2*y2^4*B^3+y1*y2^5*B^3+y2^6*B^3+y1^2*y2^4*B^2+y1*y2^5*B^2+y1^2*y2^4*B+y1*y2^5*B+y2^6
LAMBDA 2 8 y1^4*y2^3*B^2+y1^2*y2^5*B^2+y1^6*y2*B+y1^5*y2^2*B+y1^3*y2^4*B+y1^2*y2^5*B+y1^6*y2+y1^5*y2^2+y1^4*y2^3+y1^3*y2^4
LAMBDA 2 9 y1^4*y2^2*B^2+y1^2*y2^4*B^2+y1^6*B+y1^5*y2*B+y1*y2^5*B+y2^6*B+y1^6+y1^5*y2+y1^4*y2^2+y1^2*y2^4+y1*y2^5+y2^6
LAMBDA 2 10 y1^6*y2*B^2+y1^5*y2^2*B^2+y1^4*y2^3*B^2+y1^3*y2^4*B^2+y1^2*y2^5*B^2+y1*y2^6*B^2+y1^6*y2*B+y1^5*y2^2*B+y1^2*y2^5*B+y1*y2^6*B+y1^5*y2^2+y1^2*y2^5
LAMBDA 2 11 y1^2*y2^4*B^3+y1^6*B^2+y1^5*y2*B^2+y1^2*y2^4*B^2+y1*y2^5*B^2+y2^6*B^2+y1^3*y2^3*B+y1^2*y2^4*B+y1*y2^5*B+y1^6+y1^2*y2^4+y2^6
LAMBDA 2 12 y1^6*B^2+y1^5*y2*B^2+y1^4*y2^2*B^2+y1^6*B+y1^4*y2^2*B+y1^3*y2^3
LAMBDA 2 13 y1^2*y2^4*B^3+y1*y2^5*B^3+y2^6*B^3+y2^6
LAMBDA 2 14 y1^4*y2^3*B^3+y1*y2^6*B^3+y1^6*y2*B^2+y1^5*y2^2*B^2+y1^4*y2^3*B^2+y1^3*y2^4*B^2+y1^5*y2^2*B+y1^4*y2^3*B+y1^3*y2^4*B+y1*y2^6*B+y1^6*y2+y1^4*y2^3
LAMBDA 2 15 y1^4*y2^2*B^3+y1^6*B^2+y1^5*y2*B^2+y1^4*y2^2*B^2+y1*y2^5*B^2+y2^6*B^2+y1^5*y2*B+y1^4*y2^2*B+y1^3*y2^3*B+y1^6+y1^4*y2^2+y2^6
LAMBDA 2 16 y1^4*y2^2*B^3+y1^2*y2^4*B^3+y1^6*B^2+y1^5*y2*B^2+y1^4*y2^2*B^2+y1^2*y2^4*B^2+y1*y2^5*B^2+y2^6*B^2+y1^5*y2*B+y1*y2^5*B+y1^6+y2^6
LAMBDA 2 17 0
LAMBDA 2 18 y2^6*B^3+y1^2*y2^4*B^2+y1*y2^5*B^2+y2^6*B+y1^2*y2^4+y1*y2^5
LAMBDA 2 19 y1^2*y2^4*B^2+y1*y2^5*B^2+y2^6*B^2+y1^2*y2^4*B+y2^6*B+y1^3*y2^3
LAMBDA 2 20 0
LAMBDA 2 21 y1^5*y2*B^2+y1*y2^5*B^2+y1^5*y2+y1*y2^5
NONEX 3 y1^17*y2^5*B^4+y1^16*y2^6*B^4+y1^15*y2^7*B^4+y1^13*y2^9*B^4+y1^12*y2^10*B^4+y1^10*y2^12*B^4+y1^9*y2^13*B^4+y1^7*y2^15*B^4+y1^6*y2^16*B^4+y1^5*y2^17*B^4+y1^15*y2^7*B^2+y1^7*y2^15*B^2+y1^17*y2^5+y1^16*y2^6+y1^13*y2^9+y1^12*y2^10+y1^10*y2^12+y1^9*y2^13+y1^6*y2^16+y1^5*y2^17
LAMBDA 3 0 0
LAMBDA 3 1 y1^7*y2*B^6+y1^5*y2^3*B^6+y1^3*y2^5*B^6+y1^6*y2^2*B^5+y1^5*y2^3*B^5+y1^4*y2^4*B^5+y1^6*y2^2*B^4+y1^3*y2^5*B^4+y1^2*y2^6*B^4+y1^7*y2*B^3+y1^4*y2^4*B^3+y1^2*y2^6*B^3+y1*y2^7*B^3+y1^7*y2*B^2+y1^5*y2^3*B^2+y1^4*y2^4*B^2+y1^3*y2^5*B^2+y1*y2^7*B^2+y1^7*y2*B+y1^6*y2^2*B+y1^5*y2^3*B+y1^4*y2^4*B+y1^6*y2^2+y1^2*y2^6
LAMBDA 3 2 y1^7*B^6+y1^5*y2^2*B^6+y1^6*y2*B^5+y1^5*y2^2*B^5+y1^6*y2*B^4+y1^7*B^3+y1^4*y2^3*B^3+y1^7*B^2+y1^5*y2^2*B^2+y1^4*y2^3*B^2+y1^7*B+y1^6*y2*B+y1^5*y2^2*B+y1^4*y2^3*B+y1^6*y2+y1^4*y2^3
LAMBDA 3 3 y1^6*y2^2*B^7+y1^5*y2^3*B^7+y1^4*y2^4*B^7+y1^3*y2^5*B^7+y1^2*y2^6*B^7+y1*y2^7*B^7+y1^7*y2*B^5+y1^6*y2^2*B^5+y1^4*y2^4*B^5+y1*y2^7*B^5+y1^6*y2^2*B^4+y1^5*y2^3*B^4+y1^4*y2^4*B^4+y1*y2^7*B^4+y1^6*y2^2*B^3+y1^4*y2^4*B^3+y1^3*y2^5*B^3+y1*y2^7*B^3+y1^7*y2*B^2+y1^5*y2^3*B^2+y1^4*y2^4*B^2+y1^3*y2^5*B^2+y1^2*y2^6*B^2+y1*y2^7*B^2+y1^7*y2*B+y1^6*y2^2*B+y1^5*y2^3*B+y1^4*y2^4*B+y1^2*y2^6*B+y1*y2^7*B+y1^7*y2+y1^6*y2^2+y1^5*y2^3+y1^4*y2^4
LAMBDA 3 4 y1^6*y2*B^7+y1^5*y2^2*B^7+y1^4*y2^3*B^7+y1^7*B^6+y1^5*y2^2*B^6+y1^7*B^5+y1^4*y2^3*B^5+y1^5*y2^2*B^4+y1^7*B^3+y1^6*y2*B^3+y1^5*y2^2*B^2+y1^5*y2^2*B+y1^7+y1^5*y2^2
LAMBDA 3 5 y1^6*y2^2*B^7+y1^5*y2^3*B^7+y1^4*y2^4*B^7+y1^3*y2^5*B^7+y1^2*y2^6*B^7+y1*y2^7*B^7+y1^7*y2*B^6+y1^5*y2^3*B^6+y1^4*y2^4*B^6+y1^3*y2^5*B^6+y1^7*y2*B^5+y1^5*y2^3*B^5+y1^6*y2^2*B^4+y1^5*y2^3*B^4+y1^3*y2^5*B^4+y1*y2^7*B^4+y1^7*y2*B^3+y1^6*y2^2*B^3+y1^5*y2^3*B^3+y1^2*y2^6*B^3+y1^7*y2*B^2+y1^4*y2^4*B^2+y1^2*y2^6*B+y1*y2^7*B+y1^6*y2^2+y1^5*y2^3+y1^4*y2^4+y1^3*y2^5+y1^2*y2^6+y1*y2^7
LAMBDA 3 6 y1^7*B^6+y1^5*y2^2*B^6+y1^4*y2^3*B^6+y1^6*y2*B^5+y1^5*y2^2*B^5+y1^5*y2^2*B^4+y1^7*B^3+y1^4*y2^3*B^3+y1^4*y2^3*B^2+y1^7*B+y1^6*y2*B+y1^5*y2^2*B+y1^4*y2^3*B+y1^7
LAMBDA 3 7 y1^2*y2^5*B^6+y1^3*y2^4*B^5+y1^2*y2^5*B^4+y1*y2^6*B^4+y1*y2^6*B^3+y2^7*B^3+y1^2*y2^5*B^2+y2^7*B^2+y1^3*y2^4+y1*y2^6
LAMBDA 3 8 y1^7*y2*B^7+y1*y2^7*B^7+y1^7*y2*B^5+y1^6*y2^2*B^5+y1^5*y2^3*B^5+y1^3*y2^5*B^5+y1^7*y2*B^4+y1^2*y2^6*B^4+y1^7*y2*B^3+y1^4*y2^4*B^3+y1^7*y2*B^2+y1^6*y2^2*B^2+y1^4*y2^4*B^2+y1^3*y2^5*B^2+y1^2*y2^6*B^2+y1*y2^7*B^2+y1^7*y2*B+y1^6*y2^2*B+y1^5*y2^3*B+y1^4*y2^4*B+y1^3*y2^5*B+y1*y2^7*B+y1^5*y2^3+y1*y2^7
LAMBDA 3 9 y1^7*B^7+y1^4*y2^3*B^7+y1^2*y2^5*B^7+y1*y2^6*B^7+y2^7*B^7+y1^7*B^5+y1^6*y2*B^5+y1^5*y2^2*B^5+y1^3*y2^4*B^5+y2^7*B^5+y1^7*B^4+y1^4*y2^3*B^4+y2^7*B^4+y1^7*B^3+y1^2*y2^5*B^3+y2^7*B^3+y1^7*B^2+y1^6*y2*B^2+y1^4*y2^3*B^2+y1^3*y2^4*B^2+y1^2*y2^5*B^2+y1*y2^6*B^2+y2^7*B^2+y1^7*B+y1^6*y2*B+y1^5*y2^2*B+y1^4*y2^3*B+y1^3*y2^4*B+y1*y2^6*B+y2^7*B+y1^5*y2^2+y1^3*y2^4
LAMBDA 3 10 y1^7*y2*B+y1*y2^7*B+y1^7*y2+y1^6*y2^2+y1^2*y2^6+y1*y2^7
LAMBDA 3 11 y1^7*B^7+y1^4*y2^3*B^7+y1^2*y2^5*B^7+y1*y2^6*B^7+y2^7*B^7+y1^5*y2^2*B^6+y1^3*y2^4*B^6+y1^2*y2^5*B^6+y1^7*B^5+y1^6*y2*B^5+y1^3*y2^4*B^5+y1^7*B^4+y1^3*y2^4*B^4+y1^2*y2^5*B^4+y2^7*B^4+y1^7*B^3+y1^5*y2^2*B^3+y1^4*y2^3*B^3+y1^3*y2^4*B^3+y1*y2^6*B^3+y1^7*B^2+y1^6*y2*B^2+y1^6*y2*B+y1*y2^6*B+y2^7*B+y1^7+y1^6*y2+y1^5*y2^2+y1^3*y2^4+y1^2*y2^5+y1*y2^6+y2^7
LAMBDA 3 12 y1^7*B+y1^4*y2^3*B+y1^7+y1^6*y2
LAMBDA 3 13 y1^3*y2^4*B^7+y2^7*B^7+y1^2*y2^5*B^6+y1^3*y2^4*B^4+y1^3*y2^4*B^3+y1*y2^6*B^3+y2^7*B^3+y1^3*y2^4*B^2+y1^2*y2^5*B^2+y1*y2^6*B^2+y1^3*y2^4*B+y2^7*B+y1^3*y2^4+y1^2*y2^5+y1*y2^6+y2^7
LAMBDA 3 14 y1^7*y2*B^7+y1*y2^7*B^7+y1^5*y2^3*B^6+y1^3*y2^5*B^6+y1^2*y2^6*B^6+y1*y2^7*B^6+y1^7*y2*B^5+y1^5*y2^3*B^5+y1^3*y2^5*B^5+y1*y2^7*B^5+y1^7*y2*B^4+y1*y2^7*B^4+y1^6*y2^2*B^3+y1*y2^7*B^3+y1^5*y2^3*B^2+y1^4*y2^4*B^2+y1^2*y2^6*B^2+y1*y2^7*B^2+y1^2*y2^6*B+y1*y2^7*B+y1^7*y2+y1^6*y2^2+y1^5*y2^3+y1^4*y2^4+y1^2*y2^6+y1*y2^7
LAMBDA 3 15 y1^7*B^7+y1^4*y2^3*B^7+y1^2*y2^5*B^7+y1*y2^6*B^7+y2^7*B^7+y1^5*y2^2*B^6+y1^3*y2^4*B^6+y1^2*y2^5*B^6+y1^7*B^5+y1^5*y2^2*B^5+y1^2*y2^5*B^5+y2^7*B^5+y1^7*B^4+y1^4*y2^3*B^4+y1^3*y2^4*B^4+y2^7*B^4+y1^6*y2*B^3+y1^3*y2^4*B^3+y2^7*B^3+y1^5*y2^2*B^2+y1^2*y2^5*B^2+y1*y2^6*B^2+y2^7*B^2+y1^2*y2^5*B+y1*y2^6*B+y1^7+y1^6*y2+y1^5*y2^2+y1^4*y2^3+y1^3*y2^4+y1*y2^6+y2^7
LAMBDA 3 16 y1^7*B^7+y1^4*y2^3*B^7+y1^2*y2^5*B^7+y1*y2^6*B^7+y2^7*B^7+y1^7*B^5+y1^2*y2^5*B^5+y1^7*B^4+y1^4*y2^3*B^4+y2^7*B^4+y1^6*y2*B^3+y1^5*y2^2*B^3+y1*y2^6*B^3+y1^4*y2^3*B^2+y1^5*y2^2*B+y1^4*y2^3*B+y1*y2^6*B+y2^7*B+y1^7+y1^6*y2+y1*y2^6+y2^7
LAMBDA 3 17 0
LAMBDA 3 18 y1^3*y2^4*B^6+y1*y2^6*B^6+y2^7*B^6+y1^3*y2^4*B^5+y1^2*y2^5*B^5+y2^7*B^5+y1^2*y2^5*B^4+y1*y2^6*B^4+y2^7*B^4+y1^2*y2^5*B^3+y2^7*B^3+y1^3*y2^4*B^2+y1^3*y2^4*B+y1^2*y2^5*B+y1*y2^6*B+y1*y2^6
LAMBDA 3 19 y1^3*y2^4*B+y2^7*B+y1*y2^6+y2^7
LAMBDA 3 20 0
LAMBDA 3 21 y1^5*y2^2*B+y1^4*y2^3*B+y1^3*y2^4*B+y1^2*y2^5*B+y1^5*y2^2+y1^4*y2^3+y1^3*y2^4+y1^2*y2^5
NONEX 4 y1^12*y2^9*B^6+y1^9*y2^12*B^6+y1^6*y2^15*B^6+y1^3*y2^18*B^6+y1^14*y2^7*B^5+y1^13*y2^8*B^5+y1^11*y2^10*B^5+y1^10*y2^11*B^5+y1^8*y2^13*B^5+y1^7*y2^14*B^5+y1^5*y2^16*B^5+y1^4*y2^17*B^5+y1^14*y2^7*B^4+y1^13*y2^8*B^4+y1^12*y2^9*B^4+y1^11*y2^10*B^4+y1^8*y2^13*B^4+y1^7*y2^14*B^4+y1^4*y2^17*B^4+y1^3*y2^18*B^4+y1^12*y2^9*B^3+y1^10*y2^11*B^3+y1^8*y2^13*B^3+y1^6*y2^15*B^3+y1^10*y2^11*B^2+y1^9*y2^12*B^2+y1^8*y2^13*B^2+y1^3*y2^18*B^2+y1^14*y2^7*B+y1^13*y2^8*B+y1^12*y2^9*B+y1^11*y2^10*B+y1^7*y2^14*B+y1^6*y2^15*B+y1^5*y2^16*B+y1^4*y2^17*B+y1^14*y2^7+y1^13*y2^8+y1^11*y2^10+y1^10*y2^11+y1^7*y2^14+y1^6*y2^15+y1^4*y2^17+y1^3*y2^18
LAMBDA 4 0 0
LAMBDA 4 1 y1^6*y2*B^3+y1^5*y2^2*B^3+y1^4*y2^3*B^3+y1^3*y2^4*B^3+y1^2*y2^5*B^3+y1*y2^6*B^3+y1^5*y2^2*B^2+y1^4*y2^3*B^2+y1^3*y2^4*B^2+y1^2*y2^5*B^2+y1^3*y2^4*B+y1^2*y2^5*B+y1*y2^6*B+y1^6*y2+y1^5*y2^2+y1^2*y2^5
LAMBDA 4 2 y1^6*B^3+y1^5*y2*B^3+y1^4*y2^2*B^3+y1^5*y2*B^2+y1^4*y2^2*B^2+y1^6+y1^5*y2+y1^3*y2^3
LAMBDA 4 3 y1^6*y2*B^2+y1^5*y2^2*B^2+y1^5*y2^2*B+y1^4*y2^3*B+y1^3*y2^4*B+y1*y2^6*B+y1^6*y2+y1^3*y2^4+y1^2*y2^5+y1*y2^6
LAMBDA 4 4 y1^6*B^3+y1^5*y2*B^3+y1^4*y2^2*B^3+y1^6*B^2+y1^5*y2*B+y1^5*y2
LAMBDA 4 5 y1^5*y2^2*B^3+y1^4*y2^3*B^3+y1^2*y2^5*B^3+y1*y2^6*B^3+y1^6*y2*B^2+y1^4*y2^3*B^2+y1^3*y2^4*B^2+y1^2*y2^5*B^2+y1*y2^6*B^2+y1^2*y2^5*B+y1*y2^6*B+y1^6*y2+y1^5*y2^2+y1^3*y2^4+y1^2*y2^5+y1*y2^6
LAMBDA 4 6 y1^5*y2*B^3+y1^4*y2^2*B^3+y1^5*y2*B^2+y1^4*y2^2*B^2+y1^3*y2^3*B^2+y1^5*y2*B+y1^5*y2+y1^4*y2^2
LAMBDA 4 7 y1^2*y2^4*B^3+y1*y2^5*B^3+y2^6*B^3+y1^2*y2^4*B^2+y1*y2^5*B^2+y1^2*y2^4*B+y1*y2^5*B+y2^6*B+y1^2*y2^4+y1*y2^5
LAMBDA 4 8 y1^2*y2^5*B^2+y1*y2^6*B^2+y1^4*y2^3*B+y1^2*y2^5*B+y1^4*y2^3+y1*y2^6
LAMBDA 4 9 y1^4*y2^2*B+y1^2*y2^4*B+y2^6*B+y1^4*y2^2+y1*y2^5+y2^6
LAMBDA 4 10 y1^6*y2*B^3+y1^5*y2^2*B^3+y1^4*y2^3*B^3+y1^3*y2^4*B^3+y1^2*y2^5*B^3+y1*y2^6*B^3+y1^6*y2*B^2+y1^5*y2^2*B^2+y1^3*y2^4*B^2+y1^6*y2*B+y1^5*y2^2*B+y1^2*y2^5*B+y1*y2^6*B+y1^6*y2+y1^5*y2^2+y1^4*y2^3
LAMBDA 4 11 y1^6*B^3+y1^5*y2*B^3+y1^4*y2^2*B^3+y1*y2^5*B^3+y2^6*B^3+y1^6*B^2+y1^5*y2*B^2+y1^2*y2^4*B^2+y1*y2^5*B^2+y2^6*B^2+y1^6*B+y1^5*y2*B+y1^4*y2^2*B+y1*y2^5*B+y2^6*B+y1^6+y1^5*y2+y1^2*y2^4+y1*y2^5+y2^6
LAMBDA 4 12 y1^6*B^3+y1^5*y2*B^3+y1^4*y2^2*B^3+y1^6*B^2+y1^5*y2*B^2+y1^4*y2^2*B^2+y1^3*y2^3*B^2+y1^6*B+y1^5*y2*B+y1^2*y2^4*B+y1^6+y1^5*y2+y1^3*y2^3+y1^2*y2^4
LAMBDA 4 13 y1^2*y2^4*B^3+y1*y2^5*B^3+y2^6*B^3+y2^6*B^2+y2^6*B+y1^2*y2^4+y1*y2^5+y2^6
LAMBDA 4 14 y1^6*y2*B^3+y1^5*y2^2*B^3+y1^3*y2^4*B^3+y1^2*y2^5*B^3+y1^6*y2*B^2+y1^5*y2^2*B^2+y1^4*y2^3*B^2+y1^3*y2^4*B^2+y1*y2^6*B^2+y1^6*y2*B+y1^5*y2^2*B+y1^6*y2+y1^5*y2^2+y1^4*y2^3+y1^2*y2^5+y1*y2^6
LAMBDA 4 15 y1^6*B^3+y1^5*y2*B^3+y1^2*y2^4*B^3+y1*y2^5*B^3+y2^6*B^3+y1^6*B^2+y1^5*y2*B^2+y1^4*y2^2*B^2+y1^2*y2^4*B^2+y1^6*B+y1^5*y2*B+y1^2*y2^4*B+y1*y2^5*B+y1^6+y1^5*y2+y1^4*y2^2+y1*y2^5+y2^6
LAMBDA 4 16 y1^6*B^3+y1^5*y2*B^3+y1*y2^5*B^3+y2^6*B^3+y1^6*B^2+y1^5*y2*B^2+y1^3*y2^3*B^2+y1*y2^5*B^2+y2^6*B^2+y1^6*B+y1^5*y2*B+y1*y2^5*B+y2^6*B+y1^6+y1^5*y2+y1^3*y2^3+y1*y2^5+y2^6
LAMBDA 4 17 0
LAMBDA 4 18 y1^2*y2^4*B^3+y1*y2^5*B^3+y1^2*y2^4*B^2+y1*y2^5*B^2+y2^6*B^2+y2^6
LAMBDA 4 19 y1^2*y2^4*B^3+y1*y2^5*B^3+y2^6*B^3+y2^6*B^2+y2^6*B+y1^2*y2^4+y1*y2^5+y2^6
LAMBDA 4 20 0
LAMBDA 4 21 y2^6*B^3+y1^2*y2^4*B^2+y1*y2^5*B^2+y2^6*B^2+y2^6*B+y1^2*y2^4+y1*y2^5+y2^6
NONEX 5 y1^14*y2^7*B^6+y1^13*y2^8*B^6+y1^11*y2^10*B^6+y1^10*y2^11*B^6+y1^8*y2^13*B^6+y1^7*y2^14*B^6+y1^5*y2^16*B^6+y1^4*y2^17*B^6+y1^14*y2^7*B^4+y1^13*y2^8*B^4+y1^12*y2^9*B^4+y1^11*y2^10*B^4+y1^7*y2^14*B^4+y1^6*y2^15*B^4+y1^5*y2^16*B^4+y1^4*y2^17*B^4+y1^14*y2^7*B^2+y1^13*y2^8*B^2+y1^11*y2^10*B^2+y1^10*y2^11*B^2+y1^8*y2^13*B^2+y1^7*y2^14*B^2+y1^5*y2^16*B^2+y1^4*y2^17*B^2+y1^14*y2^7+y1^13*y2^8+y1^12*y2^9+y1^11*y2^10+y1^7*y2^14+y1^6*y2^15+y1^5*y2^16+y1^4*y2^17
LAMBDA 5 0 0
LAMBDA 5 1 y1^6*y2*B^3+y1^5*y2^2*B^3+y1^4*y2^3*B^3+y1^3*y2^4*B^3+y1^2*y2^5*B^3+y1*y2^6*B^3+y1^5*y2^2*B^2+y1^4*y2^3*B^2+y1^3*y2^4*B^2+y1^2*y2^5*B^2+y1^5*y2^2*B+y1^4*y2^3*B+y1^3*y2^4*B+y1^2*y2^5*B+y1*y2^6*B+y1^6*y2+y1^3*y2^4+y1^2*y2^5
LAMBDA 5 2 y1^6*B^3+y1^5*y2*B^3+y1^4*y2^2*B^3+y1^5*y2*B^2+y1^4*y2^2*B^2+y1^5*y2*B+y1^4*y2^2*B+y1^6
LAMBDA 5 3 y1^4*y2^3*B^2+y1^3*y2^4*B^2+y1^2*y2^5*B^2+y1*y2^6*B^2+y1^5*y2^2*B+y1^3*y2^4*B+y1^5*y2^2+y1^4*y2^3+y1^2*y2^5+y1*y2^6
LAMBDA 5 4 y1^6*B^3+y1^5*y2*B^3+y1^4*y2^2*B^3+y1^5*y2*B^2+y1^4*y2^2*B^2+y1^6+y1^5*y2+y1^4*y2^2
LAMBDA 5 5 y1^5*y2^2*B^3+y1^4*y2^3*B^3+y1^2*y2^5*B^3+y1*y2^6*B^3+y1^6*y2*B^2+y1^5*y2^2*B^2+y1^2*y2^5*B^2+y1*y2^6*B^2+y1^4*y2^3*B+y1^3*y2^4*B+y1^2*y2^5*B+y1*y2^6*B+y1^6*y2+y1^3*y2^4+y1^2*y2^5+y1*y2^6
LAMBDA 5 6 y1^5*y2*B^3+y1^4*y2^2*B^3+y1^6*B^2+y1^5*y2*B^2+y1^4*y2^2*B^2+y1^5*y2*B+y1^4*y2^2*B+y1^6+y1^5*y2+y1^4*y2^2
LAMBDA 5 7 y1^2*y2^4*B^3+y1*y2^5*B^3+y2^6*B^3+y1^2*y2^4*B^2+y1*y2^5*B^2+y1^2*y2^4*B+y1*y2^5*B+y2^6*B+y1^2*y2^4+y1*y2^5
LAMBDA 5 8 y1^2*y2^5*B^2+y1*y2^6*B^2+y1^4*y2^3*B+y1^2*y2^5*B+y1^4*y2^3+y1*y2^6
LAMBDA 5 9 y1^2*y2^4*B^2+y1*y2^5*B^2+y2^6*B^2+y1^4*y2^2*B+y1^2*y2^4*B+y1^4*y2^2+y1*y2^5+y2^6
LAMBDA 5 10 y1^6*y2*B^3+y1^5*y2^2*B^3+y1^4*y2^3*B^3+y1^3*y2^4*B^3+y1^2*y2^5*B^3+y1*y2^6*B^3+y1^6*y2*B^2+y1^5*y2^2*B^2+y1^4*y2^3*B^2+y1^2*y2^5*B^2+y1^6*y2*B+y1^5*y2^2*B+y1^3*y2^4*B+y1*y2^6*B+y1^6*y2+y1^5*y2^2
LAMBDA 5 11 y1^6*B^3+y1^5*y2*B^3+y1^4*y2^2*B^3+y1*y2^5*B^3+y2^6*B^3+y1^6*B^2+y1^5*y2*B^2+y1^4*y2^2*B^2+y1^3*y2^3*B^2+y1*y2^5*B^2+y2^6*B^2+y1^6*B+y1^5*y2*B+y1^4*y2^2*B+y1^3*y2^3*B+y1^2*y2^4*B+y1*y2^5*B+y2^6*B+y1^6+y1^5*y2+y1^4*y2^2+y1^2*y2^4+y1*y2^5+y2^6
LAMBDA 5 12 y1^6*B^3+y1^5*y2*B^3+y1^4*y2^2*B^3+y1^6*B^2+y1^5*y2*B^2+y1^6*B+y1^5*y2*B+y1^3*y2^3*B+y1^6+y1^5*y2+y1^4*y2^2+y1^3*y2^3
LAMBDA 5 13 y1^2*y2^4*B^3+y1*y2^5*B^3+y2^6*B^3+y2^6*B^2+y2^6*B+y1^2*y2^4+y1*y2^5+y2^6
LAMBDA 5 14 y1^6*y2*B^3+y1^5*y2^2*B^3+y1^3*y2^4*B^3+y1^2*y2^5*B^3+y1^6*y2*B^2+y1^5*y2^2*B^2+y1^4*y2^3*B^2+y1^2*y2^5*B^2+y1^6*y2*B+y1^5*y2^2*B+y1^3*y2^4*B+y1^2*y2^5*B+y1^6*y2+y1^5*y2^2+y1^4*y2^3+y1^2*y2^5
LAMBDA 5 15 y1^6*B^3+y1^5*y2*B^3+y1^2*y2^4*B^3+y1*y2^5*B^3+y2^6*B^3+y1^6*B^2+y1^5*y2*B^2+y1^4*y2^2*B^2+y1^3*y2^3*B^2+y1^2*y2^4*B^2+y2^6*B^2+y1^6*B+y1^5*y2*B+y1^3*y2^3*B+y1^2*y2^4*B+y2^6*B+y1^6+y1^5*y2+y1^4*y2^2+y1^2*y2^4+y1*y2^5+y2^6
LAMBDA 5 16 y1^6*B^3+y1^5*y2*B^3+y1*y2^5*B^3+y2^6*B^3+y1^6*B^2+y1^5*y2*B^2+y1^2*y2^4*B^2+y1*y2^5*B^2+y2^6*B^2+y1^6*B+y1^5*y2*B+y1^3*y2^3*B+y1^2*y2^4*B+y1*y2^5*B+y2^6*B+y1^6+y1^5*y2+y1^3*y2^3+y1*y2^5+y2^6
LAMBDA 5 17 0
LAMBDA 5 18 y1^2*y2^4*B^3+y1*y2^5*B^3+y1^2*y2^4*B^2+y1*y2^5*B^2+y2^6*B^2+y2^6
LAMBDA 5 19 y1^2*y2^4*B^3+y1*y2^5*B^3+y2^6*B^3+y2^6*B+y1^2*y2^4+y1*y2^5
LAMBDA 5 20 0
LAMBDA 5 21 y1^2*y2^4*B^3+y1*y2^5*B^3+y1^2*y2^4*B^2+y1*y2^5*B^2+y1^2*y2^4*B+y1*y2^5*B+y1^2*y2^4+y1*y2^5
NONEX 6 y1^15*y2^6*B^6+y1^3*y2^18*B^6+y1^15*y2^6*B^5+y1^13*y2^8*B^5+y1^12*y2^9*B^5+y1^10*y2^11*B^5+y1^9*y2^12*B^5+y1^7*y2^14*B^5+y1^6*y2^15*B^5+y1^4*y2^17*B^5+y1^9*y2^12*B^4+y1^8*y2^13*B^4+y1^7*y2^14*B^4+y1^5*y2^16*B^4+y1^4*y2^17*B^4+y1^3*y2^18*B^4+y1^13*y2^8*B^3+y1^12*y2^9*B^3+y1^11*y2^10*B^3+y1^10*y2^11*B^3+y1^9*y2^12*B^3+y1^8*y2^13*B^3+y1^7*y2^14*B^3+y1^6*y2^15*B^3+y1^15*y2^6*B^2+y1^13*y2^8*B^2+y1^12*y2^9*B^2+y1^11*y2^10*B^2+y1^10*y2^11*B^2+y1^9*y2^12*B^2+y1^8*y2^13*B^2+y1^7*y2^14*B^2+y1^6*y2^15*B^2+y1^3*y2^18*B^2+y1^15*y2^6*B+y1^11*y2^10*B+y1^8*y2^13*B+y1^4*y2^17*B+y1^13*y2^8+y1^12*y2^9+y1^11*y2^10+y1^10*y2^11+y1^6*y2^15+y1^5*y2^16+y1^4*y2^17+y1^3*y2^18
LAMBDA 6 0 0
LAMBDA 6 1 y1^6*y2*B^3+y1^5*y2^2*B^3+y1^4*y2^3*B^3+y1^3*y2^4*B^3+y1^2*y2^5*B^3+y1*y2^6*B^3+y1^6*y2*B^2+y1*y2^6*B^2+y1^5*y2^2*B+y1^4*y2^3*B+y1*y2^6*B+y1^5*y2^2+y1^3*y2^4+y1*y2^6
LAMBDA 6 2 y1^6*B^3+y1^5*y2*B^3+y1^4*y2^2*B^3+y1^6*B^2+y1^5*y2*B+y1^4*y2^2*B+y1^5*y2+y1^3*y2^3
LAMBDA 6 3 y1^6*y2*B^2+y1^4*y2^3*B^2+y1^2*y2^5*B^2+y1*y2^6*B^2+y1^5*y2^2*B+y1^4*y2^3*B+y1^3*y2^4*B+y1*y2^6*B+y1^6*y2+y1^5*y2^2+y1^4*y2^3+y1^3*y2^4
LAMBDA 6 4 y1^6*B^3+y1^5*y2*B^3+y1^4*y2^2*B^3+y1^4*y2^2*B+y1^6+y1^4*y2^2
LAMBDA 6 5 y1^6*y2*B^3+y1^3*y2^4*B^3+y1^4*y2^3*B^2+y1^3*y2^4*B^2+y1^2*y2^5*B^2+y1*y2^6*B^2+y1^6*y2*B+y1^5*y2^2*B+y1^4*y2^3*B+y1^2*y2^5*B+y1^5*y2^2+y1*y2^6
LAMBDA 6 6 y1^6*B^3+y1^6*B^2+y1^3*y2^3*B^2+y1^6*B+y1^4*y2^2*B+y1^6
LAMBDA 6 7 y1^2*y2^4*B^3+y1*y2^5*B^3+y2^6*B^3+y2^6*B^2+y2^6*B+y2^6
LAMBDA 6 8 y1^6*y2*B^2+y1^5*y2^2*B^2+y1^3*y2^4*B^2+y1*y2^6*B^2+y1^2*y2^5*B+y1*y2^6*B+y1^6*y2+y1^5*y2^2+y1^4*y2^3+y1^3*y2^4
LAMBDA 6 9 y1^6*B^2+y1^5*y2*B^2+y1*y2^5*B^2+y2^6*B^2+y1^2*y2^4*B+y2^6*B+y1^6+y1^5*y2+y1^4*y2^2+y1^3*y2^3
LAMBDA 6 10 y1^5*y2^2*B^2+y1^2*y2^5*B^2+y1^4*y2^3*B+y1^2*y2^5*B+y1^5*y2^2+y1^4*y2^3
LAMBDA 6 11 y1^2*y2^4*B^3+y1^6*B^2+y1^2*y2^4*B^2+y1*y2^5*B^2+y2^6*B^2+y1^3*y2^3*B+y1*y2^5*B+y1^6+y1^4*y2^2+y2^6
LAMBDA 6 12 y1^5*y2*B^2+y1^3*y2^3*B^2+y1^4*y2^2*B+y1^2*y2^4*B+y1^5*y2+y1^4*y2^2+y1^3*y2^3+y1^2*y2^4
LAMBDA 6 13 y1^2*y2^4*B^3+y1*y2^5*B^3+y2^6*B^3+y1^2*y2^4*B+y1*y2^5*B+y2^6
LAMBDA 6 14 y1^4*y2^3*B^3+y1*y2^6*B^3+y1^2*y2^5*B^2+y1*y2^6*B^2+y1^2*y2^5*B+y1*y2^6*B+y1^4*y2^3+y1*y2^6
LAMBDA 6 15 y1^4*y2^2*B^3+y2^6*B^2+y1*y2^5*B+y2^6*B+y1^4*y2^2+y1^2*y2^4
LAMBDA 6 16 y1^4*y2^2*B^3+y1^2*y2^4*B^3+y1^2*y2^4*B^2+y1*y2^5*B^2+y2^6*B^2+y1^2*y2^4*B+y1*y2^5*B+y1^4*y2^2+y1^2*y2^4+y2^6
LAMBDA 6 17 0
LAMBDA 6 18 y2^6*B^3+y1^2*y2^4*B^2+y1*y2^5*B^2+y2^6*B^2+y1^2*y2^4*B+y1*y2^5*B+y1^2*y2^4+y1*y2^5
LAMBDA 6 19 y1*y2^5*B^2+y2^6*B^2+y1*y2^5+y2^6
LAMBDA 6 20 0
LAMBDA 6 21 y1^3*y2^3*B^3+y2^6*B^3+y1*y2^5*B^2+y2^6*B^2+y1^3*y2^3*B+y2^6*B+y1*y2^5+y2^6
NONEX 7 y1^18*y2^3*B^6+y1^6*y2^15*B^6+y1^15*y2^6*B^5+y1^13*y2^8*B^5+y1^12*y2^9*B^5+y1^10*y2^11*B^5+y1^9*y2^12*B^5+y1^7*y2^14*B^5+y1^6*y2^15*B^5+y1^4*y2^17*B^5+y1^18*y2^3*B^4+y1^16*y2^5*B^4+y1^12*y2^9*B^4+y1^11*y2^10*B^4+y1^10*y2^11*B^4+y1^8*y2^13*B^4+y1^7*y2^14*B^4+y1^4*y2^17*B^4+y1^13*y2^8*B^3+y1^12*y2^9*B^3+y1^11*y2^10*B^3+y1^10*y2^11*B^3+y1^9*y2^12*B^3+y1^8*y2^13*B^3+y1^7*y2^14*B^3+y1^6*y2^15*B^3+y1^18*y2^3*B^2+y1^13*y2^8*B^2+y1^12*y2^9*B^2+y1^11*y2^10*B^2+y1^10*y2^11*B^2+y1^9*y2^12*B^2+y1^8*y2^13*B^2+y1^7*y2^14*B^2+y1^15*y2^6*B+y1^11*y2^10*B+y1^8*y2^13*B+y1^4*y2^17*B+y1^18*y2^3+y1^16*y2^5+y1^13*y2^8+y1^9*y2^12+y1^6*y2^15+y1^4*y2^17
LAMBDA 7 0 0
LAMBDA 7 1 y1^6*y2*B^4+y1^5*y2^2*B^4+y1^4*y2^3*B^4+y1^3*y2^4*B^4+y1^2*y2^5*B^4+y1*y2^6*B^4+y1^5*y2^2*B^3+y1^4*y2^3*B^3+y1^3*y2^4*B^3+y1^2*y2^5*B^3+y1^5*y2^2*B^2+y1^4*y2^3*B^2+y1^3*y2^4*B^2+y1^2*y2^5*B^2+y1^6*y2*B+y1^5*y2^2*B+y1^4*y2^3*B+y1^4*y2^3+y1^2*y2^5+y1*y2^6
LAMBDA 7 2 y1^6*B^4+y1^5*y2*B^4+y1^4*y2^2*B^4+y1^5*y2*B^3+y1^4*y2^2*B^3+y1^5*y2*B^2+y1^4*y2^2*B^2+y1^6*B+y1^5*y2*B+y1^4*y2^2*B
LAMBDA 7 3 y1^5*y2^2*B^3+y1^3*y2^4*B^3+y1^6*y2*B^2+y1^5*y2^2*B^2+y1^4*y2^3*B^2+y1^3*y2^4*B^2+y1^2*y2^5*B^2+y1*y2^6*B^2+y1^6*y2*B+y1^5*y2^2*B+y1^4*y2^3*B+y1^3*y2^4*B+y1^2*y2^5*B+y1*y2^6*B
LAMBDA 7 4 y1^6*B^4+y1^5*y2*B^4+y1^4*y2^2*B^4+y1^6*B^2
LAMBDA 7 5 y1^6*y2*B^4+y1^3*y2^4*B^4+y1^6*y2*B^3+y1^5*y2^2*B^3+y1^5*y2^2*B^2+y1^4*y2^3*B^2+y1^2*y2^5*B^2+y1*y2^6*B^2+y1^6*y2*B+y1^4*y2^3*B+y1^3*y2^4*B+y1^2*y2^5*B+y1^6*y2+y1*y2^6
LAMBDA 7 6 y1^6*B^4+y1^6*B^3+y1^5*y2*B+y1^4*y2^2*B
LAMBDA 7 7 y1^2*y2^4*B^4+y1*y2^5*B^4+y2^6*B^4+y1^2*y2^4*B^3+y1*y2^5*B^3+y1^2*y2^4*B^2+y1*y2^5*B^2+y1^3*y2^3+y1*y2^5+y2^6
LAMBDA 7 8 y1^4*y2^3*B^3+y1^2*y2^5*B^3+y1^6*y2*B^2+y1^5*y2^2*B^2+y1^4*y2^3*B^2+y1^3*y2^4*B^2+y1^2*y2^5*B^2+y1*y2^6*B^2+y1^5*y2^2*B+y1^2*y2^5*B+y1^6*y2+y1^5*y2^2+y1^2*y2^5+y1*y2^6
LAMBDA 7 9 y1^4*y2^2*B^3+y1^2*y2^4*B^3+y1^6*B^2+y1^5*y2*B^2+y1^4*y2^2*B^2+y1^2*y2^4*B^2+y1*y2^5*B^2+y2^6*B^2+y1^5*y2*B+y1^2*y2^4*B+y1*y2^5*B+y2^6*B+y1^6+y1^5*y2+y1^4*y2^2+y1^3*y2^3
LAMBDA 7 10 y1^6*y2*B^2+y1^4*y2^3*B^2+y1^3*y2^4*B^2+y1*y2^6*B^2+y1^6*y2*B+y1^3*y2^4*B+y1^2*y2^5*B+y1*y2^6*B+y1^5*y2^2+y1^3*y2^4
LAMBDA 7 11 y1^2*y2^4*B^4+y1^4*y2^2*B^3+y1^5*y2*B^2+y1*y2^5*B^2+y2^6*B^2+y1^6*B+y1^5*y2*B+y1^4*y2^2*B+y1^3*y2^3*B+y1^2*y2^4*B+y1*y2^5*B+y1^6+y1^4*y2^2+y2^6
LAMBDA 7 12 y1^4*y2^2*B^2+y1^6*B+y1^4*y2^2*B+y1^6+y1^5*y2+y1^3*y2^3
LAMBDA 7 13 y1^2*y2^4*B^4+y1*y2^5*B^4+y2^6*B^4+y2^6*B^2+y1*y2^5*B+y1^2*y2^4
LAMBDA 7 14 y1^4*y2^3*B^4+y1*y2^6*B^4+y1^2*y2^5*B^3+y1*y2^6*B^3+y1^4*y2^3*B^2+y1*y2^6*B^2+y1^4*y2^3*B+y1*y2^6*B+y1^4*y2^3+y1^2*y2^5
LAMBDA 7 15 y1^4*y2^2*B^4+y1^2*y2^4*B^3+y1^4*y2^2*B^2+y1*y2^5*B^2+y1^4*y2^2*B+y1^2*y2^4*B+y1^4*y2^2+y1^2*y2^4
LAMBDA 7 16 y1^4*y2^2*B^4+y1^2*y2^4*B^4+y1^4*y2^2*B^2+y1*y2^5*B^2+y2^6*B^2+y1^4*y2^2*B+y1*y2^5*B+y1^4*y2^2+y1^2*y2^4+y2^6
LAMBDA 7 17 0
LAMBDA 7 18 y2^6*B^4+y2^6*B^3+y1^3*y2^3*B^2+y1^2*y2^4*B^2+y1*y2^5*B^2+y1^2*y2^4*B+y2^6*B+y1^2*y2^4+y1*y2^5+y2^6
LAMBDA 7 19 y1^3*y2^3*B^2+y1^2*y2^4*B^2+y2^6*B^2+y1^4*y2^2*B+y2^6*B+y1^4*y2^2+y1^2*y2^4+y1*y2^5
LAMBDA 7 20 0
LAMBDA 7 21 y1^6*B^3+y1^3*y2^3*B^3+y1^6*B^2+y1*y2^5*B^2+y1^6*B+y1^3*y2^3*B+y1^6+y1*y2^5
NONEX 8 y1^14*y2^8*B^5+y1^13*y2^9*B^5+y1^11*y2^11*B^5+y1^10*y2^12*B^5+y1^8*y2^14*B^5+y1^7*y2^15*B^5+y1^5*y2^17*B^5+y1^4*y2^18*B^5+y1^16*y2^6*B^4+y1^4*y2^18*B^4+y1^12*y2^10*B^3+y1^10*y2^12*B^3+y1^8*y2^14*B^3+y1^6*y2^16*B^3+y1^14*y2^8*B^2+y1^13*y2^9*B^2+y1^11*y2^11*B^2+y1^9*y2^13*B^2+y1^7*y2^15*B^2+y1^6*y2^16*B^2+y1^14*y2^8*B+y1^13*y2^9*B+y1^12*y2^10*B+y1^11*y2^11*B+y1^7*y2^15*B+y1^6*y2^16*B+y1^5*y2^17*B+y1^4*y2^18*B+y1^16*y2^6+y1^14*y2^8+y1^13*y2^9+y1^11*y2^11+y1^9*y2^13+y1^7*y2^15+y1^6*y2^16+y1^4*y2^18
LAMBDA 8 0 0
LAMBDA 8 1 y1^7*y2*B^5+y1^5*y2^3*B^5+y1^3*y2^5*B^5+y1^6*y2^2*B^4+y1^4*y2^4*B^4+y1^3*y2^5*B^4+y1*y2^7*B^4+y1^7*y2*B^3+y1^6*y2^2*B^3+y1^4*y2^4*B^3+y1^3*y2^5*B^2+y1^2*y2^6*B^2+y1^7*y2*B+y1^4*y2^4*B+y1^3*y2^5*B+y1*y2^7*B+y1^7*y2+y1^6*y2^2+y1^4*y2^4+y1^2*y2^6
LAMBDA 8 2 y1^7*B^5+y1^5*y2^2*B^5+y1^6*y2*B^4+y1^4*y2^3*B^4+y1^7*B^3+y1^6*y2*B^3+y1^4*y2^3*B^2+y1^7*B+y1^4*y2^3*B+y1^7+y1^6*y2+y1^4*y2^3
LAMBDA 8 3 y1^6*y2^2*B^6+y1^5*y2^3*B^6+y1^4*y2^4*B^6+y1^3*y2^5*B^6+y1^2*y2^6*B^6+y1*y2^7*B^6+y1^6*y2^2*B^5+y1^5*y2^3*B^5+y1^4*y2^4*B^5+y1^3*y2^5*B^5+y1^2*y2^6*B^5+y1*y2^7*B^5+y1^6*y2^2*B^4+y1^4*y2^4*B^4+y1^7*y2*B^3+y1^5*y2^3*B^3+y1^2*y2^6*B^3+y1*y2^7*B^3+y1^7*y2*B^2+y1^6*y2^2*B^2+y1^4*y2^4*B^2+y1^3*y2^5*B^2+y1^7*y2*B+y1^5*y2^3*B+y1^2*y2^6*B+y1*y2^7*B+y1^7*y2+y1^4*y2^4+y1^3*y2^5+y1^2*y2^6
LAMBDA 8 4 y1^6*y2*B^6+y1^5*y2^2*B^6+y1^4*y2^3*B^6+y1^7*B^5+y1^6*y2*B^5+y1^4*y2^3*B^5+y1^5*y2^2*B^4+y1^4*y2^3*B^4+y1^6*y2*B^3+y1^5*y2^2*B^3+y1^4*y2^3*B^3+y1^7*B^2+y1^6*y2*B^2+y1^4*y2^3*B^2+y1^5*y2^2*B+y1^6*y2
LAMBDA 8 5 y1^6*y2^2*B^6+y1^5*y2^3*B^6+y1^4*y2^4*B^6+y1^3*y2^5*B^6+y1^2*y2^6*B^6+y1*y2^7*B^6+y1^7*y2*B^5+y1^6*y2^2*B^5+y1^2*y2^6*B^5+y1*y2^7*B^5+y1^6*y2^2*B^4+y1*y2^7*B^4+y1^7*y2*B^3+y1^5*y2^3*B^3+y1^2*y2^6*B^3+y1*y2^7*B^3+y1^7*y2*B^2+y1^3*y2^5*B^2+y1^5*y2^3*B+y1^4*y2^4*B+y1^3*y2^5*B+y1^2*y2^6*B+y1^7*y2+y1^6*y2^2
LAMBDA 8 6 y1^7*B^5+y1^5*y2^2*B^5+y1^4*y2^3*B^5+y1^4*y2^3*B^4+y1^6*y2*B^2+y1^5*y2^2*B^2+y1^7*B+y1^4*y2^3*B+y1^6*y2+y1^5*y2^2
LAMBDA 8 7 y1^2*y2^5*B^5+y1^2*y2^5*B^4+y2^7*B^4+y1^3*y2^4*B^3+y1^3*y2^4*B^2+y1^2*y2^5*B^2+y1*y2^6*B^2+y1^2*y2^5*B+y2^7*B+y1*y2^6
LAMBDA 8 8 y1^7*y2*B^6+y1*y2^7*B^6+y1^7*y2*B^5+y1*y2^7*B^5+y1^4*y2^4*B^4+y1^2*y2^6*B^4+y1^7*y2*B^3+y1^6*y2^2*B^3+y1^4*y2^4*B^3+y1*y2^7*B^3+y1^6*y2^2*B^2+y1^4*y2^4*B^2+y1^6*y2^2*B+y1^4*y2^4*B+y1^3*y2^5*B+y1*y2^7*B+y1^7*y2+y1^6*y2^2+y1^5*y2^3+y1^4*y2^4
LAMBDA 8 9 y1^7*B^6+y1^4*y2^3*B^6+y1^2*y2^5*B^6+y1*y2^6*B^6+y2^7*B^6+y1^7*B^5+y1^4*y2^3*B^5+y1^2*y2^5*B^5+y1*y2^6*B^5+y2^7*B^5+y1^7*B^3+y1^6*y2*B^3+y1^4*y2^3*B^3+y1*y2^6*B^3+y2^7*B^3+y1^6*y2*B^2+y1^2*y2^5*B^2+y1^6*y2*B+y1^4*y2^3*B+y1^3*y2^4*B+y1*y2^6*B+y2^7*B+y1^7+y1^6*y2+y1^5*y2^2+y1^4*y2^3+y1^2*y2^5+y1*y2^6
LAMBDA 8 10 y1^6*y2^2*B^2+y1^5*y2^3*B^2+y1^4*y2^4*B^2+y1^3*y2^5*B^2+y1^2*y2^6*B^2+y1*y2^7*B^2+y1^6*y2^2*B+y1^5*y2^3*B+y1^4*y2^4*B+y1^2*y2^6*B+y1^5*y2^3+y1*y2^7
LAMBDA 8 11 y1^7*B^6+y1^4*y2^3*B^6+y1^2*y2^5*B^6+y1*y2^6*B^6+y2^7*B^6+y1^7*B^5+y1^5*y2^2*B^5+y1^4*y2^3*B^5+y1^3*y2^4*B^5+y1*y2^6*B^5+y2^7*B^5+y2^7*B^4+y1^7*B^3+y1^6*y2*B^3+y1^4*y2^3*B^3+y1*y2^6*B^3+y2^7*B^3+y1^2*y2^5*B^2+y1^3*y2^4*B+y1^2*y2^5*B+y1*y2^6*B+y1^7+y1^6*y2+y1^5*y2^2
LAMBDA 8 12 y1^6*y2*B^2+y1^5*y2^2*B^2+y1^4*y2^3*B^2+y1^6*y2*B+y1^5*y2^2*B+y1^5*y2^2+y1^4*y2^3+y1^3*y2^4
LAMBDA 8 13 y1^3*y2^4*B^6+y2^7*B^6+y1^3*y2^4*B^5+y1^2*y2^5*B^5+y2^7*B^5+y1*y2^6*B^4+y2^7*B^4+y1^3*y2^4*B^3+y1^2*y2^5*B^3+y2^7*B^3+y1*y2^6*B^2+y1*y2^6
LAMBDA 8 14 y1^7*y2*B^6+y1*y2^7*B^6+y1^7*y2*B^5+y1^5*y2^3*B^5+y1^3*y2^5*B^5+y1^2*y2^6*B^5+y1^6*y2^2*B^4+y1^3*y2^5*B^4+y1^2*y2^6*B^4+y1*y2^7*B^4+y1^7*y2*B^3+y1^6*y2^2*B^3+y1^4*y2^4*B^3+y1*y2^7*B^3+y1^7*y2*B^2+y1^6*y2^2*B^2+y1^4*y2^4*B^2+y1^3*y2^5*B^2+y1^6*y2^2*B+y1^3*y2^5*B+y1^2*y2^6*B+y1*y2^7*B+y1^3*y2^5+y1^2*y2^6
LAMBDA 8 15 y1^7*B^6+y1^4*y2^3*B^6+y1^2*y2^5*B^6+y1*y2^6*B^6+y2^7*B^6+y1^7*B^5+y1^5*y2^2*B^5+y1^4*y2^3*B^5+y1^3*y2^4*B^5+y1*y2^6*B^5+y2^7*B^5+y1^6*y2*B^4+y1^4*y2^3*B^4+y1^7*B^3+y1^6*y2*B^3+y1^4*y2^3*B^3+y1*y2^6*B^3+y2^7*B^3+y1^7*B^2+y1^6*y2*B^2+y1^4*y2^3*B^2+y1^3*y2^4*B^2+y1^2*y2^5*B^2+y1*y2^6*B^2+y2^7*B^2+y1^6*y2*B+y1^3*y2^4*B+y1^2*y2^5*B+y2^7*B+y1^2*y2^5+y1*y2^6+y2^7
LAMBDA 8 16 y1^7*B^6+y1^4*y2^3*B^6+y1^2*y2^5*B^6+y1*y2^6*B^6+y2^7*B^6+y1^7*B^5+y1^4*y2^3*B^5+y1^2*y2^5*B^5+y1*y2^6*B^5+y2^7*B^5+y1^6*y2*B^4+y1^4*y2^3*B^4+y2^7*B^4+y1^7*B^3+y1^6*y2*B^3+y1^2*y2^5*B^3+y1*y2^6*B^3+y2^7*B^3+y1^7*B^2+y1^6*y2*B^2+y1^5*y2^2*B^2+y1^4*y2^3*B^2+y1^3*y2^4*B^2+y1^2*y2^5*B^2+y1^6*y2*B+y1^4*y2^3*B+y1^2*y2^5*B+y1*y2^6*B
LAMBDA 8 17 0
LAMBDA 8 18 y1^3*y2^4*B^5+y1*y2^6*B^5+y2^7*B^5+y1^2*y2^5*B^4+y2^7*B^4+y1^3*y2^4*B+y1^3*y2^4+y1^2*y2^5
LAMBDA 8 19 y1^2*y2^5*B^2+y1*y2^6*B^2+y2^7*B^2+y1^2*y2^5+y1*y2^6+y2^7
LAMBDA 8 20 0
LAMBDA 8 21 y1^2*y2^5*B^2+y1*y2^6*B^2+y1^4*y2^3*B+y1^2*y2^5*B+y1^4*y2^3+y1*y2^6
NONEX 9 y1^15*y2^7*B^5+y1^13*y2^9*B^5+y1^12*y2^10*B^5+y1^10*y2^12*B^5+y1^9*y2^13*B^5+y1^7*y2^15*B^5+y1^6*y2^16*B^5+y1^4*y2^18*B^5+y1^15*y2^7*B^4+y1^13*y2^9*B^4+y1^12*y2^10*B^4+y1^10*y2^12*B^4+y1^9*y2^13*B^4+y1^7*y2^15*B^4+y1^6*y2^16*B^4+y1^4*y2^18*B^4+y1^13*y2^9*B^3+y1^12*y2^10*B^3+y1^11*y2^11*B^3+y1^10*y2^12*B^3+y1^9*y2^13*B^3+y1^8*y2^14*B^3+y1^7*y2^15*B^3+y1^6*y2^16*B^3+y1^13*y2^9*B^2+y1^12*y2^10*B^2+y1^11*y2^11*B^2+y1^10*y2^12*B^2+y1^9*y2^13*B^2+y1^8*y2^14*B^2+y1^7*y2^15*B^2+y1^6*y2^16*B^2+y1^15*y2^7*B+y1^11*y2^11*B+y1^8*y2^14*B+y1^4*y2^18*B+y1^15*y2^7+y1^11*y2^11+y1^8*y2^14+y1^4*y2^18
LAMBDA 9 0 0
LAMBDA 9 1 y1^7*y2*B^6+y1^5*y2^3*B^6+y1^3*y2^5*B^6+y1^7*y2*B^5+y1^5*y2^3*B^5+y1^2*y2^6*B^5+y1*y2^7*B^5+y1^4*y2^4*B^4+y1^3*y2^5*B^4+y1^2*y2^6*B^4+y1^7*y2*B^3+y1^6*y2^2*B^3+y1^4*y2^4*B^3+y1*y2^7*B^3+y1^6*y2^2*B^2+y1^4*y2^4*B^2+y1^3*y2^5*B^2+y1^2*y2^6*B^2+y1*y2^7*B^2+y1^7*y2*B+y1^5*y2^3*B+y1^2*y2^6*B+y1*y2^7*B+y1^6*y2^2
LAMBDA 9 2 y1^7*B^6+y1^5*y2^2*B^6+y1^7*B^5+y1^5*y2^2*B^5+y1^4*y2^3*B^5+y1^7*B^3+y1^6*y2*B^3+y1^6*y2*B^2+y1^7*B+y1^5*y2^2*B+y1^4*y2^3*B+y1^6*y2
LAMBDA 9 3 y1^6*y2^2*B^7+y1^5*y2^3*B^7+y1^4*y2^4*B^7+y1^3*y2^5*B^7+y1^2*y2^6*B^7+y1*y2^7*B^7+y1^6*y2^2*B^6+y1^5*y2^3*B^6+y1^4*y2^4*B^6+y1^3*y2^5*B^6+y1^2*y2^6*B^6+y1*y2^7*B^6+y1^5*y2^3*B^5+y1^3*y2^5*B^5+y1^2*y2^6*B^5+y1*y2^7*B^5+y1^7*y2*B^4+y1^6*y2^2*B^4+y1^4*y2^4*B^4+y1*y2^7*B^4+y1^6*y2^2*B^3+y1^5*y2^3*B^3+y1^7*y2*B^2+y1^6*y2^2*B^2+y1^4*y2^4*B^2+y1^3*y2^5*B^2+y1^6*y2^2*B+y1^5*y2^3*B+y1^4*y2^4*B+y1*y2^7*B+y1^4*y2^4+y1^3*y2^5+y1^2*y2^6+y1*y2^7
LAMBDA 9 4 y1^6*y2*B^7+y1^5*y2^2*B^7+y1^4*y2^3*B^7+y1^7*B^6+y1^6*y2*B^6+y1^4*y2^3*B^6+y1^7*B^5+y1^5*y2^2*B^5+y1^7*B^4+y1^6*y2*B^4+y1^5*y2^2*B^4+y1^4*y2^3*B^4+y1^7*B^3+y1^5*y2^2*B^3+y1^4*y2^3*B^3+y1^7*B^2+y1^7*B+y1^6*y2*B+y1^4*y2^3*B+y1^6*y2
LAMBDA 9 5 y1^6*y2^2*B^7+y1^5*y2^3*B^7+y1^4*y2^4*B^7+y1^3*y2^5*B^7+y1^2*y2^6*B^7+y1*y2^7*B^7+y1^7*y2*B^6+y1^6*y2^2*B^6+y1^2*y2^6*B^6+y1*y2^7*B^6+y1^5*y2^3*B^5+y1^3*y2^5*B^5+y1^2*y2^6*B^5+y1*y2^7*B^5+y1^6*y2^2*B^4+y1^4*y2^4*B^4+y1^3*y2^5*B^4+y1^2*y2^6*B^4+y1^7*y2*B^3+y1^2*y2^6*B^3+y1^7*y2*B^2+y1^6*y2^2*B^2+y1^5*y2^3*B^2+y1^3*y2^5*B^2+y1^7*y2*B+y1^2*y2^6*B+y1^5*y2^3+y1*y2^7
LAMBDA 9 6 y1^7*B^6+y1^5*y2^2*B^6+y1^4*y2^3*B^6+y1^7*B^4+y1^7*B^3+y1^6*y2*B^3+y1^4*y2^3*B^2+y1^7*B+y1^6*y2*B+y1^5*y2^2*B+y1^5*y2^2+y1^4*y2^3
LAMBDA 9 7 y1^2*y2^5*B^6+y1^3*y2^4*B^5+y1*y2^6*B^5+y2^7*B^5+y1^3*y2^4*B^4+y1^2*y2^5*B^4+y1*y2^6*B^4+y1^3*y2^4*B^3+y2^7*B^3+y1^3*y2^4*B^2+y1^2*y2^5*B^2+y1*y2^6*B^2+y2^7*B^2+y1^3*y2^4*B+y1*y2^6*B+y2^7*B
LAMBDA 9 8 y1^7*y2*B^7+y1*y2^7*B^7+y1^7*y2*B^6+y1*y2^7*B^6+y1^7*y2*B^5+y1^4*y2^4*B^5+y1^2*y2^6*B^5+y1*y2^7*B^5+y1^7*y2*B^4+y1^6*y2^2*B^4+y1^5*y2^3*B^4+y1^3*y2^5*B^4+y1^5*y2^3*B^3+y1^4*y2^4*B^3+y1^6*y2^2*B^2+y1^5*y2^3*B^2+y1^3*y2^5*B^2+y1^2*y2^6*B^2+y1^5*y2^3*B+y1*y2^7*B+y1^4*y2^4+y1^2*y2^6
LAMBDA 9 9 y1^7*B^7+y1^4*y2^3*B^7+y1^2*y2^5*B^7+y1*y2^6*B^7+y2^7*B^7+y1^7*B^6+y1^4*y2^3*B^6+y1^2*y2^5*B^6+y1*y2^6*B^6+y2^7*B^6+y1^7*B^5+y1^4*y2^3*B^5+y1^2*y2^5*B^5+y1*y2^6*B^5+y2^7*B^5+y1^7*B^4+y1^6*y2*B^4+y1^5*y2^2*B^4+y1^3*y2^4*B^4+y2^7*B^4+y1^5*y2^2*B^3+y1^4*y2^3*B^3+y1^6*y2*B^2+y1^5*y2^2*B^2+y1^3*y2^4*B^2+y1^2*y2^5*B^2+y1^5*y2^2*B+y2^7*B+y1^4*y2^3+y1^2*y2^5+y1*y2^6+y2^7
LAMBDA 9 10 y1^7*y2*B^2+y1*y2^7*B^2+y1^4*y2^4*B+y1^3*y2^5*B+y1^2*y2^6*B+y1*y2^7*B+y1^7*y2+y1^5*y2^3
LAMBDA 9 11 y1^7*B^7+y1^4*y2^3*B^7+y1^2*y2^5*B^7+y1*y2^6*B^7+y2^7*B^7+y1^7*B^6+y1^5*y2^2*B^6+y1^4*y2^3*B^6+y1^3*y2^4*B^6+y1*y2^6*B^6+y2^7*B^6+y1^7*B^5+y1^4*y2^3*B^5+y1^2*y2^5*B^5+y1*y2^6*B^5+y2^7*B^5+y1^7*B^4+y1^6*y2*B^4+y1^2*y2^5*B^4+y1*y2^6*B^4+y1^5*y2^2*B^3+y1*y2^6*B^3+y1^7*B^2+y1^6*y2*B^2+y1^5*y2^2*B^2+y1^3*y2^4*B^2+y1^2*y2^5*B^2+y1^5*y2^2*B+y1^4*y2^3*B+y1*y2^6*B+y1^7+y1^5*y2^2+y1^4*y2^3+y2^7
LAMBDA 9 12 y1^7*B^2+y1^4*y2^3*B^2+y1^5*y2^2*B+y1^4*y2^3*B+y1^7+y1^3*y2^4
LAMBDA 9 13 y1^3*y2^4*B^7+y2^7*B^7+y1^3*y2^4*B^6+y1^2*y2^5*B^6+y2^7*B^6+y1^2*y2^5*B^5+y1^2*y2^5*B^4+y1*y2^6*B^4+y1^3*y2^4*B^3+y1^2*y2^5*B^3+y2^7*B^3+y1^3*y2^4*B^2+y2^7*B^2+y1^3*y2^4*B+y1^2*y2^5*B+y1*y2^6*B+y1^2*y2^5+y1*y2^6
LAMBDA 9 14 y1^7*y2*B^7+y1*y2^7*B^7+y1^7*y2*B^6+y1^5*y2^3*B^6+y1^3*y2^5*B^6+y1^2*y2^6*B^6+y1^7*y2*B^5+y1^4*y2^4*B^5+y1^2*y2^6*B^5+y1*y2^7*B^5+y1^5*y2^3*B^4+y1^3*y2^5*B^4+y1^7*y2*B^3+y1^5*y2^3*B^3+y1^4*y2^4*B^3+y1^2*y2^6*B^3+y1^7*y2*B^2+y1^5*y2^3*B^2+y1^4*y2^4*B^2+y1^3*y2^5*B^2+y1^2*y2^6*B^2+y1*y2^7*B^2+y1^7*y2*B+y1^3*y2^5*B+y1^4*y2^4+y1*y2^7
LAMBDA 9 15 y1^7*B^7+y1^4*y2^3*B^7+y1^2*y2^5*B^7+y1*y2^6*B^7+y2^7*B^7+y1^7*B^6+y1^5*y2^2*B^6+y1^4*y2^3*B^6+y1^3*y2^4*B^6+y1*y2^6*B^6+y2^7*B^6+y1^7*B^5+y1^4*y2^3*B^5+y1^2*y2^5*B^5+y1*y2^6*B^5+y2^7*B^5+y1^5*y2^2*B^4+y1^4*y2^3*B^4+y1^2*y2^5*B^4+y2^7*B^4+y1^7*B^3+y1^5*y2^2*B^3+y1^3*y2^4*B^3+y1^7*B^2+y1^5*y2^2*B^2+y1^4*y2^3*B^2+y1^3*y2^4*B^2+y1^2*y2^5*B^2+y2^7*B^2+y1^7*B+y1^3*y2^4*B+y1^2*y2^5*B+y1*y2^6*B+y1^4*y2^3+y1*y2^6+y2^7
LAMBDA 9 16 y1^7*B^7+y1^4*y2^3*B^7+y1^2*y2^5*B^7+y1*y2^6*B^7+y2^7*B^7+y1^7*B^6+y1^4*y2^3*B^6+y1^2*y2^5*B^6+y1*y2^6*B^6+y2^7*B^6+y1^7*B^5+y1^4*y2^3*B^5+y1^2*y2^5*B^5+y1*y2^6*B^5+y2^7*B^5+y1^4*y2^3*B^4+y1^3*y2^4*B^4+y1*y2^6*B^4+y1^7*B^3+y1^2*y2^5*B^3+y1*y2^6*B^3+y1^7*B^2+y1^5*y2^2*B^2+y1^4*y2^3*B^2+y1^7*B+y1^5*y2^2*B+y1^3*y2^4*B+y1^2*y2^5*B+y1*y2^6*B+y1^4*y2^3+y1^2*y2^5+y2^7
LAMBDA 9 17 0
LAMBDA 9 18 y1^3*y2^4*B^6+y1*y2^6*B^6+y2^7*B^6+y1^2*y2^5*B^4+y1^3*y2^4*B^3+y1^2*y2^5*B^3+y1*y2^6*B^3+y1^2*y2^5*B^2+y2^7*B^2+y1*y2^6*B+y2^7*B+y2^7
LAMBDA 9 19 y1^3*y2^4*B^2+y2^7*B^2+y1^3*y2^4*B+y2^7*B+y1^3*y2^4+y1*y2^6
LAMBDA 9 20 0
LAMBDA 9 21 y1^3*y2^4*B^2+y1*y2^6*B^2+y1^3*y2^4+y1*y2^6
NONEX 10 y1^17*y2^6*B^4+y1^16*y2^7*B^4+y1^15*y2^8*B^4+y1^13*y2^10*B^4+y1^12*y2^11*B^4+y1^10*y2^13*B^4+y1^9*y2^14*B^4+y1^7*y2^16*B^4+y1^6*y2^17*B^4+y1^5*y2^18*B^4+y1^15*y2^8*B^2+y1^7*y2^16*B^2+y1^17*y2^6+y1^16*y2^7+y1^13*y2^10+y1^12*y2^11+y1^10*y2^13+y1^9*y2^14+y1^6*y2^17+y1^5*y2^18
LAMBDA 10 0 0
LAMBDA 10 1 y1^8*y2*B^7+y1^6*y2^3*B^7+y1^5*y2^4*B^7+y1^4*y2^5*B^7+y1^3*y2^6*B^7+y1*y2^8*B^7+y1^8*y2*B^5+y1^7*y2^2*B^5+y1^8*y2*B^4+y1^7*y2^2*B^4+y1^6*y2^3*B^4+y1^3*y2^6*B^4+y1^2*y2^7*B^4+y1^8*y2*B^3+y1^7*y2^2*B^3+y1^6*y2^3*B^3+y1^5*y2^4*B^3+y1^4*y2^5*B^3+y1^3*y2^6*B^3+y1^2*y2^7*B^3+y1*y2^8*B^3+y1^6*y2^3*B^2+y1^4*y2^5*B^2+y1^2*y2^7*B^2+y1^7*y2^2*B+y1^5*y2^4*B+y1^3*y2^6*B+y1^2*y2^7*B+y1^6*y2^3+y1^4*y2^5+y1^3*y2^6+y1^2*y2^7
LAMBDA 10 2 y1^8*B^7+y1^6*y2^2*B^7+y1^4*y2^4*B^7+y1^8*B^5+y1^7*y2*B^5+y1^4*y2^4*B^5+y1^8*B^4+y1^7*y2*B^4+y1^6*y2^2*B^4+y1^4*y2^4*B^4+y1^8*B^3+y1^7*y2*B^3+y1^6*y2^2*B^3+y1^6*y2^2*B^2+y1^7*y2*B+y1^5*y2^3*B+y1^4*y2^4*B+y1^6*y2^2
LAMBDA 10 3 y1^6*y2^3*B^5+y1^5*y2^4*B^5+y1^4*y2^5*B^5+y1^3*y2^6*B^5+y1^2*y2^7*B^5+y1*y2^8*B^5+y1^7*y2^2*B^4+y1^4*y2^5*B^4+y1^2*y2^7*B^4+y1*y2^8*B^4+y1^7*y2^2*B^3+y1^6*y2^3*B^3+y1^4*y2^5*B^3+y1^2*y2^7*B^3+y1^8*y2*B^2+y1^7*y2^2*B^2+y1^6*y2^3*B^2+y1^4*y2^5*B^2+y1^8*y2*B+y1^7*y2^2*B+y1^6*y2^3*B+y1^5*y2^4*B+y1^2*y2^7*B+y1*y2^8*B+y1^7*y2^2+y1^4*y2^5+y1^2*y2^7+y1*y2^8
LAMBDA 10 4 y1^8*B^7+y1^6*y2^2*B^7+y1^4*y2^4*B^7+y1^6*y2^2*B^6+y1^4*y2^4*B^6+y1^8*B^5+y1^7*y2*B^5+y1^5*y2^3*B^5+y1^4*y2^4*B^5+y1^8*B^4+y1^6*y2^2*B^4+y1^5*y2^3*B^4+y1^4*y2^4*B^4+y1^8*B^3+y1^4*y2^4*B^3+y1^8*B^2+y1^7*y2*B^2+y1^5*y2^3*B^2+y1^4*y2^4*B^2+y1^8*B+y1^6*y2^2*B+y1^5*y2^3*B+y1^4*y2^4*B+y1^7*y2+y1^5*y2^3+y1^4*y2^4
LAMBDA 10 5 y1^8*y2*B^5+y1^5*y2^4*B^5+y1^7*y2^2*B^4+y1^6*y2^3*B^4+y1^4*y2^5*B^4+y1*y2^8*B^4+y1^8*y2*B^3+y1^7*y2^2*B^3+y1^2*y2^7*B^3+y1*y2^8*B^3+y1^8*y2*B^2+y1^7*y2^2*B^2+y1^5*y2^4*B^2+y1^3*y2^6*B^2+y1^2*y2^7*B^2+y1*y2^8*B^2+y1^5*y2^4*B+y1^3*y2^6*B+y1^2*y2^7*B+y1*y2^8*B+y1^8*y2+y1^7*y2^2+y1^6*y2^3+y1^5*y2^4+y1^4*y2^5+y1^2*y2^7
LAMBDA 10 6 y1^8*B^5+y1^6*y2^2*B^5+y1^5*y2^3*B^5+y1^4*y2^4*B^5+y1^6*y2^2*B^4+y1^4*y2^4*B^4+y1^8*B^3+y1^6*y2^2*B^3+y1^5*y2^3*B^3+y1^6*y2^2*B^2+y1^5*y2^3*B^2+y1^4*y2^4*B^2+y1^8*B+y1^7*y2*B+y1^8+y1^6*y2^2+y1^5*y2^3+y1^4*y2^4
LAMBDA 10 7 y1^4*y2^4*B^7+y1^2*y2^6*B^7+y2^8*B^7+y1^3*y2^5*B^5+y1^3*y2^5*B^4+y1^2*y2^6*B^4+y1*y2^7*B^4+y1^4*y2^4*B^3+y1^3*y2^5*B^3+y1^2*y2^6*B^3+y1*y2^7*B^3+y2^8*B^3+y1^3*y2^5*B^2+y1*y2^7*B^2+y1^3*y2^5*B+y1^2*y2^6*B+y1*y2^7*B+y1^3*y2^5+y1^2*y2^6+y1*y2^7
LAMBDA 10 8 y1^7*y2^2*B^5+y1*y2^8*B^5+y1^8*y2*B^4+y1^7*y2^2*B^4+y1^3*y2^6*B^4+y1^2*y2^7*B^4+y1^6*y2^3*B^3+y1^4*y2^5*B^3+y1^2*y2^7*B^3+y1*y2^8*B^3+y1^8*y2*B^2+y1^7*y2^2*B^2+y1^6*y2^3*B^2+y1^4*y2^5*B^2+y1^2*y2^7*B^2+y1*y2^8*B^2+y1^6*y2^3*B+y1^5*y2^4*B+y1^4*y2^5*B+y1*y2^8*B+y1^7*y2^2+y1^4*y2^5
LAMBDA 10 9 y1^7*y2*B^5+y1^4*y2^4*B^5+y1^2*y2^6*B^5+y1*y2^7*B^5+y2^8*B^5+y1^8*B^4+y1^7*y2*B^4+y1^5*y2^3*B^4+y1^4*y2^4*B^4+y1*y2^7*B^4+y2^8*B^4+y1^6*y2^2*B^3+y1*y2^7*B^3+y1^8*B^2+y1^7*y2*B^2+y1^6*y2^2*B^2+y1^6*y2^2*B+y1^5*y2^3*B+y1^4*y2^4*B+y1*y2^7*B+y2^8*B+y1^7*y2+y1^4*y2^4+y1^3*y2^5+y1*y2^7+y2^8
LAMBDA 10 10 y1^7*y2^2*B+y1*y2^8*B+y1^7*y2^2+y1^6*y2^3+y1^2*y2^7+y1*y2^8
LAMBDA 10 11 y1^7*y2*B^5+y1^8*B^4+y1^7*y2*B^4+y1^4*y2^4*B^4+y2^8*B^4+y1^3*y2^5*B^3+y1*y2^7*B^3+y2^8*B^3+y1^8*B^2+y1^7*y2*B^2+y1^4*y2^4*B^2+y1^2*y2^6*B^2+y1*y2^7*B^2+y2^8*B^2+y1^7*y2*B+y1^6*y2^2*B+y1^2*y2^6*B+y1*y2^7*B+y2^8*B+y1^6*y2^2+y1^5*y2^3+y1^4*y2^4+y1^3*y2^5+y1*y2^7
LAMBDA 10 12 y1^7*y2*B+y1^4*y2^4*B+y1^7*y2+y1^6*y2^2
LAMBDA 10 13 y1^4*y2^4*B^7+y1^2*y2^6*B^7+y2^8*B^7+y1^4*y2^4*B^6+y1^2*y2^6*B^6+y1^4*y2^4*B^5+y1^2*y2^6*B^5+y2^8*B^5+y1^4*y2^4*B^4+y1^3*y2^5*B^4+y1^2*y2^6*B^4+y1^4*y2^4*B^3+y1^2*y2^6*B^3+y1^3*y2^5*B^2+y2^8*B^2+y1^2*y2^6*B+y1*y2^7*B+y2^8*B+y1^4*y2^4+y1*y2^7
LAMBDA 10 14 y1^5*y2^4*B^5+y1^4*y2^5*B^5+y1^2*y2^7*B^5+y1*y2^8*B^5+y1^8*y2*B^4+y1^5*y2^4*B^4+y1^6*y2^3*B^3+y1^5*y2^4*B^3+y1^4*y2^5*B^3+y1^3*y2^6*B^3+y1^2*y2^7*B^3+y1*y2^8*B^3+y1^8*y2*B^2+y1^4*y2^5*B^2+y1^2*y2^7*B^2+y1*y2^8*B^2+y1^7*y2^2*B+y1^6*y2^3*B+y1^7*y2^2+y1^5*y2^4+y1^4*y2^5+y1^3*y2^6+y1^2*y2^7+y1*y2^8
LAMBDA 10 15 y1^5*y2^3*B^5+y1^4*y2^4*B^5+y1^2*y2^6*B^5+y1*y2^7*B^5+y2^8*B^5+y1^8*B^4+y1^3*y2^5*B^4+y1^2*y2^6*B^4+y1*y2^7*B^4+y2^8*B^4+y1^6*y2^2*B^3+y1^5*y2^3*B^3+y1^4*y2^4*B^3+y1*y2^7*B^3+y1^8*B^2+y1^3*y2^5*B^2+y1^7*y2*B+y1^6*y2^2*B+y1^4*y2^4*B+y1*y2^7*B+y1^7*y2+y1^5*y2^3+y1^4*y2^4+y1^2*y2^6
LAMBDA 10 16 y1^5*y2^3*B^5+y1^8*B^4+y1^4*y2^4*B^4+y2^8*B^4+y1^5*y2^3*B^3+y1^3*y2^5*B^3+y1^2*y2^6*B^3+y1*y2^7*B^3+y2^8*B^3+y1^8*B^2+y1^6*y2^2*B^2+y1^4*y2^4*B^2+y1^3*y2^5*B^2+y1^2*y2^6*B^2+y1*y2^7*B^2+y2^8*B^2+y1^7*y2*B+y1^6*y2^2*B+y1*y2^7*B+y2^8*B+y1^7*y2+y1*y2^7
LAMBDA 10 17 0
LAMBDA 10 18 y1^3*y2^5*B^5+y1*y2^7*B^5+y1*y2^7*B^4+y1^4*y2^4*B^3+y1^3*y2^5*B^3+y1^4*y2^4*B^2+y1^3*y2^5*B+y1^2*y2^6*B+y2^8*B+y1^3*y2^5+y1*y2^7+y2^8
LAMBDA 10 19 y1^3*y2^5*B+y2^8*B+y1*y2^7+y2^8
LAMBDA 10 20 0
LAMBDA 10 21 y1^5*y2^3*B+y1^4*y2^4*B+y1^3*y2^5*B+y1^2*y2^6*B+y1^5*y2^3+y1^4*y2^4+y1^3*y2^5+y1^2*y2^6
NONEX 11 y1^18*y2^5*B^4+y1^15*y2^8*B^4+y1^14*y2^9*B^4+y1^12*y2^11*B^4+y1^11*y2^12*B^4+y1^9*y2^14*B^4+y1^8*y2^15*B^4+y1^5*y2^18*B^4+y1^16*y2^7*B^2+y1^15*y2^8*B^2+y1^8*y2^15*B^2+y1^7*y2^16*B^2+y1^18*y2^5+y1^16*y2^7+y1^14*y2^9+y1^12*y2^11+y1^11*y2^12+y1^9*y2^14+y1^7*y2^16+y1^5*y2^18
LAMBDA 11 0 0
LAMBDA 11 1 y1^5*y2^4*B^6+y1^3*y2^6*B^6+y1*y2^8*B^6+y1^6*y2^3*B^5+y1^3*y2^6*B^5+y1^8*y2*B^4+y1^3*y2^6*B^4+y1^7*y2^2*B^3+y1^4*y2^5*B^3+y1^7*y2^2*B^2+y1^6*y2^3*B^2+y1^5*y2^4*B^2+y1^3*y2^6*B^2+y1^2*y2^7*B^2+y1*y2^8*B^2+y1^8*y2*B+y1^7*y2^2*B+y1^6*y2^3*B+y1^5*y2^4*B+y1^3*y2^6*B+y1^2*y2^7*B+y1^5*y2^4
LAMBDA 11 2 y1^4*y2^4*B^6+y1^6*y2^2*B^5+y1^8*B^4+y1^7*y2*B^3+y1^5*y2^3*B^3+y1^4*y2^4*B^3+y1^7*y2*B^2+y1^6*y2^2*B^2+y1^5*y2^3*B^2+y1^4*y2^4*B^2+y1^8*B+y1^7*y2*B+y1^6*y2^2*B+y1^5*y2^3*B+y1^4*y2^4*B+y1^5*y2^3
LAMBDA 11 3 y1^7*y2^2*B^7+y1^6*y2^3*B^7+y1^5*y2^4*B^7+y1^4*y2^5*B^7+y1^3*y2^6*B^7+y1^2*y2^7*B^7+y1^7*y2^2*B^6+y1^6*y2^3*B^6+y1^5*y2^4*B^6+y1^4*y2^5*B^6+y1^3*y2^6*B^6+y1^2*y2^7*B^6+y1^8*y2*B^5+y1^6*y2^3*B^5+y1^4*y2^5*B^5+y1^3*y2^6*B^5+y1^8*y2*B^4+y1^7*y2^2*B^4+y1^4*y2^5*B^4+y1^3*y2^6*B^4+y1^2*y2^7*B^4+y1*y2^8*B^4+y1^6*y2^3*B^3+y1^5*y2^4*B^3+y1^2*y2^7*B^3+y1*y2^8*B^3+y1^5*y2^4*B^2+y1*y2^8*B^2+y1^8*y2*B+y1^5*y2^4*B+y1^4*y2^5*B+y1*y2^8*B+y1^8*y2+y1^7*y2^2+y1^3*y2^6+y1^2*y2^7
LAMBDA 11 4 y1^7*y2*B^7+y1^6*y2^2*B^7+y1^5*y2^3*B^7+y1^7*y2*B^6+y1^6*y2^2*B^6+y1^5*y2^3*B^6+y1^4*y2^4*B^6+y1^8*B^5+y1^4*y2^4*B^5+y1^7*y2*B^4+y1^6*y2^2*B^4+y1^7*y2*B^3+y1^5*y2^3*B^3+y1^4*y2^4*B^3+y1^7*y2*B^2+y1^5*y2^3*B^2+y1^7*y2*B+y1^6*y2^2*B+y1^5*y2^3*B+y1^8+y1^7*y2+y1^5*y2^3
LAMBDA 11 5 y1^7*y2^2*B^7+y1^6*y2^3*B^7+y1^5*y2^4*B^7+y1^4*y2^5*B^7+y1^3*y2^6*B^7+y1^2*y2^7*B^7+y1^8*y2*B^6+y1^7*y2^2*B^6+y1^3*y2^6*B^6+y1^2*y2^7*B^6+y1^7*y2^2*B^5+y1^4*y2^5*B^5+y1^2*y2^7*B^5+y1*y2^8*B^5+y1^8*y2*B^4+y1^5*y2^4*B^4+y1^4*y2^5*B^4+y1^3*y2^6*B^4+y1^2*y2^7*B^4+y1*y2^8*B^4+y1^8*y2*B^3+y1^7*y2^2*B^3+y1^5*y2^4*B^3+y1^3*y2^6*B^3+y1^2*y2^7*B^2+y1*y2^8*B^2+y1^8*y2*B+y1^5*y2^4*B+y1^2*y2^7*B+y1*y2^8*B+y1^6*y2^3+y1^4*y2^5
LAMBDA 11 6 y1^8*B^6+y1^6*y2^2*B^6+y1^5*y2^3*B^6+y1^8*B^5+y1^7*y2*B^5+y1^6*y2^2*B^5+y1^5*y2^3*B^5+y1^4*y2^4*B^5+y1^7*y2*B^4+y1^6*y2^2*B^4+y1^8*B^3+y1^7*y2*B^3+y1^6*y2^2*B^3+y1^5*y2^3*B^3+y1^4*y2^4*B^3+y1^5*y2^3*B^2+y1^5*y2^3*B+y1^4*y2^4*B+y1^8+y1^7*y2+y1^6*y2^2+y1^5*y2^3
LAMBDA 11 7 y1^4*y2^4*B^6+y1^3*y2^5*B^6+y1^2*y2^6*B^6+y2^8*B^6+y1^2*y2^6*B^5+y1^2*y2^6*B^4+y1^4*y2^4*B^3+y1^3*y2^5*B^2+y1^2*y2^6*B^2+y1*y2^7*B^2+y2^8*B^2+y1^3*y2^5*B+y1^2*y2^6*B+y1*y2^7*B
LAMBDA 11 8 y1^8*y2*B^7+y1^2*y2^7*B^7+y1^8*y2*B^6+y1^2*y2^7*B^6+y1^7*y2^2*B^5+y1^6*y2^3*B^5+y1^4*y2^5*B^5+y1^2*y2^7*B^5+y1^8*y2*B^4+y1^6*y2^3*B^4+y1^5*y2^4*B^4+y1^4*y2^5*B^4+y1^8*y2*B^3+y1^7*y2^2*B^3+y1^3*y2^6*B^3+y1^2*y2^7*B^3+y1^7*y2^2*B^2+y1^4*y2^5*B^2+y1^4*y2^5*B+y1^3*y2^6*B+y1^5*y2^4+y1^3*y2^6
LAMBDA 11 9 y1^8*B^7+y1^5*y2^3*B^7+y1^3*y2^5*B^7+y1^2*y2^6*B^7+y1*y2^7*B^7+y1^8*B^6+y1^5*y2^3*B^6+y1^3*y2^5*B^6+y1^2*y2^6*B^6+y1*y2^7*B^6+y1^7*y2*B^5+y1^6*y2^2*B^5+y1^5*y2^3*B^5+y1^4*y2^4*B^5+y1^3*y2^5*B^5+y1^2*y2^6*B^5+y1^8*B^4+y1^6*y2^2*B^4+y1^5*y2^3*B^4+y1^2*y2^6*B^4+y1*y2^7*B^4+y2^8*B^4+y1^8*B^3+y1^7*y2*B^3+y1^4*y2^4*B^3+y1^3*y2^5*B^3+y1*y2^7*B^3+y2^8*B^3+y1^7*y2*B^2+y1^4*y2^4*B^2+y2^8*B^2+y1^4*y2^4*B+y1^3*y2^5*B+y2^8*B+y1^5*y2^3+y1^4*y2^4+y1^2*y2^6+y1*y2^7
LAMBDA 11 10 y1^8*y2*B+y1^7*y2^2*B+y1^2*y2^7*B+y1*y2^8*B+y1^8*y2+y1^6*y2^3+y1^3*y2^6+y1*y2^8
LAMBDA 11 11 y1^8*B^7+y1^5*y2^3*B^7+y1^3*y2^5*B^7+y1^2*y2^6*B^7+y1*y2^7*B^7+y1^8*B^6+y1^6*y2^2*B^6+y1^5*y2^3*B^6+y1^4*y2^4*B^6+y1^2*y2^6*B^6+y1*y2^7*B^6+y1^7*y2*B^5+y1^6*y2^2*B^5+y1^5*y2^3*B^5+y1*y2^7*B^5+y2^8*B^5+y1^8*B^4+y1^6*y2^2*B^4+y1^4*y2^4*B^4+y1^2*y2^6*B^4+y1*y2^7*B^4+y2^8*B^4+y1^8*B^3+y1^7*y2*B^3+y1^6*y2^2*B^3+y1^5*y2^3*B^3+y1^4*y2^4*B^3+y1^3*y2^5*B^3+y1^2*y2^6*B^3+y1^7*y2*B^2+y1^4*y2^4*B^2+y1*y2^7*B^2+y2^8*B^2+y1^8*B+y1^7*y2*B+y1^4*y2^4*B+y1*y2^7*B+y2^8*B+y1^8+y1^6*y2^2+y1^5*y2^3+y1^3*y2^5
LAMBDA 11 12 y1^8*B+y1^7*y2*B+y1^5*y2^3*B+y1^4*y2^4*B+y1^8+y1^6*y2^2
LAMBDA 11 13 y1^4*y2^4*B^7+y1*y2^7*B^7+y1^3*y2^5*B^6+y1^2*y2^6*B^6+y1*y2^7*B^6+y2^8*B^6+y1^4*y2^4*B^5+y1*y2^7*B^5+y1^4*y2^4*B^4+y1^3*y2^5*B^4+y1*y2^7*B^3+y1^4*y2^4*B^2+y1*y2^7*B^2+y2^8*B^2+y1^2*y2^6*B+y1*y2^7*B+y1^3*y2^5+y1^2*y2^6
LAMBDA 11 14 y1^8*y2*B^7+y1^2*y2^7*B^7+y1^8*y2*B^6+y1^6*y2^3*B^6+y1^4*y2^5*B^6+y1^3*y2^6*B^6+y1^6*y2^3*B^5+y1^2*y2^7*B^5+y1^8*y2*B^4+y1^6*y2^3*B^4+y1^4*y2^5*B^4+y1^3*y2^6*B^4+y1^8*y2*B^3+y1^5*y2^4*B^3+y1^4*y2^5*B^3+y1^3*y2^6*B^3+y1^2*y2^7*B^3+y1*y2^8*B^3+y1^5*y2^4*B^2+y1^2*y2^7*B^2+y1^7*y2^2*B+y1^6*y2^3*B+y1^4*y2^5*B+y1^3*y2^6*B+y1^2*y2^7*B+y1*y2^8*B+y1^7*y2^2+y1^2*y2^7
LAMBDA 11 15 y1^8*B^7+y1^5*y2^3*B^7+y1^3*y2^5*B^7+y1^2*y2^6*B^7+y1*y2^7*B^7+y1^8*B^6+y1^6*y2^2*B^6+y1^5*y2^3*B^6+y1^4*y2^4*B^6+y1^2*y2^6*B^6+y1*y2^7*B^6+y1^6*y2^2*B^5+y1^5*y2^3*B^5+y1^4*y2^4*B^5+y1^3*y2^5*B^5+y1^2*y2^6*B^5+y1^8*B^4+y1^6*y2^2*B^4+y1^4*y2^4*B^4+y1^2*y2^6*B^4+y1*y2^7*B^4+y2^8*B^4+y1^8*B^3+y1^5*y2^3*B^3+y1^2*y2^6*B^3+y1*y2^7*B^3+y2^8*B^3+y1^5*y2^3*B^2+y1^4*y2^4*B^2+y2^8*B^2+y1^7*y2*B+y1^6*y2^2*B+y1^4*y2^4*B+y1^2*y2^6*B+y1*y2^7*B+y1^7*y2+y1^4*y2^4+y1^3*y2^5+y1*y2^7+y2^8
LAMBDA 11 16 y1^8*B^7+y1^5*y2^3*B^7+y1^3*y2^5*B^7+y1^2*y2^6*B^7+y1*y2^7*B^7+y1^8*B^6+y1^5*y2^3*B^6+y1^3*y2^5*B^6+y1^2*y2^6*B^6+y1*y2^7*B^6+y1^6*y2^2*B^5+y1^5*y2^3*B^5+y1*y2^7*B^5+y2^8*B^5+y1^8*B^4+y1^6*y2^2*B^4+y1^4*y2^4*B^4+y1^3*y2^5*B^4+y1*y2^7*B^4+y2^8*B^4+y1^8*B^3+y1^6*y2^2*B^3+y1^5*y2^3*B^3+y1^4*y2^4*B^3+y1^3*y2^5*B^3+y1^2*y2^6*B^3+y1^5*y2^3*B^2+y1^4*y2^4*B^2+y1*y2^7*B^2+y2^8*B^2+y1^7*y2*B+y1^6*y2^2*B+y1^4*y2^4*B+y1^3*y2^5*B+y1^2*y2^6*B+y1*y2^7*B+y2^8*B+y1^7*y2+y1^5*y2^3+y1^3*y2^5
LAMBDA 11 17 0
LAMBDA 11 18 y1^4*y2^4*B^6+y1^2*y2^6*B^6+y1*y2^7*B^6+y1^3*y2^5*B^5+y1^3*y2^5*B^4+y1^2*y2^6*B^4+y1^4*y2^4*B^3+y1^3*y2^5*B^3+y2^8*B^3+y1^3*y2^5*B^2+y1*y2^7*B^2+y1*y2^7*B+y2^8*B+y1*y2^7
LAMBDA 11 19 y1^4*y2^4*B+y1^3*y2^5*B+y1*y2^7*B+y2^8*B+y1^2*y2^6+y2^8
LAMBDA 11 20 0
LAMBDA 11 21 y1^6*y2^2*B+y1^2*y2^6*B+y1^6*y2^2+y1^2*y2^6
NONEX 12 y1^13*y2^9*B^6+y1^10*y2^12*B^6+y1^7*y2^15*B^6+y1^4*y2^18*B^6+y1^16*y2^6*B^4+y1^14*y2^8*B^4+y1^10*y2^12*B^4+y1^8*y2^14*B^4+y1^7*y2^15*B^4+y1^6*y2^16*B^4+y1^5*y2^17*B^4+y1^4*y2^18*B^4+y1^14*y2^8*B^2+y1^12*y2^10*B^2+y1^11*y2^11*B^2+y1^9*y2^13*B^2+y1^8*y2^14*B^2+y1^4*y2^18*B^2+y1^16*y2^6+y1^13*y2^9+y1^12*y2^10+y1^11*y2^11+y1^9*y2^13+y1^6*y2^16+y1^5*y2^17+y1^4*y2^18
LAMBDA 12 0 0
LAMBDA 12 1 y1^6*y2^2*B^5+y1^5*y2^3*B^5+y1^4*y2^4*B^5+y1^3*y2^5*B^5+y1^2*y2^6*B^5+y1*y2^7*B^5+y1^7*y2*B^4+y1^5*y2^3*B^4+y1*y2^7*B^4+y1^5*y2^3*B^3+y1^4*y2^4*B^3+y1*y2^7*B^3+y1^6*y2^2*B^2+y1^4*y2^4*B^2+y1^3*y2^5*B^2+y1^2*y2^6*B^2+y1^7*y2*B+y1^4*y2^4*B+y1^2*y2^6*B+y1^3*y2^5+y1^2*y2^6+y1*y2^7
LAMBDA 12 2 y1^6*y2*B^5+y1^5*y2^2*B^5+y1^4*y2^3*B^5+y1^7*B^4+y1^5*y2^2*B^4+y1^4*y2^3*B^4+y1^5*y2^2*B^3+y1^6*y2*B^2+y1^7*B+y1^4*y2^3
LAMBDA 12 3 y1^7*y2*B^5+y1^6*y2^2*B^5+y1^5*y2^3*B^5+y1^4*y2^4*B^5+y1^3*y2^5*B^5+y1^2*y2^6*B^5+y1^7*y2*B^4+y1^3*y2^5*B^4+y1^2*y2^6*B^4+y1*y2^7*B^4+y1^7*y2*B^3+y1^6*y2^2*B^3+y1^3*y2^5*B^3+y1^2*y2^6*B^3+y1^7*y2*B^2+y1^6*y2^2*B^2+y1^5*y2^3*B^2+y1^4*y2^4*B^2+y1^3*y2^5*B^2+y1^2*y2^6*B^2+y1^7*y2*B+y1^6*y2^2*B+y1^7*y2+y1^6*y2^2+y1^2*y2^6+y1*y2^7
LAMBDA 12 4 y1^7*B^5+y1^4*y2^3*B^5+y1^5*y2^2*B^4+y1^4*y2^3*B^4+y1^7*B^3+y1^6*y2*B^3+y1^4*y2^3*B^3+y1^7*B^2+y1^5*y2^2*B^2+y1^6*y2*B+y1^5*y2^2*B+y1^7+y1^6*y2+y1^4*y2^3
LAMBDA 12 5 y1^5*y2^3*B^5+y1^4*y2^4*B^5+y1^2*y2^6*B^5+y1*y2^7*B^5+y1^7*y2*B^4+y1^5*y2^3*B^4+y1^4*y2^4*B^4+y1*y2^7*B^4+y1^6*y2^2*B^3+y1^5*y2^3*B^3+y1^3*y2^5*B^3+y1*y2^7*B^3+y1^7*y2*B^2+y1^6*y2^2*B^2+y1^5*y2^3*B^2+y1^3*y2^5*B^2+y1*y2^7*B^2+y1^5*y2^3*B+y1^4*y2^4*B+y1^4*y2^4+y1^3*y2^5+y1^2*y2^6
LAMBDA 12 6 y1^7*B^5+y1^6*y2*B^5+y1^4*y2^3*B^5+y1^7*B^3+y1^5*y2^2*B^3+y1^4*y2^3*B^3+y1^5*y2^2*B^2+y1^4*y2^3*B^2+y1^7*B+y1^6*y2*B+y1^5*y2^2*B+y1^4*y2^3*B+y1^7+y1^6*y2+y1^5*y2^2+y1^4*y2^3
LAMBDA 12 7 y1^2*y2^5*B^5+y1*y2^6*B^5+y2^7*B^5+y1^3*y2^4*B^4+y2^7*B^4+y1^3*y2^4*B^3+y2^7*B^3+y1^3*y2^4*B^2+y1^2*y2^5*B^2+y1*y2^6*B^2+y1^3*y2^4*B+y1*y2^6*B+y1^3*y2^4+y1^2*y2^5+y1*y2^6+y2^7
LAMBDA 12 8 y1^6*y2^2*B^5+y1^5*y2^3*B^5+y1^4*y2^4*B^5+y1^3*y2^5*B^5+y1^2*y2^6*B^5+y1*y2^7*B^5+y1^7*y2*B^4+y1^6*y2^2*B^4+y1^5*y2^3*B^4+y1^4*y2^4*B^4+y1^3*y2^5*B^4+y1*y2^7*B^4+y1^6*y2^2*B^3+y1^5*y2^3*B^3+y1^2*y2^6*B^3+y1*y2^7*B^3+y1^5*y2^3*B^2+y1^3*y2^5*B^2+y1^2*y2^6*B^2+y1*y2^7*B^2+y1^6*y2^2*B+y1^5*y2^3*B+y1^7*y2+y1^5*y2^3+y1^3*y2^5+y1^2*y2^6
LAMBDA 12 9 y1^6*y2*B^5+y1^5*y2^2*B^5+y1^4*y2^3*B^5+y1^3*y2^4*B^5+y1^2*y2^5*B^5+y1*y2^6*B^5+y1^7*B^4+y1^6*y2*B^4+y1^5*y2^2*B^4+y1^3*y2^4*B^4+y1^2*y2^5*B^4+y1*y2^6*B^4+y2^7*B^4+y1^6*y2*B^3+y1^5*y2^2*B^3+y1^2*y2^5*B^3+y1*y2^6*B^3+y1^5*y2^2*B^2+y1^4*y2^3*B^2+y1^2*y2^5*B^2+y1*y2^6*B^2+y1^6*y2*B+y1^5*y2^2*B+y1^7+y1^5*y2^2+y1^3*y2^4+y1*y2^6+y2^7
LAMBDA 12 10 y1^7*y2*B^3+y1^6*y2^2*B^3+y1^5*y2^3*B^3+y1^4*y2^4*B^3+y1^3*y2^5*B^3+y1^2*y2^6*B^3+y1^5*y2^3*B^2+y1^3*y2^5*B^2+y1^2*y2^6*B^2+y1^7*y2*B+y1^5*y2^3*B+y1^2*y2^6*B+y1*y2^7*B+y1^6*y2^2+y1^5*y2^3+y1*y2^7
LAMBDA 12 11 y1^6*y2*B^5+y1^5*y2^2*B^5+y1^4*y2^3*B^5+y1*y2^6*B^5+y2^7*B^5+y1^7*B^4+y1^6*y2*B^4+y1^5*y2^2*B^4+y1^4*y2^3*B^4+y2^7*B^4+y1^7*B^3+y1^5*y2^2*B^3+y1^2*y2^5*B^3+y2^7*B^3+y1^5*y2^2*B^2+y1^2*y2^5*B^2+y2^7*B^2+y1^7*B+y1^6*y2*B+y1^5*y2^2*B+y1^4*y2^3*B+y1^3*y2^4*B+y1^7+y1^6*y2+y1^5*y2^2+y1^3*y2^4+y1^2*y2^5+y1*y2^6
LAMBDA 12 12 y1^7*B^3+y1^6*y2*B^3+y1^5*y2^2*B^3+y1^4*y2^3*B^2+y1^7*B+y1^4*y2^3*B+y1^3*y2^4*B+y1^6*y2+y1^5*y2^2+y1^3*y2^4
LAMBDA 12 13 y1^2*y2^5*B^3+y1*y2^6*B^3+y1^2*y2^5*B^2+y2^7*B^2+y1*y2^6*B+y1^3*y2^4+y1^2*y2^5+y2^7
LAMBDA 12 14 y1^4*y2^4*B^5+y1*y2^7*B^5+y1^6*y2^2*B^4+y1^3*y2^5*B^4+y1^7*y2*B^3+y1^6*y2^2*B^3+y1^3*y2^5*B^3+y1^2*y2^6*B^3+y1^7*y2*B^2+y1^6*y2^2*B^2+y1^4*y2^4*B^2+y1^7*y2*B+y1^3*y2^5*B+y1^2*y2^6*B+y1*y2^7*B+y1^7*y2+y1^6*y2^2+y1^5*y2^3
LAMBDA 12 15 y1^4*y2^3*B^5+y1^3*y2^4*B^5+y1^2*y2^5*B^5+y1*y2^6*B^5+y1^6*y2*B^4+y1^2*y2^5*B^4+y1*y2^6*B^4+y2^7*B^4+y1^7*B^3+y1^6*y2*B^3+y1^4*y2^3*B^3+y1^3*y2^4*B^3+y1^2*y2^5*B^3+y1^7*B^2+y1^6*y2*B^2+y1^3*y2^4*B^2+y1^2*y2^5*B^2+y1^7*B+y1^3*y2^4*B+y1^2*y2^5*B+y1*y2^6*B+y2^7*B+y1^7+y1^6*y2+y1^5*y2^2+y1^3*y2^4+y1^2*y2^5+y1*y2^6
LAMBDA 12 16 y1^4*y2^3*B^5+y1*y2^6*B^5+y2^7*B^5+y1^6*y2*B^4+y1^3*y2^4*B^4+y1^2*y2^5*B^4+y2^7*B^4+y1^7*B^3+y1^6*y2*B^3+y1^3*y2^4*B^3+y1^2*y2^5*B^3+y2^7*B^3+y1^7*B^2+y1^6*y2*B^2+y1^5*y2^2*B^2+y1^3*y2^4*B^2+y2^7*B^2+y1^7*B+y1^4*y2^3*B+y1^7+y1^6*y2+y1^4*y2^3+y1^2*y2^5+y1*y2^6
LAMBDA 12 17 0
LAMBDA 12 18 y1^2*y2^5*B^5+y1*y2^6*B^5+y1^3*y2^4*B^4+y1^2*y2^5*B^4+y2^7*B^4+y1^2*y2^5*B^3+y2^7*B^3+y1^3*y2^4*B^2+y2^7*B^2+y1^3*y2^4*B+y1^2*y2^5*B+y1*y2^6*B+y2^7*B+y1^3*y2^4
LAMBDA 12 19 y1^3*y2^4*B^3+y1^2*y2^5*B^3+y1*y2^6*B^3+y1^3*y2^4*B^2+y1^2*y2^5*B^2+y1^3*y2^4*B+y1*y2^6*B+y2^7*B+y1*y2^6+y2^7
LAMBDA 12 20 0
LAMBDA 12 21 y1*y2^6*B^3+y1*y2^6*B^2+y1^4*y2^3*B+y1^2*y2^5*B+y1*y2^6*B+y1^4*y2^3+y1^2*y2^5+y1*y2^6
NONEX 13 y1^18*y2^6*B^4+y1^15*y2^9*B^4+y1^14*y2^10*B^4+y1^12*y2^12*B^4+y1^11*y2^13*B^4+y1^9*y2^15*B^4+y1^8*y2^16*B^4+y1^5*y2^19*B^4+y1^16*y2^8*B^2+y1^15*y2^9*B^2+y1^8*y2^16*B^2+y1^7*y2^17*B^2+y1^18*y2^6+y1^16*y2^8+y1^14*y2^10+y1^12*y2^12+y1^11*y2^13+y1^9*y2^15+y1^7*y2^17+y1^5*y2^19
LAMBDA 13 0 0
LAMBDA 13 1 y1^8*y2^2*B^9+y1^6*y2^4*B^9+y1^5*y2^5*B^9+y1^4*y2^6*B^9+y1^3*y2^7*B^9+y1*y2^9*B^9+y1^9*y2*B^8+y1^7*y2^3*B^8+y1^6*y2^4*B^8+y1^5*y2^5*B^8+y1^4*y2^6*B^8+y1^2*y2^8*B^8+y1^6*y2^4*B^7+y1^5*y2^5*B^7+y1^4*y2^6*B^7+y1^3*y2^7*B^7+y1^9*y2*B^6+y1^2*y2^8*B^6+y1^7*y2^3*B^5+y1^2*y2^8*B^5+y1^9*y2*B^4+y1^7*y2^3*B^4+y1^6*y2^4*B^4+y1^5*y2^5*B^4+y1^4*y2^6*B^4+y1^2*y2^8*B^4+y1*y2^9*B^4+y1^8*y2^2*B^3+y1^5*y2^5*B^3+y1^2*y2^8*B^3+y1*y2^9*B^3+y1^9*y2*B^2+y1^8*y2^2*B^2+y1^7*y2^3*B^2+y1^6*y2^4*B^2+y1^5*y2^5*B^2+y1^4*y2^6*B^2+y1^3*y2^7*B^2+y1^9*y2*B+y1^8*y2^2*B+y1^6*y2^4*B+y1^5*y2^5*B+y1^4*y2^6*B+y1*y2^9*B+y1^9*y2+y1^8*y2^2+y1^6*y2^4+y1^5*y2^5+y1^3*y2^7+y1^2*y2^8
LAMBDA 13 2 y1^8*y2*B^9+y1^6*y2^3*B^9+y1^4*y2^5*B^9+y1^9*B^8+y1^7*y2^2*B^8+y1^5*y2^4*B^8+y1^6*y2^3*B^7+y1^4*y2^5*B^7+y1^9*B^6+y1^7*y2^2*B^5+y1^9*B^4+y1^7*y2^2*B^4+y1^6*y2^3*B^4+y1^4*y2^5*B^4+y1^8*y2*B^3+y1^4*y2^5*B^3+y1^9*B^2+y1^8*y2*B^2+y1^7*y2^2*B^2+y1^9*B+y1^8*y2*B+y1^5*y2^4*B+y1^9+y1^8*y2+y1^6*y2^3+y1^5*y2^4
LAMBDA 13 3 y1^9*y2*B^6+y1^8*y2^2*B^6+y1^7*y2^3*B^6+y1^6*y2^4*B^6+y1^5*y2^5*B^6+y1^4*y2^6*B^6+y1^9*y2*B^5+y1^8*y2^2*B^5+y1^7*y2^3*B^5+y1^6*y2^4*B^5+y1^5*y2^5*B^5+y1^4*y2^6*B^5+y1^8*y2^2*B^4+y1^5*y2^5*B^4+y1^4*y2^6*B^4+y1^3*y2^7*B^4+y1^2*y2^8*B^4+y1*y2^9*B^4+y1^9*y2*B^3+y1^8*y2^2*B^3+y1^7*y2^3*B^3+y1^4*y2^6*B^3+y1^8*y2^2*B^2+y1^7*y2^3*B^2+y1^5*y2^5*B^2+y1^4*y2^6*B^2+y1^3*y2^7*B^2+y1*y2^9*B^2+y1^6*y2^4*B+y1^4*y2^6*B+y1^3*y2^7*B+y1^2*y2^8*B+y1^9*y2+y1^8*y2^2+y1^7*y2^3+y1^2*y2^8
LAMBDA 13 4 y1^8*y2*B^9+y1^6*y2^3*B^9+y1^4*y2^5*B^9+y1^9*B^8+y1^7*y2^2*B^8+y1^6*y2^3*B^8+y1^5*y2^4*B^8+y1^4*y2^5*B^8+y1^7*y2^2*B^7+y1^5*y2^4*B^7+y1^8*y2*B^6+y1^6*y2^3*B^6+y1^5*y2^4*B^6+y1^4*y2^5*B^6+y1^9*B^5+y1^8*y2*B^5+y1^6*y2^3*B^5+y1^4*y2^5*B^5+y1^9*B^4+y1^8*y2*B^4+y1^5*y2^4*B^4+y1^9*B^3+y1^7*y2^2*B^3+y1^6*y2^3*B^3+y1^5*y2^4*B^3+y1^9*B^2+y1^7*y2^2*B^2+y1^4*y2^5*B^2+y1^9*B+y1^8*y2*B+y1^7*y2^2+y1^6*y2^3+y1^5*y2^4+y1^4*y2^5
LAMBDA 13 5 y1^9*y2*B^6+y1^8*y2^2*B^6+y1^7*y2^3*B^6+y1^6*y2^4*B^6+y1^5*y2^5*B^6+y1^4*y2^6*B^6+y1^9*y2*B^5+y1^2*y2^8*B^5+y1^9*y2*B^4+y1^5*y2^5*B^4+y1^4*y2^6*B^4+y1*y2^9*B^4+y1^9*y2*B^3+y1^6*y2^4*B^3+y1^5*y2^5*B^3+y1^3*y2^7*B^3+y1^9*y2*B^2+y1^8*y2^2*B^2+y1^5*y2^5*B^2+y1^4*y2^6*B^2+y1^3*y2^7*B^2+y1*y2^9*B^2+y1^8*y2^2*B+y1^6*y2^4*B+y1^4*y2^6*B+y1^2*y2^8*B+y1^9*y2+y1^8*y2^2+y1^7*y2^3+y1^5*y2^5+y1^4*y2^6+y1^3*y2^7
LAMBDA 13 6 y1^8*y2*B^5+y1^5*y2^4*B^5+y1^9*B^4+y1^8*y2*B^4+y1^6*y2^3*B^4+y1^5*y2^4*B^4+y1^8*y2*B^3+y1^7*y2^2*B^3+y1^4*y2^5*B^3+y1^9*B^2+y1^4*y2^5*B^2+y1^8*y2*B+y1^7*y2^2*B+y1^6*y2^3*B+y1^7*y2^2+y1^5*y2^4
LAMBDA 13 7 y1^4*y2^5*B^9+y1^2*y2^7*B^9+y2^9*B^9+y1^5*y2^4*B^8+y1^3*y2^6*B^8+y1*y2^8*B^8+y1^4*y2^5*B^7+y1^2*y2^7*B^7+y1*y2^8*B^6+y1*y2^8*B^5+y1^4*y2^5*B^4+y1*y2^8*B^4+y2^9*B^4+y1^4*y2^5*B^3+y1^3*y2^6*B^3+y1*y2^8*B^3+y2^9*B^3+y1^5*y2^4*B^2+y1^4*y2^5*B^2+y1^3*y2^6*B^2+y1^2*y2^7*B^2+y1^5*y2^4*B+y1^3*y2^6*B+y2^9*B+y1^2*y2^7+y1*y2^8
LAMBDA 13 8 y1^9*y2*B^6+y1^6*y2^4*B^6+y1^5*y2^5*B^6+y1^4*y2^6*B^6+y1^2*y2^8*B^6+y1*y2^9*B^6+y1^9*y2*B^5+y1^6*y2^4*B^5+y1^5*y2^5*B^5+y1^4*y2^6*B^5+y1^2*y2^8*B^5+y1*y2^9*B^5+y1^7*y2^3*B^4+y1^5*y2^5*B^4+y1^3*y2^7*B^4+y1*y2^9*B^4+y1^5*y2^5*B^3+y1^4*y2^6*B^3+y1^3*y2^7*B^3+y1*y2^9*B^3+y1^9*y2*B^2+y1^8*y2^2*B^2+y1^6*y2^4*B^2+y1^4*y2^6*B^2+y1^3*y2^7*B^2+y1*y2^9*B^2+y1^9*y2*B+y1^5*y2^5*B+y1^3*y2^7*B+y1*y2^9*B+y1^8*y2^2+y1^5*y2^5+y1^3*y2^7+y1^2*y2^8
LAMBDA 13 9 y1^9*B^6+y1^3*y2^6*B^6+y1^9*B^5+y1^3*y2^6*B^5+y1^7*y2^2*B^4+y1^6*y2^3*B^4+y1^2*y2^7*B^4+y1*y2^8*B^4+y2^9*B^4+y1^6*y2^3*B^3+y1^5*y2^4*B^3+y1^3*y2^6*B^3+y1^9*B^2+y1^8*y2*B^2+y1^6*y2^3*B^2+y1^4*y2^5*B^2+y1^3*y2^6*B^2+y1^2*y2^7*B^2+y2^9*B^2+y1^9*B+y1^5*y2^4*B+y1^3*y2^6*B+y1^2*y2^7*B+y1*y2^8*B+y1^8*y2+y1^5*y2^4+y1^4*y2^5+y1*y2^8
LAMBDA 13 10 y1^8*y2^2*B+y1^7*y2^3*B+y1^2*y2^8*B+y1*y2^9*B+y1^8*y2^2+y1^6*y2^4+y1^3*y2^7+y1*y2^9
LAMBDA 13 11 y1^9*B^6+y1^3*y2^6*B^6+y1^9*B^5+y1^7*y2^2*B^5+y1^4*y2^5*B^5+y1*y2^8*B^5+y1^7*y2^2*B^4+y1^6*y2^3*B^4+y1^5*y2^4*B^4+y1^4*y2^5*B^4+y2^9*B^4+y1^6*y2^3*B^3+y1^5*y2^4*B^3+y1^4*y2^5*B^3+y1^2*y2^7*B^3+y1^9*B^2+y1^8*y2*B^2+y1^6*y2^3*B^2+y1^5*y2^4*B^2+y1^3*y2^6*B^2+y1^2*y2^7*B^2+y2^9*B^2+y1^9*B+y1^8*y2*B+y1^6*y2^3*B+y1^4*y2^5*B+y1^3*y2^6*B+y1*y2^8*B+y1^5*y2^4+y1^4*y2^5+y1^3*y2^6+y1^2*y2^7
LAMBDA 13 12 y1^8*y2*B+y1^7*y2^2*B+y1^5*y2^4*B+y1^4*y2^5*B+y1^8*y2+y1^6*y2^3
LAMBDA 13 13 y1^4*y2^5*B^9+y1^2*y2^7*B^9+y2^9*B^9+y1^5*y2^4*B^8+y1^4*y2^5*B^8+y1^3*y2^6*B^8+y1^2*y2^7*B^8+y1*y2^8*B^8+y1^5*y2^4*B^7+y1^3*y2^6*B^7+y1^4*y2^5*B^6+y1^3*y2^6*B^6+y1^2*y2^7*B^6+y2^9*B^6+y1^5*y2^4*B^5+y1^4*y2^5*B^5+y1^2*y2^7*B^5+y2^9*B^5+y1^4*y2^5*B^4+y1^2*y2^7*B^4+y1*y2^8*B^4+y1^5*y2^4*B^3+y1^3*y2^6*B^3+y1*y2^8*B^3+y1^4*y2^5*B^2+y1^2*y2^7*B^2+y2^9*B^2+y1^5*y2^4*B+y1^4*y2^5*B+y1^2*y2^7*B+y1^3*y2^6+y1^2*y2^7
LAMBDA 13 14 y1^9*y2*B^6+y1^6*y2^4*B^6+y1^5*y2^5*B^6+y1^4*y2^6*B^6+y1^2*y2^8*B^6+y1*y2^9*B^6+y1^9*y2*B^5+y1^7*y2^3*B^5+y1^5*y2^5*B^5+y1^4*y2^6*B^5+y1^2*y2^8*B^5+y1*y2^9*B^5+y1^8*y2^2*B^4+y1^7*y2^3*B^4+y1^5*y2^5*B^4+y1^3*y2^7*B^4+y1^2*y2^8*B^4+y1*y2^9*B^4+y1^6*y2^4*B^3+y1^5*y2^5*B^3+y1^4*y2^6*B^3+y1^3*y2^7*B^3+y1^9*y2*B^2+y1^8*y2^2*B^2+y1^7*y2^3*B^2+y1^5*y2^5*B^2+y1^4*y2^6*B^2+y1^3*y2^7*B^2+y1^2*y2^8*B^2+y1*y2^9*B^2+y1^9*y2*B+y1^5*y2^5*B+y1^3*y2^7*B+y1*y2^9*B+y1^7*y2^3+y1^6*y2^4+y1^5*y2^5+y1^4*y2^6+y1^3*y2^7+y1*y2^9
LAMBDA 13 15 y1^9*B^6+y1^3*y2^6*B^6+y1^9*B^5+y1^7*y2^2*B^5+y1^6*y2^3*B^5+y1^5*y2^4*B^5+y1^3*y2^6*B^5+y1^8*y2*B^4+y1^7*y2^2*B^4+y1^6*y2^3*B^4+y1^5*y2^4*B^4+y1^2*y2^7*B^4+y1*y2^8*B^4+y2^9*B^4+y1^5*y2^4*B^3+y1^2*y2^7*B^3+y1^9*B^2+y1^8*y2*B^2+y1^7*y2^2*B^2+y1^5*y2^4*B^2+y2^9*B^2+y1^9*B+y1^4*y2^5*B+y1^3*y2^6*B+y1^2*y2^7*B+y2^9*B+y1^7*y2^2+y1^6*y2^3+y1^3*y2^6+y1^2*y2^7+y1*y2^8+y2^9
LAMBDA 13 16 y1^9*B^6+y1^3*y2^6*B^6+y1^9*B^5+y1^6*y2^3*B^5+y1^5*y2^4*B^5+y1^4*y2^5*B^5+y1*y2^8*B^5+y1^8*y2*B^4+y1^7*y2^2*B^4+y1^6*y2^3*B^4+y1^5*y2^4*B^4+y1^4*y2^5*B^4+y1^3*y2^6*B^4+y2^9*B^4+y1^6*y2^3*B^3+y1^5*y2^4*B^3+y1^3*y2^6*B^3+y1^9*B^2+y1^8*y2*B^2+y1^7*y2^2*B^2+y1^6*y2^3*B^2+y2^9*B^2+y1^9*B+y1^7*y2^2*B+y1^4*y2^5*B+y1*y2^8*B+y1^7*y2^2+y1^6*y2^3+y1^5*y2^4+y1^4*y2^5+y1^3*y2^6+y1^2*y2^7
LAMBDA 13 17 0
LAMBDA 13 18 y1^5*y2^4*B^5+y1^3*y2^6*B^5+y1^2*y2^7*B^5+y1^4*y2^5*B^4+y1*y2^8*B^4+y1^3*y2^6*B^3+y1^2*y2^7*B^3+y2^9*B^3+y1^4*y2^5*B^2+y1*y2^8*B^2+y1^5*y2^4*B+y1^4*y2^5*B+y1^3*y2^6*B+y1^2*y2^7*B+y1^4*y2^5+y1^2*y2^7+y1*y2^8+y2^9
LAMBDA 13 19 y1^4*y2^5*B+y1^3*y2^6*B+y1*y2^8*B+y2^9*B+y1^2*y2^7+y2^9
LAMBDA 13 20 0
LAMBDA 13 21 y1^6*y2^3*B+y1^2*y2^7*B+y1^6*y2^3+y1^2*y2^7
NONEX 14 y1^16*y2^5*B^10+y1^4*y2^17*B^10+y1^10*y2^11*B^8+y1^9*y2^12*B^8+y1^8*y2^13*B^8+y1^6*y2^15*B^8+y1^5*y2^16*B^8+y1^4*y2^17*B^8+y1^6*y2^15*B^6+y1^5*y2^16*B^6+y1^4*y2^17*B^6+y1^3*y2^18*B^6+y1^14*y2^7*B^5+y1^13*y2^8*B^5+y1^11*y2^10*B^5+y1^10*y2^11*B^5+y1^8*y2^13*B^5+y1^7*y2^14*B^5+y1^5*y2^16*B^5+y1^4*y2^17*B^5+y1^14*y2^7*B^4+y1^13*y2^8*B^4+y1^12*y2^9*B^4+y1^11*y2^10*B^4+y1^10*y2^11*B^4+y1^9*y2^12*B^4+y1^7*y2^14*B^4+y1^6*y2^15*B^4+y1^5*y2^16*B^4+y1^3*y2^18*B^4+y1^12*y2^9*B^3+y1^10*y2^11*B^3+y1^8*y2^13*B^3+y1^6*y2^15*B^3+y1^16*y2^5*B^2+y1^12*y2^9*B^2+y1^10*y2^11*B^2+y1^8*y2^13*B^2+y1^5*y2^16*B^2+y1^3*y2^18*B^2+y1^14*y2^7*B+y1^13*y2^8*B+y1^12*y2^9*B+y1^11*y2^10*B+y1^7*y2^14*B+y1^6*y2^15*B+y1^5*y2^16*B+y1^4*y2^17*B+y1^14*y2^7+y1^13*y2^8+y1^11*y2^10+y1^10*y2^11+y1^7*y2^14+y1^6*y2^15+y1^4*y2^17+y1^3*y2^18
LAMBDA 14 0 0
LAMBDA 14 1 y1^6*y2*B^8+y1^5*y2^2*B^8+y1^4*y2^3*B^8+y1^3*y2^4*B^8+y1^2*y2^5*B^8+y1*y2^6*B^8+y1^6*y2*B^7+y1*y2^6*B^7+y1^6*y2*B^6+y1^5*y2^2*B^6+y1^4*y2^3*B^6+y1^3*y2^4*B^6+y1^2*y2^5*B^6+y1*y2^6*B^6+y1^6*y2*B^5+y1^5*y2^2*B^5+y1^4*y2^3*B^5+y1^3*y2^4*B^5+y1^2*y2^5*B^5+y1^6*y2*B^4+y1^3*y2^4*B^4+y1^2*y2^5*B^4+y1^6*y2*B^2+y1^5*y2^2*B^2+y1^4*y2^3*B^2+y1^3*y2^4*B^2+y1^2*y2^5*B^2+y1*y2^6*B^2+y1^6*y2*B+y1^3*y2^4*B+y1^2*y2^5*B+y1^6*y2+y1^5*y2^2+y1^2*y2^5
LAMBDA 14 2 y1^6*B^8+y1^5*y2*B^8+y1^4*y2^2*B^8+y1^6*B^7+y1^6*B^6+y1^5*y2*B^6+y1^4*y2^2*B^6+y1^6*B^5+y1^5*y2*B^5+y1^4*y2^2*B^5+y1^6*B^4+y1^6*B^2+y1^5*y2*B^2+y1^4*y2^2*B^2+y1^6*B+y1^6+y1^5*y2+y1^3*y2^3
LAMBDA 14 3 y1^5*y2^2*B^7+y1^3*y2^4*B^7+y1^6*y2*B^6+y1^4*y2^3*B^6+y1^2*y2^5*B^6+y1*y2^6*B^6+y1^5*y2^2*B^5+y1^3*y2^4*B^5+y1^5*y2^2*B^4+y1^4*y2^3*B^4+y1^2*y2^5*B^4+y1*y2^6*B^4+y1^5*y2^2*B^3+y1^3*y2^4*B^3+y1^5*y2^2*B^2+y1^3*y2^4*B^2+y1^4*y2^3*B+y1*y2^6*B+y1^6*y2+y1^5*y2^2+y1^2*y2^5+y1*y2^6
LAMBDA 14 4 y1^6*B^8+y1^5*y2*B^8+y1^4*y2^2*B^8+y1^6*B^7+y1^5*y2*B^7+y1^4*y2^2*B^7+y1^5*y2*B^6+y1^4*y2^2*B^6+y1^6*B^5+y1^6*B^4+y1^5*y2*B^4+y1^4*y2^2*B^4+y1^5*y2*B^3+y1^4*y2^2*B^3+y1^6*B^2+y1^6*B+y1^4*y2^2*B+y1^4*y2^2
LAMBDA 14 5 y1^6*y2*B^8+y1^3*y2^4*B^8+y1^5*y2^2*B^7+y1^3*y2^4*B^7+y1^6*y2*B^6+y1^2*y2^5*B^6+y1^5*y2^2*B^5+y1^4*y2^3*B^5+y1^2*y2^5*B^5+y1*y2^6*B^5+y1^5*y2^2*B^4+y1^3*y2^4*B^4+y1^2*y2^5*B^4+y1*y2^6*B^4+y1^4*y2^3*B^2+y1^3*y2^4*B^2+y1^2*y2^5*B^2+y1^5*y2^2*B+y1^3*y2^4*B+y1^2*y2^5*B+y1*y2^6*B+y1^3*y2^4+y1^2*y2^5+y1*y2^6
LAMBDA 14 6 y1^6*B^8+y1^5*y2*B^3+y1^4*y2^2*B^3+y1^5*y2*B^2+y1^4*y2^2*B^2+y1^3*y2^3*B^2+y1^5*y2*B+y1^6+y1^5*y2+y1^4*y2^2
LAMBDA 14 7 y1^2*y2^4*B^8+y1*y2^5*B^8+y2^6*B^8+y2^6*B^7+y1^2*y2^4*B^6+y1*y2^5*B^6+y2^6*B^6+y1^2*y2^4*B^5+y1*y2^5*B^5+y1^2*y2^4*B^4+y1*y2^5*B^4+y1^2*y2^4*B^2+y1*y2^5*B^2+y2^6*B^2+y1^2*y2^4*B+y1*y2^5*B+y1^2*y2^4+y1*y2^5
LAMBDA 14 8 y1^4*y2^3*B^7+y1^2*y2^5*B^7+y1^4*y2^3*B^6+y1^2*y2^5*B^6+y1^4*y2^3*B^5+y1^2*y2^5*B^5+y1^4*y2^3*B^4+y1*y2^6*B^4+y1^4*y2^3*B^3+y1^2*y2^5*B^3+y1^4*y2^3*B^2+y1^2*y2^5*B^2+y1^2*y2^5+y1*y2^6
LAMBDA 14 9 y1^4*y2^2*B^7+y1^2*y2^4*B^7+y1^4*y2^2*B^6+y1*y2^5*B^6+y2^6*B^6+y1^4*y2^2*B^5+y1^2*y2^4*B^5+y1^4*y2^2*B^4+y1*y2^5*B^4+y2^6*B^4+y1^4*y2^2*B^3+y1^2*y2^4*B^3+y1^4*y2^2*B^2+y1^2*y2^4*B^2+y2^6*B+y1^2*y2^4+y1*y2^5+y2^6
LAMBDA 14 10 y1^5*y2^2*B^6+y1^4*y2^3*B^6+y1^2*y2^5*B^6+y1*y2^6*B^6+y1^6*y2*B^5+y1^5*y2^2*B^5+y1^3*y2^4*B^5+y1*y2^6*B^5+y1^6*y2*B^4+y1^5*y2^2*B^4+y1^5*y2^2*B^2+y1^3*y2^4*B^2+y1*y2^6*B^2+y1^6*y2*B+y1^5*y2^2*B+y1^2*y2^5*B+y1*y2^6*B+y1^6*y2+y1^5*y2^2+y1^4*y2^3
LAMBDA 14 11 y1^2*y2^4*B^8+y1^4*y2^2*B^7+y1^2*y2^4*B^7+y1^5*y2*B^6+y1*y2^5*B^6+y1^6*B^5+y1^5*y2*B^5+y1^4*y2^2*B^5+y1*y2^5*B^5+y2^6*B^5+y1^6*B^4+y1^5*y2*B^4+y1^4*y2^2*B^4+y1^3*y2^3*B^4+y1^2*y2^4*B^4+y1*y2^5*B^4+y2^6*B^4+y1^4*y2^2*B^3+y1^3*y2^3*B^3+y1^5*y2*B^2+y1^4*y2^2*B^2+y1^2*y2^4*B^2+y1*y2^5*B^2+y1^6*B+y1^5*y2*B+y1^2*y2^4*B+y1*y2^5*B+y2^6*B+y1^6+y1^5*y2+y1^4*y2^2+y1^2*y2^4+y1*y2^5+y2^6
LAMBDA 14 12 y1^5*y2*B^6+y1^6*B^5+y1^5*y2*B^5+y1^3*y2^3*B^5+y1^6*B^4+y1^5*y2*B^4+y1^4*y2^2*B^4+y1^3*y2^3*B^4+y1^5*y2*B^2+y1^4*y2^2*B^2+y1^3*y2^3*B^2+y1^6*B+y1^5*y2*B+y1^2*y2^4*B+y1^6+y1^5*y2+y1^3*y2^3+y1^2*y2^4
LAMBDA 14 13 y1^2*y2^4*B^8+y1*y2^5*B^8+y2^6*B^8+y1^2*y2^4*B^7+y1*y2^5*B^7+y2^6*B^7+y2^6*B^6+y1^2*y2^4*B^4+y1*y2^5*B^4+y2^6*B^4+y1^2*y2^4*B^3+y1*y2^5*B^3+y2^6*B^2+y1^2*y2^4*B+y1*y2^5*B+y2^6
LAMBDA 14 14 y1^4*y2^3*B^8+y1*y2^6*B^8+y1^4*y2^3*B^7+y1^2*y2^5*B^7+y1^5*y2^2*B^6+y1^4*y2^3*B^6+y1^6*y2*B^5+y1^5*y2^2*B^5+y1^4*y2^3*B^5+y1^3*y2^4*B^5+y1^6*y2*B^4+y1^5*y2^2*B^4+y1^4*y2^3*B^4+y1*y2^6*B^4+y1^5*y2^2*B^2+y1^4*y2^3*B^2+y1^3*y2^4*B^2+y1^6*y2*B+y1^5*y2^2*B+y1^4*y2^3*B+y1^2*y2^5*B+y1^6*y2+y1^5*y2^2+y1^4*y2^3
LAMBDA 14 15 y1^4*y2^2*B^8+y1^4*y2^2*B^7+y1^2*y2^4*B^7+y1^5*y2*B^6+y1^4*y2^2*B^6+y1^6*B^5+y1^5*y2*B^5+y1^4*y2^2*B^5+y1^2*y2^4*B^5+y2^6*B^5+y1^6*B^4+y1^5*y2*B^4+y1^4*y2^2*B^4+y1^3*y2^3*B^4+y1^2*y2^4*B^4+y1*y2^5*B^4+y2^6*B^4+y1^3*y2^3*B^3+y1^2*y2^4*B^3+y1^5*y2*B^2+y1^4*y2^2*B^2+y2^6*B^2+y1^6*B+y1^5*y2*B+y1^4*y2^2*B+y1*y2^5*B+y1^6+y1^5*y2+y1^4*y2^2+y1^2*y2^4+y1*y2^5+y2^6
LAMBDA 14 16 y1^4*y2^2*B^8+y1^2*y2^4*B^8+y1^4*y2^2*B^7+y1^2*y2^4*B^7+y1^5*y2*B^6+y1^4*y2^2*B^6+y1*y2^5*B^6+y1^6*B^5+y1^5*y2*B^5+y1^4*y2^2*B^5+y1^3*y2^3*B^5+y1*y2^5*B^5+y2^6*B^5+y1^6*B^4+y1^5*y2*B^4+y1^3*y2^3*B^4+y1*y2^5*B^4+y2^6*B^4+y1^5*y2*B^2+y1^4*y2^2*B^2+y1^3*y2^3*B^2+y1^2*y2^4*B^2+y1*y2^5*B^2+y1^6*B+y1^5*y2*B+y1^4*y2^2*B+y1^2*y2^4*B+y1*y2^5*B+y2^6*B+y1^6+y1^5*y2+y1^3*y2^3+y1*y2^5+y2^6
LAMBDA 14 17 0
LAMBDA 14 18 y2^6*B^8+y1^2*y2^4*B^5+y1*y2^5*B^5+y1^2*y2^4*B^4+y1*y2^5*B^4+y1^2*y2^4*B^3+y1*y2^5*B^3+y1^2*y2^4*B^2+y1*y2^5*B^2+y2^6*B^2
LAMBDA 14 19 y2^6*B^6+y2^6*B^5+y1^2*y2^4*B^4+y1*y2^5*B^4+y2^6*B+y1^2*y2^4+y1*y2^5+y2^6
LAMBDA 14 20 0
LAMBDA 14 21 y1^4*y2^2*B^7+y1*y2^5*B^7+y1^4*y2^2*B^6+y1*y2^5*B^6+y1^2*y2^4*B^5+y1*y2^5*B^5+y1^2*y2^4*B^4+y1*y2^5*B^4+y1^4*y2^2*B^3+y1^2*y2^4*B^3+y2^6*B^3+y1^4*y2^2*B^2+y1*y2^5*B^2+y2^6*B^2+y2^6*B+y1^2*y2^4+y1*y2^5+y2^6
NONEX 15 y1^14*y2^8*B^9+y1^11*y2^11*B^9+y1^8*y2^14*B^9+y1^5*y2^17*B^9+y1^11*y2^11*B^7+y1^9*y2^13*B^7+y1^8*y2^14*B^7+y1^7*y2^15*B^7+y1^6*y2^16*B^7+y1^3*y2^19*B^7+y1^11*y2^11*B^5+y1^10*y2^12*B^5+y1^8*y2^14*B^5+y1^7*y2^15*B^5+y1^5*y2^17*B^5+y1^3*y2^19*B^5+y1^16*y2^6*B^4+y1^14*y2^8*B^4+y1^13*y2^9*B^4+y1^11*y2^11*B^4+y1^10*y2^12*B^4+y1^8*y2^14*B^4+y1^7*y2^15*B^4+y1^5*y2^17*B^4+y1^11*y2^11*B^3+y1^9*y2^13*B^3+y1^8*y2^14*B^3+y1^7*y2^15*B^3+y1^6*y2^16*B^3+y1^3*y2^19*B^3+y1^14*y2^8*B^2+y1^13*y2^9*B^2+y1^12*y2^10*B^2+y1^11*y2^11*B^2+y1^10*y2^12*B^2+y1^9*y2^13*B^2+y1^8*y2^14*B^2+y1^7*y2^15*B^2+y1^14*y2^8*B+y1^10*y2^12*B+y1^7*y2^15*B+y1^3*y2^19*B+y1^16*y2^6+y1^12*y2^10+y1^9*y2^13+y1^5*y2^17
LAMBDA 15 0 0
LAMBDA 15 1 y1^7*y2*B^9+y1^5*y2^3*B^9+y1^3*y2^5*B^9+y1^7*y2*B^8+y1^5*y2^3*B^8+y1^2*y2^6*B^8+y1*y2^7*B^8+y1^4*y2^4*B^7+y1^3*y2^5*B^7+y1^2*y2^6*B^7+y1^6*y2^2*B^6+y1^5*y2^3*B^6+y1^4*y2^4*B^6+y1^3*y2^5*B^6+y1*y2^7*B^6+y1^4*y2^4*B^5+y1^2*y2^6*B^5+y1^7*y2*B^4+y1^6*y2^2*B^4+y1^5*y2^3*B^4+y1^4*y2^4*B^4+y1^2*y2^6*B^4+y1*y2^7*B^4+y1^6*y2^2*B^3+y1^4*y2^4*B^3+y1^3*y2^5*B^3+y1*y2^7*B^3+y1^6*y2^2*B^2+y1^5*y2^3*B^2+y1*y2^7*B^2+y1^6*y2^2*B+y1^4*y2^4*B+y1^7*y2+y1^6*y2^2+y1^3*y2^5+y1*y2^7
LAMBDA 15 2 y1^7*B^9+y1^5*y2^2*B^9+y1^7*B^8+y1^5*y2^2*B^8+y1^4*y2^3*B^8+y1^6*y2*B^6+y1^5*y2^2*B^6+y1^4*y2^3*B^6+y1^7*B^4+y1^6*y2*B^4+y1^5*y2^2*B^4+y1^4*y2^3*B^4+y1^6*y2*B^3+y1^6*y2*B^2+y1^5*y2^2*B^2+y1^6*y2*B+y1^4*y2^3*B+y1^3*y2^4*B+y1^7+y1^6*y2
LAMBDA 15 3 y1^6*y2^2*B^10+y1^5*y2^3*B^10+y1^4*y2^4*B^10+y1^3*y2^5*B^10+y1^2*y2^6*B^10+y1*y2^7*B^10+y1^6*y2^2*B^9+y1^5*y2^3*B^9+y1^4*y2^4*B^9+y1^3*y2^5*B^9+y1^2*y2^6*B^9+y1*y2^7*B^9+y1^5*y2^3*B^8+y1^3*y2^5*B^8+y1^2*y2^6*B^8+y1*y2^7*B^8+y1^6*y2^2*B^7+y1^4*y2^4*B^7+y1^6*y2^2*B^6+y1^5*y2^3*B^6+y1^7*y2*B^5+y1^6*y2^2*B^5+y1^5*y2^3*B^5+y1*y2^7*B^5+y1^6*y2^2*B^4+y1^2*y2^6*B^4+y1^7*y2*B^3+y1^5*y2^3*B^3+y1^4*y2^4*B^3+y1*y2^7*B^3+y1^7*y2*B^2+y1^6*y2^2*B^2+y1^5*y2^3*B^2+y1^4*y2^4*B^2+y1^2*y2^6*B^2+y1*y2^7*B^2+y1^7*y2*B+y1^6*y2^2*B+y1^4*y2^4*B+y1^3*y2^5*B+y1^2*y2^6*B+y1*y2^7*B+y1^6*y2^2+y1^4*y2^4+y1^3*y2^5+y1*y2^7
LAMBDA 15 4 y1^6*y2*B^10+y1^5*y2^2*B^10+y1^4*y2^3*B^10+y1^7*B^9+y1^6*y2*B^9+y1^4*y2^3*B^9+y1^7*B^8+y1^5*y2^2*B^8+y1^6*y2*B^7+y1^5*y2^2*B^7+y1^7*B^5+y1^6*y2*B^5+y1^5*y2^2*B^5+y1^7*B^4+y1^5*y2^2*B^4+y1^7*B^3+y1^6*y2*B^3+y1^7*B^2+y1^5*y2^2*B^2+y1^4*y2^3*B^2+y1^7*B+y1^4*y2^3*B+y1^7+y1^4*y2^3
LAMBDA 15 5 y1^6*y2^2*B^10+y1^5*y2^3*B^10+y1^4*y2^4*B^10+y1^3*y2^5*B^10+y1^2*y2^6*B^10+y1*y2^7*B^10+y1^7*y2*B^9+y1^6*y2^2*B^9+y1^2*y2^6*B^9+y1*y2^7*B^9+y1^5*y2^3*B^8+y1^3*y2^5*B^8+y1^2*y2^6*B^8+y1*y2^7*B^8+y1^7*y2*B^7+y1^6*y2^2*B^7+y1^4*y2^4*B^7+y1^3*y2^5*B^7+y1^2*y2^6*B^7+y1*y2^7*B^7+y1^6*y2^2*B^6+y1^3*y2^5*B^6+y1^6*y2^2*B^5+y1^5*y2^3*B^5+y1^2*y2^6*B^5+y1^2*y2^6*B^4+y1*y2^7*B^4+y1^7*y2*B^3+y1^6*y2^2*B^3+y1^5*y2^3*B^3+y1^3*y2^5*B^3+y1*y2^7*B^3+y1^7*y2*B^2+y1^5*y2^3*B^2+y1^4*y2^4*B^2+y1^3*y2^5*B^2+y1^2*y2^6*B^2+y1*y2^7*B^2+y1^7*y2*B+y1^6*y2^2*B+y1^4*y2^4*B+y1*y2^7*B+y1^7*y2+y1^6*y2^2+y1^3*y2^5+y1^2*y2^6
LAMBDA 15 6 y1^7*B^9+y1^5*y2^2*B^9+y1^4*y2^3*B^9+y1^7*B^7+y1^5*y2^2*B^6+y1^4*y2^3*B^6+y1^7*B^5+y1^4*y2^3*B^5+y1^6*y2*B^4+y1^5*y2^2*B^4+y1^4*y2^3*B^4+y1^6*y2*B^3+y1^5*y2^2*B^3+y1^3*y2^4*B^3+y1^6*y2*B^2+y1^5*y2^2*B+y1^7+y1^4*y2^3
LAMBDA 15 7 y1^2*y2^5*B^9+y1^3*y2^4*B^8+y1*y2^6*B^8+y2^7*B^8+y1^3*y2^4*B^7+y1^2*y2^5*B^7+y1*y2^6*B^7+y1^2*y2^5*B^6+y2^7*B^6+y1^3*y2^4*B^5+y1*y2^6*B^5+y1*y2^6*B^4+y2^7*B^4+y1^3*y2^4*B^3+y1^2*y2^5*B^3+y2^7*B^3+y2^7*B^2+y1^2*y2^5*B+y1^2*y2^5+y2^7
LAMBDA 15 8 y1^7*y2*B^10+y1*y2^7*B^10+y1^7*y2*B^9+y1*y2^7*B^9+y1^7*y2*B^8+y1^4*y2^4*B^8+y1^2*y2^6*B^8+y1*y2^7*B^8+y1^4*y2^4*B^7+y1^2*y2^6*B^7+y1^5*y2^3*B^6+y1^4*y2^4*B^6+y1^5*y2^3*B^5+y1^3*y2^5*B^5+y1^5*y2^3*B^4+y1*y2^7*B^4+y1^7*y2*B^3+y1^6*y2^2*B^3+y1^5*y2^3*B^3+y1^4*y2^4*B^3+y1^3*y2^5*B^3+y1*y2^7*B^3+y1^7*y2*B^2+y1^6*y2^2*B^2+y1^2*y2^6*B^2+y1*y2^7*B^2+y1^5*y2^3*B+y1*y2^7*B+y1^7*y2+y1^4*y2^4+y1^3*y2^5+y1*y2^7
LAMBDA 15 9 y1^7*B^10+y1^4*y2^3*B^10+y1^2*y2^5*B^10+y1*y2^6*B^10+y2^7*B^10+y1^7*B^9+y1^4*y2^3*B^9+y1^2*y2^5*B^9+y1*y2^6*B^9+y2^7*B^9+y1^7*B^8+y1^4*y2^3*B^8+y1^2*y2^5*B^8+y1*y2^6*B^8+y2^7*B^8+y1^5*y2^2*B^6+y1^4*y2^3*B^6+y1^5*y2^2*B^5+y1^4*y2^3*B^5+y2^7*B^5+y1^5*y2^2*B^4+y1*y2^6*B^4+y1^7*B^3+y1^6*y2*B^3+y1^5*y2^2*B^3+y1^4*y2^3*B^3+y2^7*B^3+y1^7*B^2+y1^6*y2*B^2+y1^4*y2^3*B^2+y1*y2^6*B^2+y2^7*B^2+y1^5*y2^2*B+y1*y2^6*B+y2^7*B+y1^7+y1^4*y2^3+y1^3*y2^4+y1^2*y2^5+y2^7
LAMBDA 15 10 y1^7*y2*B^6+y1*y2^7*B^6+y1^6*y2^2*B^5+y1^4*y2^4*B^5+y1^3*y2^5*B^5+y1^6*y2^2*B^4+y1^3*y2^5*B^4+y1^2*y2^6*B^4+y1*y2^7*B^4+y1^3*y2^5*B^3+y1^2*y2^6*B^3+y1*y2^7*B^3+y1^7*y2*B^2+y1^6*y2^2*B^2+y1^4*y2^4*B^2+y1^3*y2^5*B^2+y1^2*y2^6*B^2+y1*y2^7*B^2+y1^5*y2^3*B+y1^3*y2^5*B+y1^2*y2^6*B+y1*y2^7*B+y1^6*y2^2+y1*y2^7
LAMBDA 15 11 y1^7*B^10+y1^4*y2^3*B^10+y1^2*y2^5*B^10+y1*y2^6*B^10+y2^7*B^10+y1^7*B^9+y1^5*y2^2*B^9+y1^4*y2^3*B^9+y1^3*y2^4*B^9+y1*y2^6*B^9+y2^7*B^9+y1^7*B^8+y1^4*y2^3*B^8+y1^2*y2^5*B^8+y1*y2^6*B^8+y2^7*B^8+y1^5*y2^2*B^7+y1^3*y2^4*B^7+y1^2*y2^5*B^7+y1*y2^6*B^7+y2^7*B^7+y1^7*B^6+y1^2*y2^5*B^6+y1^6*y2*B^5+y1*y2^6*B^5+y1^6*y2*B^4+y1^4*y2^3*B^4+y1^3*y2^4*B^4+y1*y2^6*B^4+y2^7*B^4+y1^7*B^3+y1^6*y2*B^3+y1^4*y2^3*B^3+y1^3*y2^4*B^3+y1^2*y2^5*B^3+y2^7*B^3+y1^4*y2^3*B^2+y1^3*y2^4*B^2+y1^2*y2^5*B^2+y1*y2^6*B^2+y2^7*B^2+y1^5*y2^2*B+y1^3*y2^4*B+y2^7*B+y1^7+y1^6*y2+y1^5*y2^2+y1^4*y2^3+y1^2*y2^5+y1*y2^6
LAMBDA 15 12 y1^7*B^6+y1^4*y2^3*B^6+y1^6*y2*B^5+y1^5*y2^2*B^5+y1^4*y2^3*B^5+y1^6*y2*B^4+y1^5*y2^2*B^4+y1^5*y2^2*B^3+y1^3*y2^4*B^3+y1^7*B^2+y1^6*y2*B^2+y1^5*y2^2*B^2+y1^4*y2^3*B^2+y1^2*y2^5*B^2+y1^5*y2^2*B+y1^4*y2^3*B+y1^2*y2^5*B+y1^6*y2
LAMBDA 15 13 y1^3*y2^4*B^10+y2^7*B^10+y1^3*y2^4*B^9+y1^2*y2^5*B^9+y2^7*B^9+y1^2*y2^5*B^8+y1^3*y2^4*B^7+y2^7*B^6+y1^2*y2^5*B^5+y1*y2^6*B^5+y1^2*y2^5*B^4+y1*y2^6*B^4+y1^2*y2^5*B^3+y1*y2^6*B^2+y2^7*B+y1^2*y2^5
LAMBDA 15 14 y1^7*y2*B^10+y1*y2^7*B^10+y1^7*y2*B^9+y1^5*y2^3*B^9+y1^3*y2^5*B^9+y1^2*y2^6*B^9+y1^7*y2*B^8+y1^4*y2^4*B^8+y1^2*y2^6*B^8+y1*y2^7*B^8+y1^7*y2*B^7+y1^6*y2^2*B^7+y1^4*y2^4*B^7+y1^2*y2^6*B^7+y1^7*y2*B^6+y1^6*y2^2*B^6+y1^2*y2^6*B^6+y1*y2^7*B^6+y1^7*y2*B^5+y1^7*y2*B^4+y1^6*y2^2*B^4+y1^3*y2^5*B^4+y1*y2^7*B^4+y1^7*y2*B^3+y1^6*y2^2*B^3+y1^5*y2^3*B^3+y1^2*y2^6*B^3+y1*y2^7*B^3+y1^4*y2^4*B^2+y1^3*y2^5*B^2+y1^6*y2^2*B+y1^4*y2^4*B+y1^3*y2^5*B+y1*y2^7*B+y1^6*y2^2+y1^5*y2^3+y1^3*y2^5+y1^2*y2^6
LAMBDA 15 15 y1^7*B^10+y1^4*y2^3*B^10+y1^2*y2^5*B^10+y1*y2^6*B^10+y2^7*B^10+y1^7*B^9+y1^5*y2^2*B^9+y1^4*y2^3*B^9+y1^3*y2^4*B^9+y1*y2^6*B^9+y2^7*B^9+y1^7*B^8+y1^4*y2^3*B^8+y1^2*y2^5*B^8+y1*y2^6*B^8+y2^7*B^8+y1^7*B^7+y1^6*y2*B^7+y1^4*y2^3*B^7+y1^3*y2^4*B^7+y1^2*y2^5*B^7+y1^7*B^6+y1^6*y2*B^6+y1^4*y2^3*B^6+y1^2*y2^5*B^6+y2^7*B^6+y1^7*B^5+y1^4*y2^3*B^5+y2^7*B^5+y1^7*B^4+y1^6*y2*B^4+y1^3*y2^4*B^4+y1^2*y2^5*B^4+y2^7*B^4+y1^7*B^3+y1^6*y2*B^3+y1^5*y2^2*B^3+y1^3*y2^4*B^3+y1^2*y2^5*B^3+y1*y2^6*B^3+y1^4*y2^3*B^2+y1^6*y2*B+y1^4*y2^3*B+y1^6*y2+y1^5*y2^2+y1^3*y2^4
LAMBDA 15 16 y1^7*B^10+y1^4*y2^3*B^10+y1^2*y2^5*B^10+y1*y2^6*B^10+y2^7*B^10+y1^7*B^9+y1^4*y2^3*B^9+y1^2*y2^5*B^9+y1*y2^6*B^9+y2^7*B^9+y1^7*B^8+y1^4*y2^3*B^8+y1^2*y2^5*B^8+y1*y2^6*B^8+y2^7*B^8+y1^7*B^7+y1^6*y2*B^7+y1^5*y2^2*B^7+y1^4*y2^3*B^7+y1*y2^6*B^7+y2^7*B^7+y1^7*B^6+y1^6*y2*B^6+y1^2*y2^5*B^6+y1^7*B^5+y1^5*y2^2*B^5+y1^4*y2^3*B^5+y1*y2^6*B^5+y1^7*B^4+y1^6*y2*B^4+y1*y2^6*B^4+y2^7*B^4+y1^7*B^3+y1^6*y2*B^3+y1^4*y2^3*B^3+y1^3*y2^4*B^3+y2^7*B^3+y1^4*y2^3*B^2+y1^3*y2^4*B^2+y1^2*y2^5*B^2+y1*y2^6*B^2+y2^7*B^2+y1^6*y2*B+y1^4*y2^3*B+y1^2*y2^5*B+y2^7*B+y1^6*y2+y1^5*y2^2+y1^4*y2^3+y1^3*y2^4+y1^2*y2^5+y1*y2^6
LAMBDA 15 17 0
LAMBDA 15 18 y1^3*y2^4*B^9+y1*y2^6*B^9+y2^7*B^9+y1^2*y2^5*B^7+y1^2*y2^5*B^6+y1*y2^6*B^6+y2^7*B^6+y1^3*y2^4*B^5+y1^2*y2^5*B^5+y1^3*y2^4*B^4+y1^3*y2^4*B^3+y1^2*y2^5*B^3+y1*y2^6*B^3+y2^7*B^3+y1^3*y2^4*B^2+y1*y2^6*B^2+y2^7*B^2+y1^3*y2^4*B+y2^7*B+y1^3*y2^4+y1*y2^6+y2^7
LAMBDA 15 19 y1^3*y2^4*B^6+y2^7*B^6+y1^3*y2^4*B^5+y1^2*y2^5*B^5+y1*y2^6*B^4+y2^7*B^4+y1^3*y2^4*B^3+y1^2*y2^5*B^3+y1*y2^6*B^3+y1^3*y2^4*B^2+y1*y2^6*B^2+y2^7*B^2+y1*y2^6*B+y2^7
LAMBDA 15 20 0
LAMBDA 15 21 y1^2*y2^5*B^6+y1^2*y2^5*B^5+y2^7*B^4+y2^7*B^3+y1^2*y2^5*B^2+y2^7*B^2+y1^4*y2^3*B+y2^7*B+y1^4*y2^3+y1^2*y2^5
NONEX 16 y1^16*y2^6*B^9+y1^4*y2^18*B^9+y1^10*y2^12*B^7+y1^9*y2^13*B^7+y1^8*y2^14*B^7+y1^6*y2^16*B^7+y1^5*y2^17*B^7+y1^4*y2^18*B^7+y1^12*y2^10*B^5+y1^9*y2^13*B^5+y1^5*y2^17*B^5+y1^4*y2^18*B^5+y1^10*y2^12*B^3+y1^9*y2^13*B^3+y1^8*y2^14*B^3+y1^6*y2^16*B^3+y1^5*y2^17*B^3+y1^4*y2^18*B^3+y1^16*y2^6*B+y1^12*y2^10*B+y1^9*y2^13*B+y1^5*y2^17*B
LAMBDA 16 0 0
LAMBDA 16 1 y1^7*y2*B^9+y1^5*y2^3*B^9+y1^3*y2^5*B^9+y1^6*y2^2*B^8+y1^4*y2^4*B^8+y1^3*y2^5*B^8+y1*y2^7*B^8+y1^7*y2*B^7+y1^5*y2^3*B^7+y1^3*y2^5*B^7+y1^2*y2^6*B^7+y1*y2^7*B^7+y1^7*y2*B^6+y1^6*y2^2*B^6+y1^4*y2^4*B^6+y1^3*y2^5*B^6+y1^2*y2^6*B^6+y1*y2^7*B^6+y1^7*y2*B^5+y1^4*y2^4*B^5+y1^3*y2^5*B^5+y1^2*y2^6*B^5+y1*y2^7*B^5+y1^7*y2*B^4+y1^6*y2^2*B^4+y1^5*y2^3*B^4+y1^3*y2^5*B^4+y1*y2^7*B^4+y1^7*y2*B^3+y1^6*y2^2*B^3+y1^4*y2^4*B^3+y1^3*y2^5*B^3+y1^2*y2^6*B^3+y1^4*y2^4*B^2+y1^3*y2^5*B^2+y1^2*y2^6*B^2+y1*y2^7*B^2+y1^5*y2^3*B+y1*y2^7*B+y1^6*y2^2+y1^5*y2^3+y1^4*y2^4+y1^3*y2^5+y1*y2^7
LAMBDA 16 2 y1^7*B^9+y1^5*y2^2*B^9+y1^6*y2*B^8+y1^4*y2^3*B^8+y1^7*B^7+y1^5*y2^2*B^7+y1^4*y2^3*B^7+y1^7*B^6+y1^6*y2*B^6+y1^4*y2^3*B^6+y1^7*B^5+y1^4*y2^3*B^5+y1^7*B^4+y1^6*y2*B^4+y1^5*y2^2*B^4+y1^7*B^3+y1^6*y2*B^3+y1^4*y2^3*B^3+y1^5*y2^2*B+y1^4*y2^3*B+y1^6*y2+y1^5*y2^2
LAMBDA 16 3 y1^6*y2^2*B^10+y1^5*y2^3*B^10+y1^4*y2^4*B^10+y1^3*y2^5*B^10+y1^2*y2^6*B^10+y1*y2^7*B^10+y1^6*y2^2*B^9+y1^5*y2^3*B^9+y1^4*y2^4*B^9+y1^3*y2^5*B^9+y1^2*y2^6*B^9+y1*y2^7*B^9+y1^6*y2^2*B^8+y1^4*y2^4*B^8+y1^6*y2^2*B^7+y1^4*y2^4*B^7+y1^3*y2^5*B^7+y1*y2^7*B^7+y1^7*y2*B^6+y1^6*y2^2*B^6+y1^2*y2^6*B^6+y1*y2^7*B^6+y1^7*y2*B^5+y1^6*y2^2*B^5+y1^4*y2^4*B^5+y1^3*y2^5*B^5+y1^7*y2*B^4+y1^5*y2^3*B^4+y1^7*y2*B^3+y1^6*y2^2*B^3+y1^5*y2^3*B^3+y1^4*y2^4*B^3+y1^4*y2^4*B^2+y1^3*y2^5*B^2+y1^7*y2*B+y1^4*y2^4*B+y1^3*y2^5*B+y1^2*y2^6*B+y1^7*y2+y1^4*y2^4
LAMBDA 16 4 y1^6*y2*B^10+y1^5*y2^2*B^10+y1^4*y2^3*B^10+y1^7*B^9+y1^6*y2*B^9+y1^4*y2^3*B^9+y1^5*y2^2*B^8+y1^4*y2^3*B^8+y1^7*B^7+y1^6*y2*B^7+y1^5*y2^2*B^7+y1^4*y2^3*B^6+y1^6*y2*B^5+y1^4*y2^3*B^5+y1^6*y2*B^4+y1^5*y2^2*B^4+y1^4*y2^3*B^4+y1^5*y2^2*B^3+y1^5*y2^2*B^2+y1^7*B+y1^5*y2^2*B+y1^7+y1^6*y2+y1^5*y2^2
LAMBDA 16 5 y1^6*y2^2*B^10+y1^5*y2^3*B^10+y1^4*y2^4*B^10+y1^3*y2^5*B^10+y1^2*y2^6*B^10+y1*y2^7*B^10+y1^7*y2*B^9+y1^6*y2^2*B^9+y1^2*y2^6*B^9+y1*y2^7*B^9+y1^6*y2^2*B^8+y1*y2^7*B^8+y1^6*y2^2*B^7+y1^5*y2^3*B^7+y1^3*y2^5*B^7+y1^2*y2^6*B^7+y1^7*y2*B^6+y1^6*y2^2*B^6+y1^5*y2^3*B^6+y1^4*y2^4*B^6+y1^6*y2^2*B^5+y1^5*y2^3*B^5+y1^3*y2^5*B^5+y1*y2^7*B^5+y1^5*y2^3*B^4+y1^4*y2^4*B^4+y1^7*y2*B^3+y1^5*y2^3*B^3+y1^3*y2^5*B^3+y1*y2^7*B^3+y1^7*y2*B^2+y1^6*y2^2*B^2+y1^6*y2^2*B+y1^5*y2^3*B+y1^3*y2^5*B+y1*y2^7*B+y1^5*y2^3+y1^4*y2^4+y1^3*y2^5+y1^2*y2^6
LAMBDA 16 6 y1^7*B^9+y1^5*y2^2*B^9+y1^4*y2^3*B^9+y1^4*y2^3*B^8+y1^5*y2^2*B^7+y1^4*y2^3*B^7+y1^5*y2^2*B^6+y1^4*y2^3*B^6+y1^7*B^5+y1^4*y2^3*B^5+y1^7*B^4+y1^6*y2*B^3+y1^5*y2^2*B^3+y1^4*y2^3*B^3+y1^7*B^2+y1^6*y2*B^2+y1^7*B+y1^6*y2*B+y1^5*y2^2*B+y1^7
LAMBDA 16 7 y1^2*y2^5*B^9+y1^2*y2^5*B^8+y2^7*B^8+y1^3*y2^4*B^7+y1^2*y2^5*B^7+y1*y2^6*B^7+y2^7*B^7+y1^2*y2^5*B^6+y1*y2^6*B^6+y2^7*B^6+y1^2*y2^5*B^5+y1*y2^6*B^5+y2^7*B^5+y1^2*y2^5*B^4+y2^7*B^4+y1^2*y2^5*B^3+y1*y2^6*B^3+y1^3*y2^4*B^2+y1^2*y2^5*B^2+y1*y2^6*B^2+y2^7*B^2+y1^3*y2^4*B+y2^7*B+y1^3*y2^4+y1^2*y2^5+y2^7
LAMBDA 16 8 y1^7*y2*B^10+y1*y2^7*B^10+y1^7*y2*B^9+y1*y2^7*B^9+y1^4*y2^4*B^8+y1^2*y2^6*B^8+y1^7*y2*B^7+y1^5*y2^3*B^7+y1^3*y2^5*B^7+y1^2*y2^6*B^7+y1^7*y2*B^6+y1^6*y2^2*B^6+y1^5*y2^3*B^6+y1*y2^7*B^6+y1^7*y2*B^5+y1^6*y2^2*B^5+y1^5*y2^3*B^5+y1^3*y2^5*B^5+y1^2*y2^6*B^5+y1*y2^7*B^5+y1^6*y2^2*B^4+y1^4*y2^4*B^4+y1^7*y2*B^3+y1^6*y2^2*B^3+y1^5*y2^3*B^3+y1^4*y2^4*B^3+y1^3*y2^5*B^2+y1^2*y2^6*B^2+y1^6*y2^2*B+y1^5*y2^3*B+y1^4*y2^4*B+y1^3*y2^5*B+y1^6*y2^2+y1^3*y2^5
LAMBDA 16 9 y1^7*B^10+y1^4*y2^3*B^10+y1^2*y2^5*B^10+y1*y2^6*B^10+y2^7*B^10+y1^7*B^9+y1^4*y2^3*B^9+y1^2*y2^5*B^9+y1*y2^6*B^9+y2^7*B^9+y1^7*B^7+y1^5*y2^2*B^7+y1^3*y2^4*B^7+y1^2*y2^5*B^7+y2^7*B^7+y1^7*B^6+y1^6*y2*B^6+y1^5*y2^2*B^6+y1*y2^6*B^6+y2^7*B^6+y1^7*B^5+y1^6*y2*B^5+y1^5*y2^2*B^5+y1^4*y2^3*B^5+y1^3*y2^4*B^5+y1^2*y2^5*B^5+y1^6*y2*B^4+y1^4*y2^3*B^4+y1^7*B^3+y1^6*y2*B^3+y1^5*y2^2*B^3+y1^4*y2^3*B^3+y1^3*y2^4*B^2+y1^2*y2^5*B^2+y1^6*y2*B+y1^5*y2^2*B+y1^4*y2^3*B+y1^3*y2^4*B+y1^2*y2^5*B+y1*y2^6*B+y1^6*y2+y1^3*y2^4
LAMBDA 16 10 y1^5*y2^3*B^5+y1^4*y2^4*B^5+y1^2*y2^6*B^5+y1*y2^7*B^5+y1^6*y2^2*B^4+y1^5*y2^3*B^4+y1^3*y2^5*B^4+y1*y2^7*B^4+y1^6*y2^2*B^3+y1^5*y2^3*B^3+y1^6*y2^2*B^2+y1^5*y2^3*B^2+y1^4*y2^4*B^2+y1^3*y2^5*B^2+y1^2*y2^6*B^2+y1*y2^7*B^2+y1^6*y2^2*B+y1*y2^7*B
LAMBDA 16 11 y1^7*B^10+y1^4*y2^3*B^10+y1^2*y2^5*B^10+y1*y2^6*B^10+y2^7*B^10+y1^7*B^9+y1^5*y2^2*B^9+y1^4*y2^3*B^9+y1^3*y2^4*B^9+y1*y2^6*B^9+y2^7*B^9+y2^7*B^8+y1^7*B^7+y1^5*y2^2*B^7+y1^3*y2^4*B^7+y1^2*y2^5*B^7+y1*y2^6*B^7+y1^7*B^6+y1^6*y2*B^6+y1^3*y2^4*B^6+y1^7*B^5+y1^6*y2*B^5+y1^4*y2^3*B^5+y1^2*y2^5*B^5+y2^7*B^5+y1^4*y2^3*B^4+y1^3*y2^4*B^4+y1^7*B^3+y1^5*y2^2*B^3+y1^3*y2^4*B^3+y1^2*y2^5*B^3+y2^7*B^3+y1^6*y2*B^2+y1^5*y2^2*B^2+y1^4*y2^3*B^2+y1^5*y2^2*B+y1^4*y2^3*B+y1^2*y2^5*B+y2^7*B+y1^6*y2+y1^4*y2^3+y1^3*y2^4+y1^2*y2^5+y1*y2^6
LAMBDA 16 12 y1^5*y2^2*B^5+y1^6*y2*B^4+y1^5*y2^2*B^4+y1^3*y2^4*B^4+y1^6*y2*B^3+y1^5*y2^2*B^3+y1^4*y2^3*B^3+y1^3*y2^4*B^3+y1^6*y2*B^2+y1^5*y2^2*B^2+y1^4*y2^3*B^2+y1^6*y2*B
LAMBDA 16 13 y1^3*y2^4*B^10+y2^7*B^10+y1^3*y2^4*B^9+y1^2*y2^5*B^9+y2^7*B^9+y1*y2^6*B^8+y2^7*B^8+y1^3*y2^4*B^7+y1^2*y2^5*B^7+y2^7*B^7+y1^2*y2^5*B^6+y1*y2^6*B^6+y1^3*y2^4*B^5+y1^3*y2^4*B^4+y2^7*B^4+y1^2*y2^5*B^3+y1*y2^6*B^3+y2^7*B^2+y1^3*y2^4*B+y2^7*B+y1^3*y2^4+y2^7
LAMBDA 16 14 y1^7*y2*B^10+y1*y2^7*B^10+y1^7*y2*B^9+y1^5*y2^3*B^9+y1^3*y2^5*B^9+y1^2*y2^6*B^9+y1^6*y2^2*B^8+y1^3*y2^5*B^8+y1^2*y2^6*B^8+y1*y2^7*B^8+y1^6*y2^2*B^7+y1*y2^7*B^7+y1^4*y2^4*B^6+y1*y2^7*B^6+y1^7*y2*B^5+y1^6*y2^2*B^5+y1^7*y2*B^4+y1^6*y2^2*B^4+y1^7*y2*B^3+y1^6*y2^2*B^3+y1^5*y2^3*B^3+y1^4*y2^4*B^3+y1^3*y2^5*B^3+y1^2*y2^6*B^3+y1^7*y2*B^2+y1^5*y2^3*B^2+y1^4*y2^4*B^2+y1^3*y2^5*B^2+y1^7*y2*B+y1^4*y2^4*B+y1^2*y2^6*B+y1*y2^7*B+y1^7*y2+y1^6*y2^2+y1^5*y2^3+y1*y2^7
LAMBDA 16 15 y1^7*B^10+y1^4*y2^3*B^10+y1^2*y2^5*B^10+y1*y2^6*B^10+y2^7*B^10+y1^7*B^9+y1^5*y2^2*B^9+y1^4*y2^3*B^9+y1^3*y2^4*B^9+y1*y2^6*B^9+y2^7*B^9+y1^6*y2*B^8+y1^4*y2^3*B^8+y1^6*y2*B^7+y1^4*y2^3*B^7+y1^3*y2^4*B^7+y1^2*y2^5*B^7+y2^7*B^7+y1^2*y2^5*B^6+y1*y2^6*B^6+y2^7*B^6+y1^7*B^5+y1^6*y2*B^5+y1^2*y2^5*B^5+y1*y2^6*B^5+y2^7*B^5+y1^7*B^4+y1^6*y2*B^4+y1^2*y2^5*B^4+y2^7*B^4+y1^7*B^3+y1^6*y2*B^3+y1^5*y2^2*B^3+y1^3*y2^4*B^3+y1^7*B^2+y1^5*y2^2*B^2+y1^3*y2^4*B^2+y1*y2^6*B^2+y2^7*B^2+y1^7*B+y1^4*y2^3*B+y1^2*y2^5*B+y1*y2^6*B+y2^7*B+y1^7+y1^6*y2+y1^5*y2^2+y1^3*y2^4
LAMBDA 16 16 y1^7*B^10+y1^4*y2^3*B^10+y1^2*y2^5*B^10+y1*y2^6*B^10+y2^7*B^10+y1^7*B^9+y1^4*y2^3*B^9+y1^2*y2^5*B^9+y1*y2^6*B^9+y2^7*B^9+y1^6*y2*B^8+y1^4*y2^3*B^8+y2^7*B^8+y1^6*y2*B^7+y1^3*y2^4*B^7+y1*y2^6*B^7+y1^2*y2^5*B^6+y1^7*B^5+y1^6*y2*B^5+y1^3*y2^4*B^5+y2^7*B^5+y1^7*B^4+y1^6*y2*B^4+y1^5*y2^2*B^4+y1^4*y2^3*B^4+y1^7*B^3+y1^6*y2*B^3+y1^5*y2^2*B^3+y1^2*y2^5*B^3+y2^7*B^3+y1^7*B^2+y1^4*y2^3*B^2+y1^3*y2^4*B^2+y1^2*y2^5*B^2+y1^7*B+y1^3*y2^4*B+y2^7*B+y1^7+y1^6*y2+y1^4*y2^3+y1^2*y2^5+y1*y2^6
LAMBDA 16 17 0
LAMBDA 16 18 y1^3*y2^4*B^9+y1*y2^6*B^9+y2^7*B^9+y1^2*y2^5*B^8+y2^7*B^8+y1^3*y2^4*B^7+y1^2*y2^5*B^7+y1*y2^6*B^7+y2^7*B^7+y1^3*y2^4*B^5+y2^7*B^5+y1^3*y2^4*B^4+y1^3*y2^4*B^2+y1*y2^6*B^2+y1*y2^6*B+y2^7*B+y1^2*y2^5+y2^7
LAMBDA 16 19 y2^7*B^5+y2^7*B^4+y1^2*y2^5*B^3+y1*y2^6*B^3+y1^2*y2^5*B^2+y1*y2^6*B^2+y2^7*B^2+y2^7*B
LAMBDA 16 20 0
LAMBDA 16 21 y1^4*y2^3*B^6+y1*y2^6*B^6+y1^4*y2^3*B^5+y1*y2^6*B^5+y1^2*y2^5*B^4+y1*y2^6*B^4+y1^2*y2^5*B^3+y1*y2^6*B^3+y1^4*y2^3*B^2+y1^2*y2^5*B^2+y1^4*y2^3*B+y1^2*y2^5*B
