NONEX 1 y1^6*y2^3*B+y1^5*y2^4*B+y1^4*y2^5*B+y1^3*y2^6*B+y1^6*y2^3+y1^5*y2^4+y1^4*y2^5+y1^3*y2^6
LAMBDA 1 0 0
LAMBDA 1 1 0
LAMBDA 1 2 0
LAMBDA 1 3 y1^2*B
LAMBDA 1 4 y1^2
LAMBDA 1 5 0
LAMBDA 1 6 0
LAMBDA 1 7 y1*y2
LAMBDA 1 8 y1^2*B+y1^2
LAMBDA 1 9 y2^2*B
LAMBDA 1 10 y1*y2
LAMBDA 1 11 y1^2*B+y2^2*B+y1^2+y2^2
LAMBDA 1 12 y2^2
LAMBDA 1 13 y2^2*B+y2^2
NONEX 2 y1^7*y2^2*B+y1^5*y2^4*B+y1^4*y2^5*B+y1^2*y2^7*B+y1^7*y2^2+y1^5*y2^4+y1^4*y2^5+y1^2*y2^7
LAMBDA 2 0 0
LAMBDA 2 1 y1^2*y2+y1*y2^2
LAMBDA 2 2 y1^2
LAMBDA 2 3 y1^2*B+y1^2
LAMBDA 2 4 y1^2
LAMBDA 2 5 y2^2
LAMBDA 2 6 0
LAMBDA 2 7 y1^2
LAMBDA 2 8 y1^2+y1*y2
LAMBDA 2 9 y2^2*B+y2^2
LAMBDA 2 10 y2^2
LAMBDA 2 11 0
LAMBDA 2 12 y2^2
LAMBDA 2 13 y1*y2+y2^2
NONEX 3 y1^7*y2^3+y1^3*y2^7
LAMBDA 3 0 0
LAMBDA 3 1 y1*y2^3
LAMBDA 3 2 y1^2*y2
LAMBDA 3 3 y1^3*B+y1^3
LAMBDA 3 4 y1^3+y1^2*y2
LAMBDA 3 5 y1*y2^2+y2^3
LAMBDA 3 6 0
LAMBDA 3 7 y1^2*y2+y1*y2^2
LAMBDA 3 8 y1^3+y1^2*y2
LAMBDA 3 9 y1*y2^2*B
LAMBDA 3 10 0
LAMBDA 3 11 y1^2*y2*B+y1*y2^2*B+y2^3*B+y1^2*y2+y1*y2^2+y2^3
LAMBDA 3 12 0
LAMBDA 3 13 y1*y2^2+y2^3
NONEX 4 y1^2*y2^7*B^2+y1*y2^8*B^2+y1^4*y2^5*B+y1^2*y2^7*B+y1^4*y2^5+y1*y2^8
LAMBDA 4 0 0
LAMBDA 4 1 0
LAMBDA 4 2 y1*y2
LAMBDA 4 3 y1^2*B^2+y1^2
LAMBDA 4 4 y1^2*B+y1^2+y1*y2
LAMBDA 4 5 y2^2
LAMBDA 4 6 y2^2
LAMBDA 4 7 y1*y2*B+y1*y2
LAMBDA 4 8 y1^2*B^2+y1*y2*B+y2^2*B+y1^2+y1*y2+y2^2
LAMBDA 4 9 y2^2*B^2
LAMBDA 4 10 y1*y2*B+y1*y2+y2^2
LAMBDA 4 11 y1^2*B^2+y2^2*B^2+y1*y2*B+y1^2+y1*y2+y2^2
LAMBDA 4 12 y2^2*B+y2^2
LAMBDA 4 13 y2^2*B^2+y2^2*B
NONEX 5 y1^5*y2^4*B^2+y1*y2^8*B^2+y1^5*y2^4*B+y1^4*y2^5*B+y1^3*y2^6*B+y1^2*y2^7*B+y1^4*y2^5+y1^3*y2^6+y1^2*y2^7+y1*y2^8
LAMBDA 5 0 0
LAMBDA 5 1 0
LAMBDA 5 2 y1*y2
LAMBDA 5 3 y1^2*B^2+y1^2
LAMBDA 5 4 y1^2*B+y1^2+y1*y2
LAMBDA 5 5 y2^2
LAMBDA 5 6 y1*y2+y2^2
LAMBDA 5 7 y1^2*B+y1*y2*B+y1^2
LAMBDA 5 8 y1^2*B^2+y2^2*B+y1^2+y2^2
LAMBDA 5 9 y2^2*B^2+y2^2
LAMBDA 5 10 y1*y2*B+y1*y2+y2^2
LAMBDA 5 11 y1^2*B^2+y2^2*B^2+y1*y2*B+y2^2*B+y1^2+y1*y2
LAMBDA 5 12 y2^2
LAMBDA 5 13 y2^2*B^2+y2^2*B
NONEX 6 y1^7*y2^2*B^2+y1*y2^8*B^2+y1^5*y2^4*B+y1^4*y2^5*B+y1^3*y2^6*B+y1^2*y2^7*B+y1^7*y2^2+y1^5*y2^4+y1^4*y2^5+y1^3*y2^6+y1^2*y2^7+y1*y2^8
LAMBDA 6 0 0
LAMBDA 6 1 y1^2*y2*B+y1*y2^2*B+y1*y2^2
LAMBDA 6 2 y1^2*B+y1*y2
LAMBDA 6 3 y1^2*B^2+y1^2*B+y1^2
LAMBDA 6 4 y1*y2
LAMBDA 6 5 y2^2*B
LAMBDA 6 6 y1*y2+y2^2
LAMBDA 6 7 y1*y2
LAMBDA 6 8 y1^2*B+y2^2*B+y1^2+y2^2
LAMBDA 6 9 y2^2*B^2+y2^2*B
LAMBDA 6 10 y2^2
LAMBDA 6 11 y2^2*B+y2^2
LAMBDA 6 12 y2^2
LAMBDA 6 13 y1*y2*B+y2^2*B+y1*y2+y2^2
NONEX 7 y1^8*y2*B^2+y1*y2^8*B^2+y1^5*y2^4*B+y1^3*y2^6*B+y1^8*y2+y1^5*y2^4+y1^3*y2^6+y1*y2^8
LAMBDA 7 0 0
LAMBDA 7 1 y1^2*y2*B+y1*y2^2*B+y1^2*y2
LAMBDA 7 2 y1^2*B+y1*y2
LAMBDA 7 3 0
LAMBDA 7 4 y1^2*B+y1*y2
LAMBDA 7 5 y2^2*B+y1*y2+y2^2
LAMBDA 7 6 y1^2+y1*y2+y2^2
LAMBDA 7 7 y1*y2*B
LAMBDA 7 8 y1^2*B^2+y2^2*B+y1*y2+y2^2
LAMBDA 7 9 0
LAMBDA 7 10 y1*y2*B+y1*y2
LAMBDA 7 11 y1^2*B^2+y2^2*B^2+y1*y2*B+y2^2*B+y1^2+y1*y2
LAMBDA 7 12 y2^2*B+y1*y2+y2^2
LAMBDA 7 13 y2^2*B^2+y1^2*B+y2^2*B+y1^2+y1*y2+y2^2
NONEX 8 y1^5*y2^5*B+y1^3*y2^7*B+y1^6*y2^4+y1^4*y2^6
LAMBDA 8 0 0
LAMBDA 8 1 y1^2*y2^2+y1*y2^3
LAMBDA 8 2 y1^2*y2
LAMBDA 8 3 y1^3*B+y1^2*y2*B
LAMBDA 8 4 0
LAMBDA 8 5 y2^3
LAMBDA 8 6 0
LAMBDA 8 7 y1^2*y2
LAMBDA 8 8 y1^3*B+y1^3
LAMBDA 8 9 y1*y2^2*B+y2^3*B
LAMBDA 8 10 y1^2*y2+y1*y2^2
LAMBDA 8 11 y1^3*B+y1*y2^2*B+y1^3+y1^2*y2
LAMBDA 8 12 y1*y2^2
LAMBDA 8 13 y1*y2^2*B+y2^3
NONEX 9 y1^4*y2^6*B^2+y1*y2^9*B^2+y1^4*y2^6*B+y1^2*y2^8*B+y1^2*y2^8+y1*y2^9
LAMBDA 9 0 0
LAMBDA 9 1 y1^2*y2^2
LAMBDA 9 2 y1^2*y2+y1*y2^2
LAMBDA 9 3 y1^2*y2*B
LAMBDA 9 4 y1^2*y2*B+y1^2*y2+y1*y2^2
LAMBDA 9 5 y2^3
LAMBDA 9 6 y2^3
LAMBDA 9 7 0
LAMBDA 9 8 y2^3*B+y2^3
LAMBDA 9 9 y2^3*B
LAMBDA 9 10 y2^3*B
LAMBDA 9 11 0
LAMBDA 9 12 0
LAMBDA 9 13 0
