=== batch 5: --tree compact --fill-domain notail --code-rule own (the compact complete-term tree simulated by the decoder; code labels whose own filling row is not pinned to them)
=== --tree compact --fill-domain notail --code-rule own --L2 2 --e 1 --w 1 --h 2 --labels 2 --seed 1
|Phi_e| = 2016, fillings per restriction at most 6, pairs at most 12096
{"L": 3, "L2": 2, "n": 8, "N": 4, "e": 1, "w": 1, "h": 2, "seed": 1, "labels": 2, "hole_always": false, "encoding": "node", "fill_domain": "notail", "pin_test": false, "skip_killed": false, "code_rule": "own", "tree": "compact", "X": [6, 7], "pairs": 6720, "G": 6720, "bad": 5862, "bad_G": 5862, "rich_G": 5094, "rich_offG": 0, "fail_G": 0, "fail_offG": 0, "max_height": 2}
Exit 0; log: research/logs/weak_sparse_pinning_20260918_208-49484746bf.output.txt
=== --tree compact --fill-domain notail --code-rule own --L2 2 --e 2 --w 1 --h 3 --labels 2 --seed 3
|Phi_e| = 432, fillings per restriction at most 42, pairs at most 18144
{"L": 3, "L2": 2, "n": 8, "N": 4, "e": 2, "w": 1, "h": 3, "seed": 3, "labels": 2, "hole_always": false, "encoding": "node", "fill_domain": "notail", "pin_test": false, "skip_killed": false, "code_rule": "own", "tree": "compact", "X": [4, 7], "pairs": 5040, "G": 5040, "bad": 2538, "bad_G": 2538, "rich_G": 136, "rich_offG": 0, "fail_G": 0, "fail_offG": 0, "max_height": 3}
Exit 0; log: research/logs/weak_sparse_pinning_20260918_208-53c1a42c50.output.txt
=== --tree compact --fill-domain notail --code-rule own --L2 2 --e 2 --w 1 --h 3 --labels 0 --seed 4
|Phi_e| = 432, fillings per restriction at most 42, pairs at most 18144
{"L": 3, "L2": 2, "n": 8, "N": 4, "e": 2, "w": 1, "h": 3, "seed": 4, "labels": 0, "hole_always": false, "encoding": "node", "fill_domain": "notail", "pin_test": false, "skip_killed": false, "code_rule": "own", "tree": "compact", "X": [1, 2, 3, 4], "pairs": 7560, "G": 1260, "bad": 3318, "bad_G": 568, "rich_G": 492, "rich_offG": 1567, "fail_G": 0, "fail_offG": 0, "max_height": 3}
Exit 0; log: research/logs/weak_sparse_pinning_20260918_208-bc7b54a4d3.output.txt
=== --tree compact --fill-domain notail --code-rule own --L2 2 --e 2 --w 2 --h 3 --labels 2 --seed 5 --terms 8 --pinned-rows 4
|Phi_e| = 432, fillings per restriction at most 42, pairs at most 18144
{"L": 3, "L2": 2, "n": 8, "N": 4, "e": 2, "w": 2, "h": 3, "seed": 5, "labels": 2, "hole_always": false, "encoding": "node", "fill_domain": "notail", "pin_test": false, "skip_killed": false, "code_rule": "own", "tree": "compact", "X": [0, 2], "pairs": 3024, "G": 1512, "bad": 2099, "bad_G": 1102, "rich_G": 450, "rich_offG": 459, "fail_G": 0, "fail_offG": 0, "max_height": 3}
Exit 0; log: research/logs/weak_sparse_pinning_20260918_208-02762902c1.output.txt
=== --tree compact --fill-domain notail --code-rule own --L2 2 --e 2 --w 1 --h 3 --labels 1 --seed 6 --terms 7 --pinned-rows 6
|Phi_e| = 432, fillings per restriction at most 42, pairs at most 18144
{"L": 3, "L2": 2, "n": 8, "N": 4, "e": 2, "w": 1, "h": 3, "seed": 6, "labels": 1, "hole_always": false, "encoding": "node", "fill_domain": "notail", "pin_test": false, "skip_killed": false, "code_rule": "own", "tree": "compact", "X": [5], "pairs": 7560, "G": 7560, "bad": 6456, "bad_G": 6456, "rich_G": 5264, "rich_offG": 0, "fail_G": 0, "fail_offG": 0, "max_height": 3}
Exit 0; log: research/logs/weak_sparse_pinning_20260918_208-44dc6344c1.output.txt
=== --tree compact --fill-domain notail --code-rule own --L2 2 --e 2 --w 1 --h 4 --labels 2 --seed 7 --terms 8 --pinned-rows 5
|Phi_e| = 432, fillings per restriction at most 42, pairs at most 18144
{"L": 3, "L2": 2, "n": 8, "N": 4, "e": 2, "w": 1, "h": 4, "seed": 7, "labels": 2, "hole_always": false, "encoding": "node", "fill_domain": "notail", "pin_test": false, "skip_killed": false, "code_rule": "own", "tree": "compact", "X": [4, 5], "pairs": 5040, "G": 2520, "bad": 894, "bad_G": 516, "rich_G": 296, "rich_offG": 176, "fail_G": 0, "fail_offG": 0, "max_height": 4}
Exit 0; log: research/logs/weak_sparse_pinning_20260918_208-faced02c04.output.txt
=== --tree compact --fill-domain notail --code-rule own --L2 2 --e 2 --w 2 --h 4 --labels 3 --seed 8 --terms 9 --pinned-rows 4 --tail-rows 3
|Phi_e| = 432, fillings per restriction at most 42, pairs at most 18144
{"L": 3, "L2": 2, "n": 8, "N": 4, "e": 2, "w": 2, "h": 4, "seed": 8, "labels": 3, "hole_always": false, "encoding": "node", "fill_domain": "notail", "pin_test": false, "skip_killed": false, "code_rule": "own", "tree": "compact", "X": [1, 6, 7], "pairs": 3024, "G": 504, "bad": 836, "bad_G": 100, "rich_G": 0, "rich_offG": 2, "fail_G": 0, "fail_offG": 0, "max_height": 4}
Exit 0; log: research/logs/weak_sparse_pinning_20260918_208-787b94af76.output.txt
=== --tree compact --fill-domain notail --code-rule own --L2 2 --e 2 --w 1 --h 3 --labels 3 --seed 9 --terms 8 --pinned-rows 4
|Phi_e| = 432, fillings per restriction at most 42, pairs at most 18144
{"L": 3, "L2": 2, "n": 8, "N": 4, "e": 2, "w": 1, "h": 3, "seed": 9, "labels": 3, "hole_always": false, "encoding": "node", "fill_domain": "notail", "pin_test": false, "skip_killed": false, "code_rule": "own", "tree": "compact", "X": [0, 2, 4], "pairs": 3024, "G": 504, "bad": 1762, "bad_G": 300, "rich_G": 0, "rich_offG": 516, "fail_G": 0, "fail_offG": 0, "max_height": 3}
Exit 0; log: research/logs/weak_sparse_pinning_20260918_208-2009f6e26b.output.txt
=== --tree compact --fill-domain notail --code-rule own --L2 2 --e 2 --w 1 --h 3 --labels 0 --seed 10 --terms 7 --pinned-rows 5
|Phi_e| = 432, fillings per restriction at most 42, pairs at most 18144
{"L": 3, "L2": 2, "n": 8, "N": 4, "e": 2, "w": 1, "h": 3, "seed": 10, "labels": 0, "hole_always": false, "encoding": "node", "fill_domain": "notail", "pin_test": false, "skip_killed": false, "code_rule": "own", "tree": "compact", "X": [2, 4, 5, 7], "pairs": 5040, "G": 840, "bad": 2996, "bad_G": 510, "rich_G": 368, "rich_offG": 1303, "fail_G": 0, "fail_offG": 0, "max_height": 3}
Exit 0; log: research/logs/weak_sparse_pinning_20260918_208-d23e2ca0fd.output.txt
=== --tree compact --fill-domain notail --code-rule own --L2 2 --e 2 --w 1 --h 3 --labels 0 --seed 11 --terms 12 --pinned-rows 3
|Phi_e| = 432, fillings per restriction at most 42, pairs at most 18144
{"L": 3, "L2": 2, "n": 8, "N": 4, "e": 2, "w": 1, "h": 3, "seed": 11, "labels": 0, "hole_always": false, "encoding": "node", "fill_domain": "notail", "pin_test": false, "skip_killed": false, "code_rule": "own", "tree": "compact", "X": [0, 1, 3, 6, 7], "pairs": 1512, "G": 0, "bad": 581, "bad_G": 0, "rich_G": 0, "rich_offG": 206, "fail_G": 0, "fail_offG": 0, "max_height": 3}
Exit 0; log: research/logs/weak_sparse_pinning_20260918_208-2c37bfacdd.output.txt
=== --tree compact --fill-domain notail --code-rule own --L2 2 --e 2 --w 1 --h 4 --labels 0 --seed 12 --terms 12 --pinned-rows 4
|Phi_e| = 432, fillings per restriction at most 42, pairs at most 18144
{"L": 3, "L2": 2, "n": 8, "N": 4, "e": 2, "w": 1, "h": 4, "seed": 12, "labels": 0, "hole_always": false, "encoding": "node", "fill_domain": "notail", "pin_test": false, "skip_killed": false, "code_rule": "own", "tree": "compact", "X": [0, 2, 3, 6, 7], "pairs": 3024, "G": 0, "bad": 752, "bad_G": 0, "rich_G": 0, "rich_offG": 103, "fail_G": 0, "fail_offG": 0, "max_height": 4}
Exit 0; log: research/logs/weak_sparse_pinning_20260918_208-5b44ee4df9.output.txt
=== controls: --code-rule any (no exclusion; failures expected off G) and --code-rule avoid-X (fewer rich pairs)
=== --tree compact --fill-domain notail --L2 2 --code-rule any --e 2 --w 1 --h 3 --labels 0 --seed 4
|Phi_e| = 432, fillings per restriction at most 42, pairs at most 18144
{"L": 3, "L2": 2, "n": 8, "N": 4, "e": 2, "w": 1, "h": 3, "seed": 4, "labels": 0, "hole_always": false, "encoding": "node", "fill_domain": "notail", "pin_test": false, "skip_killed": false, "code_rule": "any", "tree": "compact", "X": [1, 2, 3, 4], "pairs": 7560, "G": 1260, "bad": 3318, "bad_G": 568, "rich_G": 492, "rich_offG": 1816, "fail_G": 0, "fail_offG": 184, "max_height": 3}
Exit 0; log: research/logs/weak_sparse_pinning_20260918_208-c3f961fb07.output.txt
=== --tree compact --fill-domain notail --L2 2 --code-rule any --e 2 --w 1 --h 3 --labels 0 --seed 10 --terms 7 --pinned-rows 5
|Phi_e| = 432, fillings per restriction at most 42, pairs at most 18144
{"L": 3, "L2": 2, "n": 8, "N": 4, "e": 2, "w": 1, "h": 3, "seed": 10, "labels": 0, "hole_always": false, "encoding": "node", "fill_domain": "notail", "pin_test": false, "skip_killed": false, "code_rule": "any", "tree": "compact", "X": [2, 4, 5, 7], "pairs": 5040, "G": 840, "bad": 2996, "bad_G": 510, "rich_G": 368, "rich_offG": 1498, "fail_G": 0, "fail_offG": 181, "max_height": 3}
Exit 0; log: research/logs/weak_sparse_pinning_20260918_208-2ded1ac22a.output.txt
=== --tree compact --fill-domain notail --L2 2 --code-rule avoid-X --e 2 --w 1 --h 3 --labels 0 --seed 10 --terms 7 --pinned-rows 5
|Phi_e| = 432, fillings per restriction at most 42, pairs at most 18144
{"L": 3, "L2": 2, "n": 8, "N": 4, "e": 2, "w": 1, "h": 3, "seed": 10, "labels": 0, "hole_always": false, "encoding": "node", "fill_domain": "notail", "pin_test": false, "skip_killed": false, "code_rule": "avoid-X", "tree": "compact", "X": [2, 4, 5, 7], "pairs": 5040, "G": 840, "bad": 2996, "bad_G": 510, "rich_G": 368, "rich_offG": 734, "fail_G": 0, "fail_offG": 0, "max_height": 3}
Exit 0; log: research/logs/weak_sparse_pinning_20260918_208-b9a51888ec.output.txt
BATCH5-DONE
=== control: the skip-the-tail variant (--pin-test --skip-killed --code-rule own on the slack tree) that started the cycle; fails on G
=== --encoding entry --fill-domain notail --pin-test --skip-killed --code-rule own --L2 2 --e 2 --w 1 --h 3 --labels 0 --seed 10 --terms 7 --pinned-rows 5
|Phi_e| = 432, fillings per restriction at most 42, pairs at most 18144
{"L": 3, "L2": 2, "n": 8, "N": 4, "e": 2, "w": 1, "h": 3, "seed": 10, "labels": 0, "hole_always": false, "encoding": "entry", "fill_domain": "notail", "pin_test": true, "skip_killed": true, "code_rule": "own", "tree": "slack", "X": [2, 4, 5, 7], "pairs": 5040, "G": 840, "bad": 2728, "bad_G": 444, "rich_G": 302, "rich_offG": 1018, "fail_G": 120, "fail_offG": 401, "max_height": 3}
Exit 1; log: research/logs/weak_sparse_pinning_20260918_208-f2eac0cfc4.output.txt
=== --encoding entry --fill-domain notail --pin-test --skip-killed --code-rule own --L2 2 --e 2 --w 1 --h 3 --labels 0 --seed 4
|Phi_e| = 432, fillings per restriction at most 42, pairs at most 18144
{"L": 3, "L2": 2, "n": 8, "N": 4, "e": 2, "w": 1, "h": 3, "seed": 4, "labels": 0, "hole_always": false, "encoding": "entry", "fill_domain": "notail", "pin_test": true, "skip_killed": true, "code_rule": "own", "tree": "slack", "X": [1, 2, 3, 4], "pairs": 7560, "G": 1260, "bad": 1719, "bad_G": 268, "rich_G": 192, "rich_offG": 390, "fail_G": 0, "fail_offG": 39, "max_height": 3}
Exit 0; log: research/logs/weak_sparse_pinning_20260918_208-67a7581db8.output.txt
