cycle family standard basis: 9544 elements, 32 s
  triple basis: max degree 11, elements above the bound skipped: 0
cycle triple without block 1: 1930 derivable, running total of 1929 not in the family ideal, 56 s
  triple basis: max degree 11, elements above the bound skipped: 0
cycle triple without block 2: 890 derivable, running total of 2630 not in the family ideal, 60 s
  triple basis: max degree 11, elements above the bound skipped: 0
cycle triple without block 3: 1466 derivable, running total of 3826 not in the family ideal, 75 s
  triple basis: max degree 11, elements above the bound skipped: 0
cycle triple without block 4: 993 derivable, running total of 4346 not in the family ideal, 80 s
cycle three-local augmented basis: 17926 elements, 230 s
cycle family basis: max degree 11, elements above the bound skipped: 0
cycle family consequences within degree 11: 4634; not in the three-local ideal: 0 (least degree 11, 11 meaning none)
cycle done, 347 s
plane4 family standard basis: 8466 elements, 391 s
  triple basis: max degree 11, elements above the bound skipped: 0
plane4 triple without block 1: 2153 derivable, running total of 2152 not in the family ideal, 414 s
  triple basis: max degree 11, elements above the bound skipped: 0
plane4 triple without block 2: 2070 derivable, running total of 3814 not in the family ideal, 431 s
  triple basis: max degree 11, elements above the bound skipped: 0
plane4 triple without block 3: 2132 derivable, running total of 5380 not in the family ideal, 456 s
  triple basis: max degree 11, elements above the bound skipped: 0
plane4 triple without block 4: 2229 derivable, running total of 6569 not in the family ideal, 484 s
plane4 three-local augmented basis: 12111 elements, 668 s
plane4 family basis: max degree 11, elements above the bound skipped: 0
plane4 outside: generator of degree 9 from a basis element of degree 11
plane4 family consequences within degree 11: 6589; not in the three-local ideal: 1 (least degree 9, 11 meaning none)
plane4 done, 872 s
