cycle no cross generators: lowest_fall=7
Run 23891c092f hit its 600 s limit after this line (colon-per-degree implementation).
cycle triple without block 1 done
cycle triple without block 2 done
cycle triple without block 3 done
cycle triple without block 4 done
Run aabab2a0d2 (Bayer derivable step) hit its 600 s limit in the final lowest-fall computation.
cycle triple without block 1 done, 2089 generators, 13 s
cycle triple without block 2 done, 2790 generators, 15 s
cycle triple without block 3 done, 3986 generators, 24 s
cycle triple without block 4 done, 4506 generators, 27 s
Run a385e2aa5f (Bayer lowest-fall step) hit its 600 s limit in the final standard basis of 4506 unreduced generators.
cycle family standard basis: 9544 elements, 164 s
cycle triple without block 1: 1930 derivable, running total of 1929 not in the family ideal, 319 s
cycle triple without block 2: 890 derivable, running total of 2818 not in the family ideal, 402 s
cycle triple without block 3: 1466 derivable, running total of 4283 not in the family ideal, 563 s
Run d744f87ac7 (filtered, incremental) hit its 600 s limit after three triples; degree bound 11 is too heavy for four blocks at h = 3.
--- degree bound 9 ---
cycle family standard basis: 2216 elements, 8 s
cycle triple without block 1: 369 derivable, running total of 368 not in the family ideal, 11 s
cycle triple without block 2: 275 derivable, running total of 642 not in the family ideal, 14 s
cycle triple without block 3: 277 derivable, running total of 918 not in the family ideal, 18 s
cycle triple without block 4: 275 derivable, running total of 1192 not in the family ideal, 21 s
Run 65aef6fa0a (degree bound 9) hit its 600 s limit in the final incremental standard basis (std with 1192 added generators).
--- degree bound 11, slimgb throughout ---
cycle family standard basis: 9544 elements, 32 s
cycle triple without block 1: 1930 derivable, running total of 1929 not in the family ideal, 223 s
cycle triple without block 2: 890 derivable, running total of 2818 not in the family ideal, 326 s
cycle triple without block 3: 1466 derivable, running total of 4283 not in the family ideal, 532 s
Run 22adb3ed07 hit its 600 s limit in the element-by-element reduction of the triples' consequences.
