=== block_forms_image_check.py
{"N": 8, "system": "A", "block": "3-uniform-seed1", "rho": 3, "s": 1, "feasible": false}
{"N": 8, "system": "A", "block": "3-uniform-seed1", "rho": 3, "s": 2, "feasible": false}
{"N": 8, "system": "A", "block": "3-affine-seed1", "rho": 3, "s": 1, "feasible": false}
{"N": 8, "system": "A", "block": "3-affine-seed1", "rho": 3, "s": 2, "feasible": false}
{"N": 8, "system": "A", "block": "3-uniform-seed2", "rho": 3, "s": 1, "feasible": false}
{"N": 8, "system": "A", "block": "3-uniform-seed2", "rho": 3, "s": 2, "feasible": false}
{"N": 8, "system": "A", "block": "4-uniform-seed1", "rho": 4, "s": 1, "feasible": false}
{"N": 8, "system": "A", "block": "4-uniform-seed1", "rho": 4, "s": 2, "feasible": false}
{"N": 8, "system": "B", "block": "3-uniform-seed1", "rho": 3, "s": 1, "feasible": false}
{"N": 8, "system": "B", "block": "3-uniform-seed1", "rho": 3, "s": 2, "feasible": false}
{"N": 8, "system": "B", "block": "3-affine-seed1", "rho": 3, "s": 1, "feasible": false}
{"N": 8, "system": "B", "block": "3-affine-seed1", "rho": 3, "s": 2, "feasible": false}
{"N": 8, "system": "B", "block": "3-uniform-seed2", "rho": 3, "s": 1, "feasible": false}
{"N": 8, "system": "B", "block": "3-uniform-seed2", "rho": 3, "s": 2, "feasible": false}
{"N": 8, "system": "B", "block": "4-uniform-seed1", "rho": 4, "s": 1, "feasible": false}
{"N": 8, "system": "B", "block": "4-uniform-seed1", "rho": 4, "s": 2, "feasible": false}
Exit 0; log: research/logs/augmented_php_degree_20260918_218-2a635326db.output.txt
=== augmented_php_degree.py --N 8 --d 4 (with dim_closure_below_d)
{"N": 8, "d": 4, "blocks": [], "affine": false, "seed": 1, "fake_control": false, "dim_T": 241993, "dim_base_NS": 143643, "dim_NS_with_companions": 143643, "dim_closure": 143643, "dim_closure_below_d": 12729, "closure_rounds": 1, "one_in_closure": false, "dim_closure_old_only": 143643, "seconds": 22.5, "max_rss_mb": 2573}
Exit 0; log: research/logs/augmented_php_degree_20260918_218-464567c957.output.txt
