=== augmented_php_degree.py --N 6 --d 3
{"N": 6, "d": 3, "blocks": [], "affine": false, "seed": 1, "dim_T": 4873, "dim_base_NS": 2793, "dim_NS_with_companions": 2793, "dim_closure": 2793, "closure_rounds": 1, "one_in_closure": false, "seconds": 0.1, "max_rss_mb": 14}
Exit 0; log: research/logs/augmented_php_degree_20260918_218-16a7feb785.output.txt
=== augmented_php_degree.py --N 6 --d 4
{"N": 6, "d": 4, "blocks": [], "affine": false, "seed": 1, "dim_T": 17473, "dim_base_NS": 14094, "dim_NS_with_companions": 14094, "dim_closure": 17473, "closure_rounds": 4, "one_in_closure": true, "seconds": 14.4, "max_rss_mb": 41}
Exit 0; log: research/logs/augmented_php_degree_20260918_218-7ecc278fe1.output.txt
=== augmented_php_degree.py --N 6 --d 3 --blocks 1
{"N": 6, "d": 3, "blocks": [1], "affine": false, "seed": 1, "dim_T": 5546, "dim_base_NS": 3031, "dim_NS_with_companions": 3032, "dim_closure": 3066, "closure_rounds": 1, "one_in_closure": false, "seconds": 0.1, "max_rss_mb": 15}
Exit 0; log: research/logs/augmented_php_degree_20260918_218-b243bace33.output.txt
=== augmented_php_degree.py --N 6 --d 3 --blocks 2
{"N": 6, "d": 3, "blocks": [2], "affine": false, "seed": 1, "dim_T": 6262, "dim_base_NS": 3276, "dim_NS_with_companions": 3278, "dim_closure": 3278, "closure_rounds": 1, "one_in_closure": false, "seconds": 0.1, "max_rss_mb": 15}
Exit 0; log: research/logs/augmented_php_degree_20260918_218-a515508f81.output.txt
=== augmented_php_degree.py --N 6 --d 3 --blocks 3
{"N": 6, "d": 3, "blocks": [3], "affine": false, "seed": 1, "dim_T": 7022, "dim_base_NS": 3528, "dim_NS_with_companions": 3531, "dim_closure": 3531, "closure_rounds": 1, "one_in_closure": false, "seconds": 0.1, "max_rss_mb": 15}
Exit 0; log: research/logs/augmented_php_degree_20260918_218-0e4e1022d4.output.txt
=== augmented_php_degree.py --N 6 --d 3 --blocks 4
{"N": 6, "d": 3, "blocks": [4], "affine": false, "seed": 1, "dim_T": 7827, "dim_base_NS": 3787, "dim_NS_with_companions": 3791, "dim_closure": 3791, "closure_rounds": 1, "one_in_closure": false, "seconds": 0.1, "max_rss_mb": 16}
Exit 0; log: research/logs/augmented_php_degree_20260918_218-f8c3377b2f.output.txt
=== augmented_php_degree.py --N 6 --d 3 --blocks 3,3,3
{"N": 6, "d": 3, "blocks": [3, 3, 3], "affine": false, "seed": 1, "dim_T": 12562, "dim_base_NS": 5187, "dim_NS_with_companions": 5196, "dim_closure": 5196, "closure_rounds": 1, "one_in_closure": false, "seconds": 0.1, "max_rss_mb": 19}
Exit 0; log: research/logs/augmented_php_degree_20260918_218-56d28b1071.output.txt
=== augmented_php_degree.py --N 8 --d 4 --blocks 3
{"N": 8, "d": 4, "blocks": [3], "affine": false, "seed": 1, "dim_T": 339272, "dim_base_NS": 183486, "dim_NS_with_companions": 183680, "dim_closure": 183680, "closure_rounds": 1, "one_in_closure": false, "seconds": 33.2, "max_rss_mb": 4152}
exit 0
=== augmented_php_degree.py --N 8 --d 4 --blocks 3 --affine
{"N": 8, "d": 4, "blocks": [3], "affine": true, "seed": 1, "dim_T": 339272, "dim_base_NS": 183486, "dim_NS_with_companions": 183680, "dim_closure": 183680, "closure_rounds": 1, "one_in_closure": false, "seconds": 32.1, "max_rss_mb": 4151}
exit 0
=== augmented_php_degree.py --N 8 --d 4 --blocks 4
{"N": 8, "d": 4, "blocks": [4], "affine": false, "seed": 1, "dim_T": 376072, "dim_base_NS": 197889, "dim_NS_with_companions": 198150, "dim_closure": 198150, "closure_rounds": 1, "one_in_closure": false, "seconds": 39.4, "max_rss_mb": 4860}
exit 0
=== augmented_php_degree.py --N 8 --d 4 --blocks 3,3
{"N": 8, "d": 4, "blocks": [3, 3], "affine": false, "seed": 1, "dim_T": 456681, "dim_base_NS": 228432, "dim_NS_with_companions": 228838, "dim_closure": 228838, "closure_rounds": 1, "one_in_closure": false, "seconds": 48.7, "max_rss_mb": 6560}
exit 0
=== augmented_php_degree.py --N 8 --d 4 --blocks 2
{"N": 8, "d": 4, "blocks": [2], "affine": false, "seed": 1, "fake_control": false, "dim_T": 304708, "dim_base_NS": 169650, "dim_NS_with_companions": 169778, "dim_closure": 171314, "closure_rounds": 2, "one_in_closure": false, "dim_closure_old_only": 143643, "seconds": 42.6, "max_rss_mb": 3608}
exit 0
=== augmented_php_degree.py --N 8 --d 4 --blocks 3 --seed 2
{"N": 8, "d": 4, "blocks": [3], "affine": false, "seed": 2, "fake_control": false, "dim_T": 339272, "dim_base_NS": 183486, "dim_NS_with_companions": 183680, "dim_closure": 183680, "closure_rounds": 1, "one_in_closure": false, "dim_closure_old_only": 143643, "seconds": 33.8, "max_rss_mb": 4162}
exit 0
=== batch 218 done
