=== augmented_php_degree.py --N 6 --d 3 (with old-only count)
{"N": 6, "d": 3, "blocks": [], "affine": false, "seed": 1, "dim_T": 4873, "dim_base_NS": 2793, "dim_NS_with_companions": 2793, "dim_closure": 2793, "closure_rounds": 1, "one_in_closure": false, "dim_closure_old_only": 2793, "seconds": 0.1, "max_rss_mb": 15}
Exit 0; log: research/logs/augmented_php_degree_20260918_218-c4fe4de730.output.txt
=== augmented_php_degree.py --N 6 --d 3 --blocks 1 (with old-only count)
{"N": 6, "d": 3, "blocks": [1], "affine": false, "seed": 1, "dim_T": 5546, "dim_base_NS": 3031, "dim_NS_with_companions": 3032, "dim_closure": 3066, "closure_rounds": 1, "one_in_closure": false, "dim_closure_old_only": 2793, "seconds": 0.1, "max_rss_mb": 15}
Exit 0; log: research/logs/augmented_php_degree_20260918_218-f097ea3291.output.txt
=== augmented_php_degree.py --N 6 --d 3 --blocks 2 (with old-only count)
{"N": 6, "d": 3, "blocks": [2], "affine": false, "seed": 1, "dim_T": 6262, "dim_base_NS": 3276, "dim_NS_with_companions": 3278, "dim_closure": 3278, "closure_rounds": 1, "one_in_closure": false, "dim_closure_old_only": 2793, "seconds": 0.1, "max_rss_mb": 15}
Exit 0; log: research/logs/augmented_php_degree_20260918_218-b85b74be3d.output.txt
=== augmented_php_degree.py --N 6 --d 3 --blocks 3 (with old-only count)
{"N": 6, "d": 3, "blocks": [3], "affine": false, "seed": 1, "dim_T": 7022, "dim_base_NS": 3528, "dim_NS_with_companions": 3531, "dim_closure": 3531, "closure_rounds": 1, "one_in_closure": false, "dim_closure_old_only": 2793, "seconds": 0.1, "max_rss_mb": 16}
Exit 0; log: research/logs/augmented_php_degree_20260918_218-3e567d3485.output.txt
=== augmented_php_degree.py --N 6 --d 3 --blocks 4 (with old-only count)
{"N": 6, "d": 3, "blocks": [4], "affine": false, "seed": 1, "dim_T": 7827, "dim_base_NS": 3787, "dim_NS_with_companions": 3791, "dim_closure": 3791, "closure_rounds": 1, "one_in_closure": false, "dim_closure_old_only": 2793, "seconds": 0.1, "max_rss_mb": 16}
Exit 0; log: research/logs/augmented_php_degree_20260918_218-8c787b8436.output.txt
=== augmented_php_degree.py --N 6 --d 3 --blocks 3,3,3 (with old-only count)
{"N": 6, "d": 3, "blocks": [3, 3, 3], "affine": false, "seed": 1, "dim_T": 12562, "dim_base_NS": 5187, "dim_NS_with_companions": 5196, "dim_closure": 5196, "closure_rounds": 1, "one_in_closure": false, "dim_closure_old_only": 2793, "seconds": 0.1, "max_rss_mb": 19}
Exit 0; log: research/logs/augmented_php_degree_20260918_218-5c14f062a4.output.txt
=== augmented_php_degree.py --N 6 --d 3 --blocks 1 --fake-control
{"N": 6, "d": 3, "blocks": [1], "affine": false, "seed": 1, "fake_control": true, "dim_T": 5546, "dim_base_NS": 3031, "dim_NS_with_companions": 3501, "dim_closure": 5076, "closure_rounds": 2, "one_in_closure": false, "dim_closure_old_only": 4403, "seconds": 0.1, "max_rss_mb": 16}
Exit 0; log: research/logs/augmented_php_degree_20260918_218-db0da9e07d.output.txt
