// ** SC is no standard basis
extra: x*y(2)*y(4)^2*r(3)*r(4)+x*y(2)*y(4)^2*r(4)^2
// ** SC is no standard basis
extra: x*y(2)*y(3)^2*r(3)*r(4)+x*y(2)*y(4)^2*r(4)^2
// ** SC is no standard basis
extra: x*y(3)*y(4)^2*r(2)*r(4)+x*y(3)*y(4)^2*r(4)^2
// ** SC is no standard basis
extra: x*y(2)^2*y(3)*r(2)*r(4)+x*y(3)*y(4)^2*r(4)^2
// ** SC is no standard basis
extra: y(2)*y(3)*y(4)^2*r(1)*r(4)+y(2)*y(3)*y(4)^2*r(4)^2
// ** SC is no standard basis
extra: x^2*y(2)*y(3)*r(1)*r(4)+y(2)*y(3)*y(4)^2*r(4)^2
// ** SC is no standard basis
extra: x*y(2)*y(3)*y(4)^2*r(4)
// ** SC is no standard basis
extra: x*y(2)^2*y(3)^2*r(4)
// ** SC is no standard basis
extra: x^2*y(2)*y(3)^2*r(4)
// ** SC is no standard basis
extra: x^2*y(2)^2*y(3)*r(4)
// ** SC is no standard basis
extra: x*y(2)*y(3)^2*r(3)^2-x*y(2)*y(4)^2*r(4)^2
// ** SC is no standard basis
extra: x*y(2)^2*r(2)^2*r(3)-x*y(3)^2*r(2)*r(3)^2-x*y(2)^2*r(2)^2*r(4)+x*y(3)^2*r(3)^2*r(4)+x*y(4)^2*r(2)*r(4)^2-x*y(4)^2*r(3)*r(4)^2
// ** SC is no standard basis
extra: x*y(3)^2*y(4)*r(2)*r(3)+x*y(3)^2*y(4)*r(3)^2
// ** SC is no standard basis
extra: x*y(2)^2*y(4)*r(2)*r(3)+x*y(3)^2*y(4)*r(3)^2
// ** SC is no standard basis
// ** SC is no standard basis
extra: x^2*y(2)*r(1)^2*r(3)-y(2)*y(3)^2*r(1)*r(3)^2-x^2*y(2)*r(1)^2*r(4)+y(2)*y(3)^2*r(3)^2*r(4)+y(2)*y(4)^2*r(1)*r(4)^2-y(2)*y(4)^2*r(3)*r(4)^2
// ** SC is no standard basis
extra: y(2)*y(3)^2*y(4)*r(1)*r(3)+y(2)*y(3)^2*y(4)*r(3)^2
// ** SC is no standard basis
extra: x^2*y(2)*y(4)*r(1)*r(3)+y(2)*y(3)^2*y(4)*r(3)^2
// ** SC is no standard basis
extra: x*y(2)^2*y(4)^2*r(3)
// ** SC is no standard basis
extra: x^2*y(2)*y(4)^2*r(3)
// ** SC is no standard basis
extra: x*y(2)*y(3)^2*y(4)*r(3)
// ** SC is no standard basis
extra: x^2*y(2)^2*y(4)*r(3)
// ** SC is no standard basis
// ** SC is no standard basis
// ** SC is no standard basis
extra: x*y(2)^2*y(4)*r(2)^2-x*y(3)^2*y(4)*r(3)^2
// ** SC is no standard basis
extra: x*y(2)^2*y(3)*r(2)^2-x*y(3)*y(4)^2*r(4)^2
// ** SC is no standard basis
extra: x^2*y(4)*r(1)^2*r(2)-y(2)^2*y(4)*r(1)*r(2)^2-x^2*y(4)*r(1)^2*r(3)+y(2)^2*y(4)*r(2)^2*r(3)+y(3)^2*y(4)*r(1)*r(3)^2-y(3)^2*y(4)*r(2)*r(3)^2
// ** SC is no standard basis
extra: x^2*y(3)*r(1)^2*r(2)-y(2)^2*y(3)*r(1)*r(2)^2-x^2*y(3)*r(1)^2*r(4)+y(2)^2*y(3)*r(2)^2*r(4)+y(3)*y(4)^2*r(1)*r(4)^2-y(3)*y(4)^2*r(2)*r(4)^2
// ** SC is no standard basis
extra: y(2)^2*y(3)*y(4)*r(1)*r(2)+y(2)^2*y(3)*y(4)*r(2)^2
// ** SC is no standard basis
extra: x^2*y(3)*y(4)*r(1)*r(2)+y(2)^2*y(3)*y(4)*r(2)^2
// ** SC is no standard basis
extra: x*y(3)^2*y(4)^2*r(2)
// ** SC is no standard basis
extra: x^2*y(3)*y(4)^2*r(2)
// ** SC is no standard basis
// ** SC is no standard basis
extra: x^2*y(3)^2*y(4)*r(2)
// ** SC is no standard basis
extra: x*y(2)^2*y(3)*y(4)*r(2)
// ** SC is no standard basis
// ** SC is no standard basis
extra: x^2*y(3)*y(4)*r(1)^2-y(2)^2*y(3)*y(4)*r(2)^2
// ** SC is no standard basis
extra: x^2*y(2)*y(4)*r(1)^2-y(2)*y(3)^2*y(4)*r(3)^2
// ** SC is no standard basis
extra: x^2*y(2)*y(3)*r(1)^2-y(2)*y(3)*y(4)^2*r(4)^2
// ** SC is no standard basis
extra: y(2)*y(3)^2*y(4)^2*r(1)
// ** SC is no standard basis
extra: y(2)^2*y(3)*y(4)^2*r(1)
// ** SC is no standard basis
extra: y(2)^2*y(3)^2*y(4)*r(1)
// ** SC is no standard basis
extra: x^2*y(2)*y(3)*y(4)*r(1)
// ** SC is no standard basis
extra: x*y(2)*y(3)^2*y(4)^2
// ** SC is no standard basis
extra: x*y(2)^2*y(3)*y(4)^2
// ** SC is no standard basis
extra: x^2*y(2)*y(3)*y(4)^2
// ** SC is no standard basis
extra: x*y(2)^2*y(3)^2*y(4)
// ** SC is no standard basis
extra: x^2*y(2)*y(3)^2*y(4)
// ** SC is no standard basis
extra: x^2*y(2)^2*y(3)*y(4)
count_extra_degree_6=44
