control peel a over x with empty far part, al=1:
// ** SRt is no standard basis
// ** SRt is no standard basis
// ** SRt is no standard basis
// ** SRt is no standard basis
// ** SRt is no standard basis
// ** SRt is no standard basis
// ** SRt is no standard basis
// ** SRt is no standard basis
// ** SRt is no standard basis
// ** SRt is no standard basis
// ** SRt is no standard basis
// ** SRt is no standard basis
// ** SRt is no standard basis
// ** SRt is no standard basis
// ** SRt is no standard basis
// ** SRt is no standard basis
// ** SRt is no standard basis
// ** SRt is no standard basis
// ** SRt is no standard basis
// ** SRt is no standard basis
// ** SRt is no standard basis
// ** SRt is no standard basis
  least_failure_degree=9 witness_terms=0
step1 peel a over x, al=1 (witness):
// ** SRt is no standard basis
// ** SRt is no standard basis
// ** SRt is no standard basis
// ** SRt is no standard basis
// ** SRt is no standard basis
// ** SRt is no standard basis
// ** SRt is no standard basis
// ** SRt is no standard basis
// ** SRt is no standard basis
// ** SRt is no standard basis
// ** SRt is no standard basis
// ** SRt is no standard basis
// ** SRt is no standard basis
// ** SRt is no standard basis
// ** SRt is no standard basis
// ** SRt is no standard basis
// ** SRt is no standard basis
// ** SRt is no standard basis
// ** SRt is no standard basis
// ** SRt is no standard basis
// ** SRt is no standard basis
// ** SRt is no standard basis
// ** SRt is no standard basis
// ** SRt is no standard basis
// ** SRt is no standard basis
// ** SRt is no standard basis
// ** SRt is no standard basis
// ** SRt is no standard basis
// ** SRt is no standard basis
// ** SRt is no standard basis
// ** SRt is no standard basis
// ** SRt is no standard basis
// ** SRt is no standard basis
// ** SRt is no standard basis
// ** SRt is no standard basis
// ** SRt is no standard basis
// ** SRt is no standard basis
// ** SRt is no standard basis
// ** SRt is no standard basis
// ** SRt is no standard basis
// ** SRt is no standard basis
// ** SRt is no standard basis
// ** SRt is no standard basis
// ** SRt is no standard basis
// ** SRt is no standard basis
// ** SRt is no standard basis
// ** SRt is no standard basis
// ** SRt is no standard basis
// ** SRt is no standard basis
// ** SRt is no standard basis
// ** SRt is no standard basis
// ** SRt is no standard basis
// ** SRt is no standard basis
// ** SRt is no standard basis
// ** SRt is no standard basis
// ** SRt is no standard basis
// ** SRt is no standard basis
// ** SRt is no standard basis
// ** SRt is no standard basis
// ** SRt is no standard basis
// ** SRt is no standard basis
// ** SRt is no standard basis
// ** SRt is no standard basis
// ** SRt is no standard basis
// ** SRt is no standard basis
// ** SRt is no standard basis
// ** SRt is no standard basis
// ** SRt is no standard basis
// ** SRt is no standard basis
// ** SRt is no standard basis
// ** SRt is no standard basis
// ** SRt is no standard basis
// ** SRt is no standard basis
// ** SRt is no standard basis
// ** SRt is no standard basis
// ** SRt is no standard basis
// ** SRt is no standard basis
// ** SRt is no standard basis
// ** SRt is no standard basis
// ** SRt is no standard basis
// ** SRt is no standard basis
// ** SRt is no standard basis
// ** SRt is no standard basis
// ** SRt is no standard basis
// ** SRt is no standard basis
// ** SRt is no standard basis
// ** SRt is no standard basis
// ** SRt is no standard basis
// ** SRt is no standard basis
// ** SRt is no standard basis
// ** SRt is no standard basis
// ** SRt is no standard basis
// ** SRt is no standard basis
  least_failure_degree=8 witness_terms=1
  witness: x^2*w^2*yb3*rb(1)*rb(2)*rc(3)
