=== --e 2 --w 1 --h 2 --labels 2 --seed 1
|Phi_e| = 45360, fillings per restriction 20, pairs 907200
Traceback (most recent call last):
  File "/home/kbr/dev/math/research/tools/check_pair_space_encoding.py", line 262, in <module>
    sys.exit(main())
  File "/home/kbr/dev/math/research/tools/check_pair_space_encoding.py", line 252, in main
    dec = decode(F, code)
  File "/home/kbr/dev/math/research/tools/check_pair_space_encoding.py", line 189, in decode
    code_labels = [code_assign_get(code_assign, r) for r in moved]
  File "/home/kbr/dev/math/research/tools/check_pair_space_encoding.py", line 189, in <listcomp>
    code_labels = [code_assign_get(code_assign, r) for r in moved]
  File "/home/kbr/dev/math/research/tools/check_pair_space_encoding.py", line 198, in code_assign_get
    raise KeyError(row)
KeyError: 7
Exit 1; log: research/logs/pair_space_decoder_20260918_207-191aecbeb2.output.txt
=== --e 2 --w 1 --h 3 --labels 1 --seed 2 --terms 7
|Phi_e| = 45360, fillings per restriction 20, pairs 907200
{"L": 3, "L2": 1, "n": 8, "N": 2, "e": 2, "w": 1, "h": 3, "seed": 2, "labels": 1, "X": [4], "pairs": 907200, "G": 604800, "bad": 0, "bad_G": 0, "rich_G": 0, "rich_offG": 0, "fail_G": 0, "fail_offG": 0, "max_height": 2}
Exit 0; log: research/logs/pair_space_decoder_20260918_207-3ef7ddd114.output.txt
=== --e 3 --w 2 --h 3 --labels 2 --seed 3
|Phi_e| = 10080, fillings per restriction 120, pairs 1209600
{"L": 3, "L2": 1, "n": 8, "N": 2, "e": 3, "w": 2, "h": 3, "seed": 3, "labels": 2, "X": [0, 6], "pairs": 1209600, "G": 241920, "bad": 0, "bad_G": 0, "rich_G": 0, "rich_offG": 0, "fail_G": 0, "fail_offG": 0, "max_height": 2}
Exit 0; log: research/logs/pair_space_decoder_20260918_207-2aa90465bf.output.txt
=== --e 2 --w 1 --h 2 --labels 0 --seed 4
|Phi_e| = 45360, fillings per restriction 20, pairs 907200
Traceback (most recent call last):
  File "/home/kbr/dev/math/research/tools/check_pair_space_encoding.py", line 262, in <module>
    sys.exit(main())
  File "/home/kbr/dev/math/research/tools/check_pair_space_encoding.py", line 252, in main
    dec = decode(F, code)
  File "/home/kbr/dev/math/research/tools/check_pair_space_encoding.py", line 189, in decode
    code_labels = [code_assign_get(code_assign, r) for r in moved]
  File "/home/kbr/dev/math/research/tools/check_pair_space_encoding.py", line 189, in <listcomp>
    code_labels = [code_assign_get(code_assign, r) for r in moved]
  File "/home/kbr/dev/math/research/tools/check_pair_space_encoding.py", line 198, in code_assign_get
    raise KeyError(row)
KeyError: 2
Exit 1; log: research/logs/pair_space_decoder_20260918_207-a76a44c178.output.txt
=== --e 2 --w 1 --h 3 --labels 2 --seed 5 --terms 8 --pinned-rows 4
|Phi_e| = 45360, fillings per restriction 20, pairs 907200
{"L": 3, "L2": 1, "n": 8, "N": 2, "e": 2, "w": 1, "h": 3, "seed": 5, "labels": 2, "X": [3, 5], "pairs": 907200, "G": 604800, "bad": 0, "bad_G": 0, "rich_G": 0, "rich_offG": 0, "fail_G": 0, "fail_offG": 0, "max_height": 2}
Exit 0; log: research/logs/pair_space_decoder_20260918_207-4198664ae5.output.txt
=== --e 3 --w 1 --h 3 --labels 1 --seed 6 --terms 7
|Phi_e| = 10080, fillings per restriction 120, pairs 1209600
{"L": 3, "L2": 1, "n": 8, "N": 2, "e": 3, "w": 1, "h": 3, "seed": 6, "labels": 1, "X": [7], "pairs": 1209600, "G": 1209600, "bad": 0, "bad_G": 0, "rich_G": 0, "rich_offG": 0, "fail_G": 0, "fail_offG": 0, "max_height": 2}
Exit 0; log: research/logs/pair_space_decoder_20260918_207-f6b5d53550.output.txt
done
=== rerun with N=4 after the decoder crash fix
=== --L2 2 --e 1 --w 1 --h 2 --labels 2 --seed 1
|Phi_e| = 2016, fillings per restriction 6, pairs 12096
{"L": 3, "L2": 2, "n": 8, "N": 4, "e": 1, "w": 1, "h": 2, "seed": 1, "labels": 2, "X": [6, 7], "pairs": 12096, "G": 12096, "bad": 11238, "bad_G": 11238, "rich_G": 9168, "rich_offG": 0, "fail_G": 240, "fail_offG": 0, "max_height": 2}
Exit 1; log: research/logs/pair_space_decoder_20260918_207-13074d1b7a.output.txt
=== --L2 2 --e 2 --w 1 --h 3 --labels 1 --seed 2 --terms 7
|Phi_e| = 432, fillings per restriction 42, pairs 18144
{"L": 3, "L2": 2, "n": 8, "N": 4, "e": 2, "w": 1, "h": 3, "seed": 2, "labels": 1, "X": [0], "pairs": 18144, "G": 9072, "bad": 5625, "bad_G": 516, "rich_G": 0, "rich_offG": 1806, "fail_G": 0, "fail_offG": 1257, "max_height": 3}
Exit 0; log: research/logs/pair_space_decoder_20260918_207-7d724c8af5.output.txt
=== --L2 2 --e 2 --w 1 --h 3 --labels 2 --seed 3
|Phi_e| = 432, fillings per restriction 42, pairs 18144
{"L": 3, "L2": 2, "n": 8, "N": 4, "e": 2, "w": 1, "h": 3, "seed": 3, "labels": 2, "X": [4, 7], "pairs": 18144, "G": 18144, "bad": 12408, "bad_G": 12408, "rich_G": 196, "rich_offG": 0, "fail_G": 190, "fail_offG": 0, "max_height": 3}
Exit 1; log: research/logs/pair_space_decoder_20260918_207-87ac6ad9e9.output.txt
=== --L2 2 --e 2 --w 1 --h 3 --labels 0 --seed 4
|Phi_e| = 432, fillings per restriction 42, pairs 18144
{"L": 3, "L2": 2, "n": 8, "N": 4, "e": 2, "w": 1, "h": 3, "seed": 4, "labels": 0, "X": [1, 2, 3, 4], "pairs": 18144, "G": 3024, "bad": 10570, "bad_G": 1316, "rich_G": 1080, "rich_offG": 4356, "fail_G": 150, "fail_offG": 1338, "max_height": 3}
Exit 1; log: research/logs/pair_space_decoder_20260918_207-ab0993934b.output.txt
=== --L2 2 --e 2 --w 2 --h 3 --labels 2 --seed 5 --terms 8 --pinned-rows 4
|Phi_e| = 432, fillings per restriction 42, pairs 18144
{"L": 3, "L2": 2, "n": 8, "N": 4, "e": 2, "w": 2, "h": 3, "seed": 5, "labels": 2, "X": [0, 2], "pairs": 18144, "G": 9072, "bad": 14513, "bad_G": 7024, "rich_G": 2658, "rich_offG": 4002, "fail_G": 1127, "fail_offG": 1543, "max_height": 3}
Exit 1; log: research/logs/pair_space_decoder_20260918_207-c322043684.output.txt
=== --L2 2 --e 2 --w 1 --h 3 --labels 1 --seed 6 --terms 7 --pinned-rows 6
|Phi_e| = 432, fillings per restriction 42, pairs 18144
{"L": 3, "L2": 2, "n": 8, "N": 4, "e": 2, "w": 1, "h": 3, "seed": 6, "labels": 1, "X": [5], "pairs": 18144, "G": 18144, "bad": 15922, "bad_G": 15922, "rich_G": 9900, "rich_offG": 0, "fail_G": 3857, "fail_offG": 0, "max_height": 3}
Exit 1; log: research/logs/pair_space_decoder_20260918_207-abf737281c.output.txt
=== rerun after accepting a satisfied-looking current term
=== --L2 2 --e 1 --w 1 --h 2 --labels 2 --seed 1
|Phi_e| = 2016, fillings per restriction 6, pairs 12096
{"L": 3, "L2": 2, "n": 8, "N": 4, "e": 1, "w": 1, "h": 2, "seed": 1, "labels": 2, "X": [6, 7], "pairs": 12096, "G": 12096, "bad": 11238, "bad_G": 11238, "rich_G": 9168, "rich_offG": 0, "fail_G": 0, "fail_offG": 0, "max_height": 2}
Exit 0; log: research/logs/pair_space_decoder_20260918_207-e8a5b112b4.output.txt
=== --L2 2 --e 2 --w 1 --h 3 --labels 1 --seed 2 --terms 7
|Phi_e| = 432, fillings per restriction 42, pairs 18144
{"L": 3, "L2": 2, "n": 8, "N": 4, "e": 2, "w": 1, "h": 3, "seed": 2, "labels": 1, "X": [0], "pairs": 18144, "G": 9072, "bad": 5625, "bad_G": 516, "rich_G": 0, "rich_offG": 1806, "fail_G": 0, "fail_offG": 1257, "max_height": 3}
Exit 0; log: research/logs/pair_space_decoder_20260918_207-4ce633c5e0.output.txt
=== --L2 2 --e 2 --w 1 --h 3 --labels 2 --seed 3
|Phi_e| = 432, fillings per restriction 42, pairs 18144
{"L": 3, "L2": 2, "n": 8, "N": 4, "e": 2, "w": 1, "h": 3, "seed": 3, "labels": 2, "X": [4, 7], "pairs": 18144, "G": 18144, "bad": 12408, "bad_G": 12408, "rich_G": 196, "rich_offG": 0, "fail_G": 0, "fail_offG": 0, "max_height": 3}
Exit 0; log: research/logs/pair_space_decoder_20260918_207-b0d07c7e47.output.txt
=== --L2 2 --e 2 --w 1 --h 3 --labels 0 --seed 4
|Phi_e| = 432, fillings per restriction 42, pairs 18144
{"L": 3, "L2": 2, "n": 8, "N": 4, "e": 2, "w": 1, "h": 3, "seed": 4, "labels": 0, "X": [1, 2, 3, 4], "pairs": 18144, "G": 3024, "bad": 10570, "bad_G": 1316, "rich_G": 1080, "rich_offG": 4356, "fail_G": 0, "fail_offG": 922, "max_height": 3}
Exit 0; log: research/logs/pair_space_decoder_20260918_207-bd4833817c.output.txt
=== --L2 2 --e 2 --w 2 --h 3 --labels 2 --seed 5 --terms 8 --pinned-rows 4
|Phi_e| = 432, fillings per restriction 42, pairs 18144
{"L": 3, "L2": 2, "n": 8, "N": 4, "e": 2, "w": 2, "h": 3, "seed": 5, "labels": 2, "X": [0, 2], "pairs": 18144, "G": 9072, "bad": 14513, "bad_G": 7024, "rich_G": 2658, "rich_offG": 4002, "fail_G": 0, "fail_offG": 478, "max_height": 3}
Exit 0; log: research/logs/pair_space_decoder_20260918_207-11f9e17a1c.output.txt
=== --L2 2 --e 2 --w 1 --h 3 --labels 1 --seed 6 --terms 7 --pinned-rows 6
|Phi_e| = 432, fillings per restriction 42, pairs 18144
{"L": 3, "L2": 2, "n": 8, "N": 4, "e": 2, "w": 1, "h": 3, "seed": 6, "labels": 1, "X": [5], "pairs": 18144, "G": 18144, "bad": 15922, "bad_G": 15922, "rich_G": 9900, "rich_offG": 0, "fail_G": 0, "fail_offG": 0, "max_height": 3}
Exit 0; log: research/logs/pair_space_decoder_20260918_207-006e7a12c6.output.txt
=== hole-always runs
=== --hole-always --L2 2 --e 1 --w 1 --h 2 --labels 2 --seed 1
|Phi_e| = 2016, fillings per restriction 6, pairs 12096
{"L": 3, "L2": 2, "n": 8, "N": 4, "e": 1, "w": 1, "h": 2, "seed": 1, "labels": 2, "hole_always": true, "X": [6, 7], "pairs": 12096, "G": 12096, "bad": 11460, "bad_G": 11460, "rich_G": 9732, "rich_offG": 0, "fail_G": 0, "fail_offG": 0, "max_height": 2}
Exit 0; log: research/logs/pair_space_decoder_20260918_207-94ab20f4f4.output.txt
=== --hole-always --L2 2 --e 2 --w 1 --h 3 --labels 2 --seed 3
|Phi_e| = 432, fillings per restriction 42, pairs 18144
{"L": 3, "L2": 2, "n": 8, "N": 4, "e": 2, "w": 1, "h": 3, "seed": 3, "labels": 2, "hole_always": true, "X": [4, 7], "pairs": 18144, "G": 18144, "bad": 14046, "bad_G": 14046, "rich_G": 212, "rich_offG": 0, "fail_G": 0, "fail_offG": 0, "max_height": 3}
Exit 0; log: research/logs/pair_space_decoder_20260918_207-24f5556259.output.txt
=== --hole-always --L2 2 --e 2 --w 1 --h 3 --labels 0 --seed 4
|Phi_e| = 432, fillings per restriction 42, pairs 18144
{"L": 3, "L2": 2, "n": 8, "N": 4, "e": 2, "w": 1, "h": 3, "seed": 4, "labels": 0, "hole_always": true, "X": [1, 2, 3, 4], "pairs": 18144, "G": 3024, "bad": 11241, "bad_G": 1433, "rich_G": 1172, "rich_offG": 4770, "fail_G": 0, "fail_offG": 895, "max_height": 3}
Exit 0; log: research/logs/pair_space_decoder_20260918_207-b7b09d1ced.output.txt
=== --hole-always --L2 2 --e 2 --w 2 --h 3 --labels 2 --seed 5 --terms 8 --pinned-rows 4
|Phi_e| = 432, fillings per restriction 42, pairs 18144
{"L": 3, "L2": 2, "n": 8, "N": 4, "e": 2, "w": 2, "h": 3, "seed": 5, "labels": 2, "hole_always": true, "X": [0, 2], "pairs": 18144, "G": 9072, "bad": 14772, "bad_G": 7028, "rich_G": 2744, "rich_offG": 4193, "fail_G": 0, "fail_offG": 637, "max_height": 3}
Exit 0; log: research/logs/pair_space_decoder_20260918_207-8a830ad9dd.output.txt
=== --hole-always --L2 2 --e 2 --w 1 --h 3 --labels 1 --seed 6 --terms 7 --pinned-rows 6
|Phi_e| = 432, fillings per restriction 42, pairs 18144
{"L": 3, "L2": 2, "n": 8, "N": 4, "e": 2, "w": 1, "h": 3, "seed": 6, "labels": 1, "hole_always": true, "X": [5], "pairs": 18144, "G": 18144, "bad": 15406, "bad_G": 15406, "rich_G": 9646, "rich_offG": 0, "fail_G": 0, "fail_offG": 0, "max_height": 3}
Exit 0; log: research/logs/pair_space_decoder_20260918_207-31a2f2dfc6.output.txt
=== --hole-always --L2 2 --e 2 --w 1 --h 4 --labels 2 --seed 7 --terms 8 --pinned-rows 5
|Phi_e| = 432, fillings per restriction 42, pairs 18144
{"L": 3, "L2": 2, "n": 8, "N": 4, "e": 2, "w": 1, "h": 4, "seed": 7, "labels": 2, "hole_always": true, "X": [4, 5], "pairs": 18144, "G": 9072, "bad": 3998, "bad_G": 1076, "rich_G": 370, "rich_offG": 1508, "fail_G": 0, "fail_offG": 216, "max_height": 4}
Exit 0; log: research/logs/pair_space_decoder_20260918_207-c89bbc89c9.output.txt
=== hole-always runs with --encoding entry (the entry's Section 2 encoding)
=== --hole-always --encoding entry --L2 2 --e 1 --w 1 --h 2 --labels 2 --seed 1
|Phi_e| = 2016, fillings per restriction 6, pairs 12096
Failed to stop mathcompute-job-d950e93de5384bd1934e41b4b3646d06.service: Unit mathcompute-job-d950e93de5384bd1934e41b4b3646d06.service not loaded.
Service stop returned nonzero; check the unit if cleanup is uncertain.
Exit 130; log: research/logs/pair_space_decoder_20260918_207-e67ef406e9.output.txt
(the first invocation above was aborted after ten minutes: the entry decoder could loop on a lost state off G; a no-progress guard was added and the batch rerun)
=== batch 3: --hole-always --encoding entry --fill-domain notail (the entry's pair space and encoding)
=== --hole-always --encoding entry --fill-domain notail --L2 2 --e 1 --w 1 --h 2 --labels 2 --seed 1
|Phi_e| = 2016, fillings per restriction at most 6, pairs at most 12096
{"L": 3, "L2": 2, "n": 8, "N": 4, "e": 1, "w": 1, "h": 2, "seed": 1, "labels": 2, "hole_always": true, "encoding": "entry", "fill_domain": "notail", "X": [6, 7], "pairs": 6720, "G": 6720, "bad": 6468, "bad_G": 6468, "rich_G": 5034, "rich_offG": 0, "fail_G": 0, "fail_offG": 0, "max_height": 2}
Exit 0; log: research/logs/pair_space_decoder_20260918_207-eca1f27e2c.output.txt
=== --hole-always --encoding entry --fill-domain notail --L2 2 --e 2 --w 1 --h 3 --labels 2 --seed 3
|Phi_e| = 432, fillings per restriction at most 42, pairs at most 18144
{"L": 3, "L2": 2, "n": 8, "N": 4, "e": 2, "w": 1, "h": 3, "seed": 3, "labels": 2, "hole_always": true, "encoding": "entry", "fill_domain": "notail", "X": [4, 7], "pairs": 5040, "G": 5040, "bad": 3864, "bad_G": 3864, "rich_G": 152, "rich_offG": 0, "fail_G": 0, "fail_offG": 0, "max_height": 3}
Exit 0; log: research/logs/pair_space_decoder_20260918_207-2764864284.output.txt
=== --hole-always --encoding entry --fill-domain notail --L2 2 --e 2 --w 1 --h 3 --labels 0 --seed 4
|Phi_e| = 432, fillings per restriction at most 42, pairs at most 18144
Traceback (most recent call last):
  File "/home/kbr/dev/math/research/tools/check_pair_space_encoding.py", line 366, in <module>
    sys.exit(main())
  File "/home/kbr/dev/math/research/tools/check_pair_space_encoding.py", line 354, in main
    dec = decode(F, code) if a.encoding == 'node' else decode_entry(F, code, Q)
  File "/home/kbr/dev/math/research/tools/check_pair_space_encoding.py", line 275, in decode_entry
    kind, k, last = betas[b]; b += 1
ValueError: not enough values to unpack (expected 3, got 2)
Exit 1; log: research/logs/pair_space_decoder_20260918_207-aab1c4fedd.output.txt
=== --hole-always --encoding entry --fill-domain notail --L2 2 --e 2 --w 2 --h 3 --labels 2 --seed 5 --terms 8 --pinned-rows 4
|Phi_e| = 432, fillings per restriction at most 42, pairs at most 18144
Traceback (most recent call last):
  File "/home/kbr/dev/math/research/tools/check_pair_space_encoding.py", line 366, in <module>
    sys.exit(main())
  File "/home/kbr/dev/math/research/tools/check_pair_space_encoding.py", line 354, in main
    dec = decode(F, code) if a.encoding == 'node' else decode_entry(F, code, Q)
  File "/home/kbr/dev/math/research/tools/check_pair_space_encoding.py", line 272, in decode_entry
    kind, has_moves = betas[b]; b += 1
ValueError: too many values to unpack (expected 2)
Exit 1; log: research/logs/pair_space_decoder_20260918_207-51aeccd80c.output.txt
=== --hole-always --encoding entry --fill-domain notail --L2 2 --e 2 --w 1 --h 3 --labels 1 --seed 6 --terms 7 --pinned-rows 6
|Phi_e| = 432, fillings per restriction at most 42, pairs at most 18144
{"L": 3, "L2": 2, "n": 8, "N": 4, "e": 2, "w": 1, "h": 3, "seed": 6, "labels": 1, "hole_always": true, "encoding": "entry", "fill_domain": "notail", "X": [5], "pairs": 7560, "G": 7560, "bad": 6984, "bad_G": 6984, "rich_G": 4762, "rich_offG": 0, "fail_G": 0, "fail_offG": 0, "max_height": 3}
Exit 0; log: research/logs/pair_space_decoder_20260918_207-9b5a04d6fa.output.txt
=== --hole-always --encoding entry --fill-domain notail --L2 2 --e 2 --w 1 --h 4 --labels 2 --seed 7 --terms 8 --pinned-rows 5
|Phi_e| = 432, fillings per restriction at most 42, pairs at most 18144
Traceback (most recent call last):
  File "/home/kbr/dev/math/research/tools/check_pair_space_encoding.py", line 366, in <module>
    sys.exit(main())
  File "/home/kbr/dev/math/research/tools/check_pair_space_encoding.py", line 354, in main
    dec = decode(F, code) if a.encoding == 'node' else decode_entry(F, code, Q)
  File "/home/kbr/dev/math/research/tools/check_pair_space_encoding.py", line 275, in decode_entry
    kind, k, last = betas[b]; b += 1
ValueError: not enough values to unpack (expected 3, got 2)
Exit 1; log: research/logs/pair_space_decoder_20260918_207-06ec1224f2.output.txt
=== --hole-always --encoding entry --fill-domain notail --L2 2 --e 2 --w 2 --h 4 --labels 3 --seed 8 --terms 9 --pinned-rows 4 --tail-rows 3
|Phi_e| = 432, fillings per restriction at most 42, pairs at most 18144
{"L": 3, "L2": 2, "n": 8, "N": 4, "e": 2, "w": 2, "h": 4, "seed": 8, "labels": 3, "hole_always": true, "encoding": "entry", "fill_domain": "notail", "X": [1, 6, 7], "pairs": 3024, "G": 504, "bad": 1635, "bad_G": 122, "rich_G": 0, "rich_offG": 154, "fail_G": 0, "fail_offG": 55, "max_height": 4}
Exit 0; log: research/logs/pair_space_decoder_20260918_207-1c34984cce.output.txt
=== negative controls for the entry encoding
=== --hole-always --encoding entry --fill-domain any --L2 2 --e 2 --w 1 --h 3 --labels 2 --seed 3
|Phi_e| = 432, fillings per restriction 42, pairs at most 18144
Traceback (most recent call last):
  File "/home/kbr/dev/math/research/tools/check_pair_space_encoding.py", line 366, in <module>
    sys.exit(main())
  File "/home/kbr/dev/math/research/tools/check_pair_space_encoding.py", line 354, in main
    dec = decode(F, code) if a.encoding == 'node' else decode_entry(F, code, Q)
  File "/home/kbr/dev/math/research/tools/check_pair_space_encoding.py", line 275, in decode_entry
    kind, k, last = betas[b]; b += 1
ValueError: not enough values to unpack (expected 3, got 2)
Exit 1; log: research/logs/pair_space_decoder_20260918_207-725ca5972a.output.txt
=== --encoding entry --fill-domain notail --L2 2 --e 2 --w 1 --h 3 --labels 2 --seed 3
|Phi_e| = 432, fillings per restriction at most 42, pairs at most 18144
{"L": 3, "L2": 2, "n": 8, "N": 4, "e": 2, "w": 1, "h": 3, "seed": 3, "labels": 2, "hole_always": false, "encoding": "entry", "fill_domain": "notail", "X": [4, 7], "pairs": 5040, "G": 5040, "bad": 3138, "bad_G": 3138, "rich_G": 136, "rich_offG": 0, "fail_G": 0, "fail_offG": 0, "max_height": 3}
Exit 0; log: research/logs/pair_space_decoder_20260918_207-5e78935921.output.txt
BATCH-DONE
=== batch 3 rerun of the four crashed invocations (a lost decoder raised ValueError; now counted as a failure)
=== --hole-always --encoding entry --fill-domain notail --L2 2 --e 2 --w 1 --h 3 --labels 0 --seed 4
|Phi_e| = 432, fillings per restriction at most 42, pairs at most 18144
{"L": 3, "L2": 2, "n": 8, "N": 4, "e": 2, "w": 1, "h": 3, "seed": 4, "labels": 0, "hole_always": true, "encoding": "entry", "fill_domain": "notail", "X": [1, 2, 3, 4], "pairs": 7560, "G": 1260, "bad": 4964, "bad_G": 672, "rich_G": 580, "rich_offG": 2135, "fail_G": 0, "fail_offG": 433, "max_height": 3}
Exit 0; log: research/logs/pair_space_decoder_20260918_207-dd0eafeac0.output.txt
=== --hole-always --encoding entry --fill-domain notail --L2 2 --e 2 --w 2 --h 3 --labels 2 --seed 5 --terms 8 --pinned-rows 4
|Phi_e| = 432, fillings per restriction at most 42, pairs at most 18144
{"L": 3, "L2": 2, "n": 8, "N": 4, "e": 2, "w": 2, "h": 3, "seed": 5, "labels": 2, "hole_always": true, "encoding": "entry", "fill_domain": "notail", "X": [0, 2], "pairs": 3024, "G": 1512, "bad": 2340, "bad_G": 1084, "rich_G": 432, "rich_offG": 713, "fail_G": 0, "fail_offG": 197, "max_height": 3}
Exit 0; log: research/logs/pair_space_decoder_20260918_207-677fdd3b2a.output.txt
=== --hole-always --encoding entry --fill-domain notail --L2 2 --e 2 --w 1 --h 4 --labels 2 --seed 7 --terms 8 --pinned-rows 5
|Phi_e| = 432, fillings per restriction at most 42, pairs at most 18144
{"L": 3, "L2": 2, "n": 8, "N": 4, "e": 2, "w": 1, "h": 4, "seed": 7, "labels": 2, "hole_always": true, "encoding": "entry", "fill_domain": "notail", "X": [4, 5], "pairs": 5040, "G": 2520, "bad": 912, "bad_G": 336, "rich_G": 114, "rich_offG": 300, "fail_G": 0, "fail_offG": 116, "max_height": 4}
Exit 0; log: research/logs/pair_space_decoder_20260918_207-0cf3587a84.output.txt
=== --hole-always --encoding entry --fill-domain any --L2 2 --e 2 --w 1 --h 3 --labels 2 --seed 3
|Phi_e| = 432, fillings per restriction 42, pairs at most 18144
{"L": 3, "L2": 2, "n": 8, "N": 4, "e": 2, "w": 1, "h": 3, "seed": 3, "labels": 2, "hole_always": true, "encoding": "entry", "fill_domain": "any", "X": [4, 7], "pairs": 18144, "G": 18144, "bad": 14046, "bad_G": 14046, "rich_G": 3062, "rich_offG": 0, "fail_G": 20, "fail_offG": 0, "max_height": 3}
Exit 1; log: research/logs/pair_space_decoder_20260918_207-a633515cf8.output.txt
=== batch 4: --hole-always --encoding entry --fill-domain notail --pin-test (pins at free labels resolved by the pin test; code labels avoid X)
=== --hole-always --encoding entry --fill-domain notail --pin-test --L2 2 --e 1 --w 1 --h 2 --labels 2 --seed 1
|Phi_e| = 2016, fillings per restriction at most 6, pairs at most 12096
{"L": 3, "L2": 2, "n": 8, "N": 4, "e": 1, "w": 1, "h": 2, "seed": 1, "labels": 2, "hole_always": true, "encoding": "entry", "fill_domain": "notail", "pin_test": true, "X": [6, 7], "pairs": 6720, "G": 6720, "bad": 6468, "bad_G": 6468, "rich_G": 5034, "rich_offG": 0, "fail_G": 0, "fail_offG": 0, "max_height": 2}
Exit 0; log: research/logs/pair_space_decoder_20260918_207-008bb7e711.output.txt
=== --hole-always --encoding entry --fill-domain notail --pin-test --L2 2 --e 2 --w 1 --h 3 --labels 2 --seed 3
|Phi_e| = 432, fillings per restriction at most 42, pairs at most 18144
{"L": 3, "L2": 2, "n": 8, "N": 4, "e": 2, "w": 1, "h": 3, "seed": 3, "labels": 2, "hole_always": true, "encoding": "entry", "fill_domain": "notail", "pin_test": true, "X": [4, 7], "pairs": 5040, "G": 5040, "bad": 3864, "bad_G": 3864, "rich_G": 152, "rich_offG": 0, "fail_G": 0, "fail_offG": 0, "max_height": 3}
Exit 0; log: research/logs/pair_space_decoder_20260918_207-04019cb1a5.output.txt
=== --hole-always --encoding entry --fill-domain notail --pin-test --L2 2 --e 2 --w 1 --h 3 --labels 0 --seed 4
|Phi_e| = 432, fillings per restriction at most 42, pairs at most 18144
{"L": 3, "L2": 2, "n": 8, "N": 4, "e": 2, "w": 1, "h": 3, "seed": 4, "labels": 0, "hole_always": true, "encoding": "entry", "fill_domain": "notail", "pin_test": true, "X": [1, 2, 3, 4], "pairs": 7560, "G": 1260, "bad": 4053, "bad_G": 672, "rich_G": 580, "rich_offG": 1006, "fail_G": 0, "fail_offG": 0, "max_height": 3}
Exit 0; log: research/logs/pair_space_decoder_20260918_207-55400c9ffb.output.txt
=== --hole-always --encoding entry --fill-domain notail --pin-test --L2 2 --e 2 --w 2 --h 3 --labels 2 --seed 5 --terms 8 --pinned-rows 4
|Phi_e| = 432, fillings per restriction at most 42, pairs at most 18144
{"L": 3, "L2": 2, "n": 8, "N": 4, "e": 2, "w": 2, "h": 3, "seed": 5, "labels": 2, "hole_always": true, "encoding": "entry", "fill_domain": "notail", "pin_test": true, "X": [0, 2], "pairs": 3024, "G": 1512, "bad": 2243, "bad_G": 1084, "rich_G": 432, "rich_offG": 78, "fail_G": 0, "fail_offG": 0, "max_height": 3}
Exit 0; log: research/logs/pair_space_decoder_20260918_207-36bd502f0a.output.txt
=== --hole-always --encoding entry --fill-domain notail --pin-test --L2 2 --e 2 --w 1 --h 3 --labels 1 --seed 6 --terms 7 --pinned-rows 6
|Phi_e| = 432, fillings per restriction at most 42, pairs at most 18144
{"L": 3, "L2": 2, "n": 8, "N": 4, "e": 2, "w": 1, "h": 3, "seed": 6, "labels": 1, "hole_always": true, "encoding": "entry", "fill_domain": "notail", "pin_test": true, "X": [5], "pairs": 7560, "G": 7560, "bad": 6984, "bad_G": 6984, "rich_G": 4762, "rich_offG": 0, "fail_G": 0, "fail_offG": 0, "max_height": 3}
Exit 0; log: research/logs/pair_space_decoder_20260918_207-5ec35a222b.output.txt
=== --hole-always --encoding entry --fill-domain notail --pin-test --L2 2 --e 2 --w 1 --h 4 --labels 2 --seed 7 --terms 8 --pinned-rows 5
|Phi_e| = 432, fillings per restriction at most 42, pairs at most 18144
{"L": 3, "L2": 2, "n": 8, "N": 4, "e": 2, "w": 1, "h": 4, "seed": 7, "labels": 2, "hole_always": true, "encoding": "entry", "fill_domain": "notail", "pin_test": true, "X": [4, 5], "pairs": 5040, "G": 2520, "bad": 588, "bad_G": 336, "rich_G": 114, "rich_offG": 0, "fail_G": 0, "fail_offG": 0, "max_height": 4}
Exit 0; log: research/logs/pair_space_decoder_20260918_207-986d319269.output.txt
=== --hole-always --encoding entry --fill-domain notail --pin-test --L2 2 --e 2 --w 2 --h 4 --labels 3 --seed 8 --terms 9 --pinned-rows 4 --tail-rows 3
|Phi_e| = 432, fillings per restriction at most 42, pairs at most 18144
{"L": 3, "L2": 2, "n": 8, "N": 4, "e": 2, "w": 2, "h": 4, "seed": 8, "labels": 3, "hole_always": true, "encoding": "entry", "fill_domain": "notail", "pin_test": true, "X": [1, 6, 7], "pairs": 3024, "G": 504, "bad": 999, "bad_G": 122, "rich_G": 0, "rich_offG": 0, "fail_G": 0, "fail_offG": 0, "max_height": 4}
Exit 0; log: research/logs/pair_space_decoder_20260918_207-ee7edfb2a8.output.txt
=== --hole-always --encoding entry --fill-domain notail --pin-test --L2 2 --e 2 --w 1 --h 3 --labels 3 --seed 9 --terms 8 --pinned-rows 4
|Phi_e| = 432, fillings per restriction at most 42, pairs at most 18144
{"L": 3, "L2": 2, "n": 8, "N": 4, "e": 2, "w": 1, "h": 3, "seed": 9, "labels": 3, "hole_always": true, "encoding": "entry", "fill_domain": "notail", "pin_test": true, "X": [0, 2, 4], "pairs": 3024, "G": 504, "bad": 2612, "bad_G": 432, "rich_G": 0, "rich_offG": 40, "fail_G": 0, "fail_offG": 0, "max_height": 3}
Exit 0; log: research/logs/pair_space_decoder_20260918_207-e853b6a1e0.output.txt
=== --hole-always --encoding entry --fill-domain notail --pin-test --L2 2 --e 2 --w 1 --h 3 --labels 0 --seed 10 --terms 7 --pinned-rows 5
|Phi_e| = 432, fillings per restriction at most 42, pairs at most 18144
{"L": 3, "L2": 2, "n": 8, "N": 4, "e": 2, "w": 1, "h": 3, "seed": 10, "labels": 0, "hole_always": true, "encoding": "entry", "fill_domain": "notail", "pin_test": true, "X": [2, 4, 5, 7], "pairs": 5040, "G": 840, "bad": 4285, "bad_G": 690, "rich_G": 520, "rich_offG": 795, "fail_G": 0, "fail_offG": 0, "max_height": 3}
Exit 0; log: research/logs/pair_space_decoder_20260918_207-dd08994f21.output.txt
BATCH4-DONE
